Archive member included because of file (symbol)

../common/drivers/LuminaryMicro/arm-none-eabi-gcc/libdriver.a(ethernet.o)
                              ethernet/ETHIsr.o (EthernetInitExpClk)
../common/drivers/LuminaryMicro/arm-none-eabi-gcc/libdriver.a(flash.o)
                              ethernet/ETHIsr.o (FlashUserGet)
../common/drivers/LuminaryMicro/arm-none-eabi-gcc/libdriver.a(gpio.o)
                              main.o (GPIODirModeSet)
../common/drivers/LuminaryMicro/arm-none-eabi-gcc/libdriver.a(interrupt.o)
                              ../common/drivers/LuminaryMicro/arm-none-eabi-gcc/libdriver.a(ethernet.o) (IntRegister)
../common/drivers/LuminaryMicro/arm-none-eabi-gcc/libdriver.a(ssi.o)
                              ../common/fatfs/mmc-ek-lm3s8962.o (SSIConfigSetExpClk)
../common/drivers/LuminaryMicro/arm-none-eabi-gcc/libdriver.a(sysctl.o)
                              main.o (SysCtlPeripheralPresent)
../common/drivers/LuminaryMicro/arm-none-eabi-gcc/libdriver.a(timer.o)
                              timertest.o (TimerEnable)
../common/drivers/LuminaryMicro/arm-none-eabi-gcc/libdriver.a(cpu.o)
                              ../common/drivers/LuminaryMicro/arm-none-eabi-gcc/libdriver.a(interrupt.o) (CPUcpsid)
/home/anzinger/openocd/arm-2009q1/bin/../lib/gcc/arm-none-eabi/4.3.3/../../../../arm-none-eabi/lib/thumb2/libc.a(lib_a-ctime.o)
                              main.o (ctime)
/home/anzinger/openocd/arm-2009q1/bin/../lib/gcc/arm-none-eabi/4.3.3/../../../../arm-none-eabi/lib/thumb2/libc.a(lib_a-lcltime.o)
                              /home/anzinger/openocd/arm-2009q1/bin/../lib/gcc/arm-none-eabi/4.3.3/../../../../arm-none-eabi/lib/thumb2/libc.a(lib_a-ctime.o) (localtime)
/home/anzinger/openocd/arm-2009q1/bin/../lib/gcc/arm-none-eabi/4.3.3/../../../../arm-none-eabi/lib/thumb2/libc.a(lib_a-lcltime_r.o)
                              /home/anzinger/openocd/arm-2009q1/bin/../lib/gcc/arm-none-eabi/4.3.3/../../../../arm-none-eabi/lib/thumb2/libc.a(lib_a-lcltime.o) (localtime_r)
/home/anzinger/openocd/arm-2009q1/bin/../lib/gcc/arm-none-eabi/4.3.3/../../../../arm-none-eabi/lib/thumb2/libc.a(lib_a-malloc.o)
                              ../common/ethernet/LMlwip/src/core/dhcp.o (free)
/home/anzinger/openocd/arm-2009q1/bin/../lib/gcc/arm-none-eabi/4.3.3/../../../../arm-none-eabi/lib/thumb2/libc.a(lib_a-mallocr.o)
                              /home/anzinger/openocd/arm-2009q1/bin/../lib/gcc/arm-none-eabi/4.3.3/../../../../arm-none-eabi/lib/thumb2/libc.a(lib_a-malloc.o) (_malloc_r)
/home/anzinger/openocd/arm-2009q1/bin/../lib/gcc/arm-none-eabi/4.3.3/../../../../arm-none-eabi/lib/thumb2/libc.a(lib_a-memcmp.o)
                              ../common/rtos/Source/tasks.o (memcmp)
/home/anzinger/openocd/arm-2009q1/bin/../lib/gcc/arm-none-eabi/4.3.3/../../../../arm-none-eabi/lib/thumb2/libc.a(lib_a-memcpy.o)
                              ../common/drivers/LuminaryMicro/ustdlib.o (memcpy)
/home/anzinger/openocd/arm-2009q1/bin/../lib/gcc/arm-none-eabi/4.3.3/../../../../arm-none-eabi/lib/thumb2/libc.a(lib_a-memset.o)
                              ../common/rtos/Source/tasks.o (memset)
/home/anzinger/openocd/arm-2009q1/bin/../lib/gcc/arm-none-eabi/4.3.3/../../../../arm-none-eabi/lib/thumb2/libc.a(lib_a-mktm_r.o)
                              /home/anzinger/openocd/arm-2009q1/bin/../lib/gcc/arm-none-eabi/4.3.3/../../../../arm-none-eabi/lib/thumb2/libc.a(lib_a-lcltime_r.o) (_mktm_r)
/home/anzinger/openocd/arm-2009q1/bin/../lib/gcc/arm-none-eabi/4.3.3/../../../../arm-none-eabi/lib/thumb2/libc.a(lib_a-mlock.o)
                              /home/anzinger/openocd/arm-2009q1/bin/../lib/gcc/arm-none-eabi/4.3.3/../../../../arm-none-eabi/lib/thumb2/libc.a(lib_a-mallocr.o) (__malloc_lock)
/home/anzinger/openocd/arm-2009q1/bin/../lib/gcc/arm-none-eabi/4.3.3/../../../../arm-none-eabi/lib/thumb2/libc.a(lib_a-sbrkr.o)
                              /home/anzinger/openocd/arm-2009q1/bin/../lib/gcc/arm-none-eabi/4.3.3/../../../../arm-none-eabi/lib/thumb2/libc.a(lib_a-mallocr.o) (_sbrk_r)
/home/anzinger/openocd/arm-2009q1/bin/../lib/gcc/arm-none-eabi/4.3.3/../../../../arm-none-eabi/lib/thumb2/libc.a(lib_a-strcat.o)
                              ../common/rtos/Source/tasks.o (strcat)
/home/anzinger/openocd/arm-2009q1/bin/../lib/gcc/arm-none-eabi/4.3.3/../../../../arm-none-eabi/lib/thumb2/libc.a(lib_a-strchr.o)
                              ../common/fatfs/SDcard.o (strchr)
/home/anzinger/openocd/arm-2009q1/bin/../lib/gcc/arm-none-eabi/4.3.3/../../../../arm-none-eabi/lib/thumb2/libc.a(lib_a-strcmp.o)
                              ../common/ethernet/LMlwip/src/core/dns.o (strcmp)
/home/anzinger/openocd/arm-2009q1/bin/../lib/gcc/arm-none-eabi/4.3.3/../../../../arm-none-eabi/lib/thumb2/libc.a(lib_a-strcpy.o)
                              ../common/ethernet/LMlwip/src/core/dns.o (strcpy)
/home/anzinger/openocd/arm-2009q1/bin/../lib/gcc/arm-none-eabi/4.3.3/../../../../arm-none-eabi/lib/thumb2/libc.a(lib_a-strlen.o)
[...]
Memory Configuration

Name             Origin             Length             Attributes
FLASH            0x00000000         0x00040000         xr
SRAM             0x20000000         0x00010000         xrw
*default*        0x00000000         0xffffffff

Linker script and memory map

LOAD main.o
LOAD timertest.o
LOAD ../common/drivers/LuminaryMicro/ustdlib.o
LOAD ../common/rtos/Source/list.o
LOAD ../common/rtos/Source/queue.o
LOAD ../common/rtos/Source/tasks.o
LOAD ../common/rtos/Source/portable/GCC/ARM_CM3/port.o
LOAD ../common/rtos/Source/portable/MemMang/heap_2.o
LOAD ../common/ethernet/LMlwip/src/core/sntp.o
LOAD ../common/ethernet/LMlwip/src/core/dhcp.o
LOAD ../common/ethernet/LMlwip/src/core/dns.o
LOAD ../common/ethernet/LMlwip/contrib/port/FreeRTOS/sys_arch.o
LOAD ../common/ethernet/LMlwip/src/core/stats.o
LOAD ../common/ethernet/LMlwip/src/core/netif.o
LOAD ../common/ethernet/LMlwip/src/core/pbuf.o
LOAD ../common/ethernet/LMlwip/src/core/ipv4/ip_frag.o
LOAD ../common/ethernet/LMlwip/src/core/ipv4/autoip.o
LOAD ../common/ethernet/LMlwip/src/core/ipv4/icmp.o
LOAD ../common/ethernet/LMlwip/src/core/ipv4/igmp.o
LOAD ../common/ethernet/LMlwip/src/core/ipv4/inet.o
LOAD ../common/ethernet/LMlwip/src/core/ipv4/inet_chksum.o
LOAD ../common/ethernet/LMlwip/src/core/ipv4/ip.o
LOAD ../common/ethernet/LMlwip/src/core/ipv4/ip_addr.o
LOAD ../common/ethernet/LMlwip/src/core/udp.o
LOAD ../common/ethernet/LMlwip/src/core/tcp_out.o
LOAD ../common/ethernet/LMlwip/src/core/tcp_in.o
LOAD ../common/ethernet/LMlwip/src/core/tcp.o
LOAD ../common/ethernet/LMlwip/src/core/init.o
LOAD ../common/ethernet/LMlwip/src/core/mem.o
LOAD ../common/ethernet/LMlwip/src/core/raw.o
LOAD ../common/ethernet/LMlwip/src/core/memp.o
LOAD ../common/ethernet/LMlwip/src/core/sys.o
LOAD ../common/ethernet/LMlwip/src/api/tcpip.o
LOAD ../common/ethernet/LMlwip/src/api/api_msg.o
LOAD ../common/ethernet/LMlwip/src/api/sockets.o
LOAD ../common/ethernet/LMlwip/src/api/netbuf.o
LOAD ../common/ethernet/LMlwip/src/api/api_lib.o
LOAD ../common/ethernet/LMlwip/src/netif/etharp.o
LOAD ../common/fatfs/ff.o
LOAD ../common/fatfs/mmc-ek-lm3s8962.o
LOAD ../common/fatfs/SDcard.o
LOAD ethernet/ETHIsr.o
LOAD ethernet/LWIPStack.o
LOAD httpd/lmi_fs.o
LOAD httpd/httpd.o
LOAD httpd/cgifuncs.o
LOAD httpd/netbios.o
LOAD startup.o
LOAD ../common/drivers/LuminaryMicro/arm-none-eabi-gcc/libdriver.a
LOAD ../common/drivers/LuminaryMicro/arm-none-eabi-gcc/libgr.a
START GROUP
LOAD /home/anzinger/openocd/arm-2009q1/bin/../lib/gcc/arm-none-eabi/4.3.3/thumb2/libgcc.a
LOAD /home/anzinger/openocd/arm-2009q1/bin/../lib/gcc/arm-none-eabi/4.3.3/../../../../arm-none-eabi/lib/thumb2/libc.a
END GROUP

.text           0x00000000    0x2a000
 *(.isr_vector)
 .isr_vector    0x00000000       0xf0 startup.o
                0x00000000                g_pfnVectors
 *(.text*)
 .text          0x000000f0        0x0 main.o
 .text.main     0x000000f0       0x6c main.o
                0x000000f0                main
 .text.prvSetupHardware
                0x0000015c       0x7c main.o
 .text.vApplicationTickHook
                0x000001d8        0xc main.o
                0x000001d8                vApplicationTickHook
 .text.vRealTimeClockTask
                0x000001e4       0x48 main.o
                0x000001e4                vRealTimeClockTask
 .text.vSetRealTimeClock
                0x0000022c       0x20 main.o
                0x0000022c                vSetRealTimeClock
 .text.get_dateandtime
                0x0000024c       0x2c main.o
                0x0000024c                get_dateandtime
 .text.vApplicationStackOverflowHook
                0x00000278       0x1c main.o
                0x00000278                vApplicationStackOverflowHook
 .text.LWIPDebug
                0x00000294       0x18 main.o
                0x00000294                LWIPDebug
 .text.__error__
                0x000002ac       0x24 main.o
                0x000002ac                __error__
 .text.NmiSRDebug
                0x000002d0       0x14 main.o
                0x000002d0                NmiSRDebug
 .text.IntDefaultHandlerDebug
                0x000002e4       0x14 main.o
                0x000002e4                IntDefaultHandlerDebug
 .text.hard_fault_handler_c
                0x000002f8      0x14c main.o
                0x000002f8                hard_fault_handler_c
 .text._sbrk    0x00000444       0x18 main.o
                0x00000444                _sbrk
 .text          0x0000045c        0x0 timertest.o
 .text.vSetupHighFrequencyTimer
                0x0000045c       0xc0 timertest.o
                0x0000045c                vSetupHighFrequencyTimer
 .text.Timer0IntHandler
                0x0000051c       0xa8 timertest.o
                0x0000051c                Timer0IntHandler
 .text          0x000005c4        0x0 ../common/drivers/LuminaryMicro/ustdlib.o
 .text.uvsnprintf
                0x000005c4      0x508 ../common/drivers/LuminaryMicro/ustdlib.o
                0x000005c4                uvsnprintf
 .text.usprintf
                0x00000acc       0x34 ../common/drivers/LuminaryMicro/ustdlib.o
                0x00000acc                usprintf
 .text.usnprintf
                0x00000b00       0x34 ../common/drivers/LuminaryMicro/ustdlib.o
                0x00000b00                usnprintf
 .text          0x00000b34        0x0 ../common/rtos/Source/list.o
 .text.vListInitialise
                0x00000b34       0x48 ../common/rtos/Source/list.o
                0x00000b34                vListInitialise
 .text.vListInitialiseItem
                0x00000b7c       0x1c ../common/rtos/Source/list.o
                0x00000b7c                vListInitialiseItem
 .text.vListInsertEnd
                0x00000b98       0x50 ../common/rtos/Source/list.o
                0x00000b98                vListInsertEnd
 .text.vListInsert
                0x00000be8       0x74 ../common/rtos/Source/list.o
                0x00000be8                vListInsert
 .text.vListRemove
                0x00000c5c       0x54 ../common/rtos/Source/list.o
                0x00000c5c                vListRemove
 .text          0x00000cb0        0x0 ../common/rtos/Source/queue.o
 .text.xQueueCreate
                0x00000cb0       0xd4 ../common/rtos/Source/queue.o
                0x00000cb0                xQueueCreate
 .text.xQueueCreateMutex
                0x00000d84       0x98 ../common/rtos/Source/queue.o
                0x00000d84                xQueueCreateMutex
 .text.xQueueGiveMutexRecursive
                0x00000e1c       0x58 ../common/rtos/Source/queue.o
                0x00000e1c                xQueueGiveMutexRecursive
 .text.xQueueTakeMutexRecursive
                0x00000e74       0x60 ../common/rtos/Source/queue.o
                0x00000e74                xQueueTakeMutexRecursive
 .text.xQueueCreateCountingSemaphore
                0x00000ed4       0x30 ../common/rtos/Source/queue.o
                0x00000ed4                xQueueCreateCountingSemaphore
 .text.xQueueGenericSend
                0x00000f04      0x124 ../common/rtos/Source/queue.o
                0x00000f04                xQueueGenericSend
 .text.xQueueGenericSendFromISR
                0x00001028       0x90 ../common/rtos/Source/queue.o
                0x00001028                xQueueGenericSendFromISR
 .text.xQueueGenericReceive
                0x000010b8      0x18c ../common/rtos/Source/queue.o
                0x000010b8                xQueueGenericReceive
 .text.xQueueReceiveFromISR
                0x00001244       0x94 ../common/rtos/Source/queue.o
                0x00001244                xQueueReceiveFromISR
 .text.uxQueueMessagesWaiting
                0x000012d8       0x24 ../common/rtos/Source/queue.o
                0x000012d8                uxQueueMessagesWaiting
 .text.uxQueueMessagesWaitingFromISR
                0x000012fc       0x1c ../common/rtos/Source/queue.o
                0x000012fc                uxQueueMessagesWaitingFromISR
 .text.vQueueDelete
                0x00001318       0x28 ../common/rtos/Source/queue.o
                0x00001318                vQueueDelete
 .text.prvCopyDataToQueue
                0x00001340       0xc4 ../common/rtos/Source/queue.o
 .text.prvCopyDataFromQueue
                0x00001404       0x50 ../common/rtos/Source/queue.o
 .text.prvUnlockQueue
                0x00001454       0x98 ../common/rtos/Source/queue.o
 .text.prvIsQueueEmpty
                0x000014ec       0x2c ../common/rtos/Source/queue.o
 .text.xQueueIsQueueEmptyFromISR
                0x00001518       0x24 ../common/rtos/Source/queue.o
                0x00001518                xQueueIsQueueEmptyFromISR
 .text.prvIsQueueFull
                0x0000153c       0x30 ../common/rtos/Source/queue.o
 .text.xQueueIsQueueFullFromISR
                0x0000156c       0x28 ../common/rtos/Source/queue.o
                0x0000156c                xQueueIsQueueFullFromISR
 .text.vQueueAddToRegistry
                0x00001594       0x64 ../common/rtos/Source/queue.o
                0x00001594                vQueueAddToRegistry
 .text.vQueueUnregisterQueue
                0x000015f8       0x54 ../common/rtos/Source/queue.o
 .text          0x0000164c        0x0 ../common/rtos/Source/tasks.o
 .text.xTaskGenericCreate
                0x0000164c      0x1b8 ../common/rtos/Source/tasks.o
                0x0000164c                xTaskGenericCreate
 .text.vTaskDelete
                0x00001804       0xc8 ../common/rtos/Source/tasks.o
                0x00001804                vTaskDelete
 .text.vTaskDelayUntil
                0x000018cc      0x10c ../common/rtos/Source/tasks.o
                0x000018cc                vTaskDelayUntil
 .text.vTaskDelay
                0x000019d8       0xb8 ../common/rtos/Source/tasks.o
                0x000019d8                vTaskDelay
 .text.uxTaskPriorityGet
                0x00001a90       0x40 ../common/rtos/Source/tasks.o
                0x00001a90                uxTaskPriorityGet
 .text.vTaskPrioritySet
                0x00001ad0      0x134 ../common/rtos/Source/tasks.o
                0x00001ad0                vTaskPrioritySet
 .text.vTaskSuspend
                0x00001c04       0x88 ../common/rtos/Source/tasks.o
                0x00001c04                vTaskSuspend
 .text.xTaskIsTaskSuspended
                0x00001c8c       0x50 ../common/rtos/Source/tasks.o
                0x00001c8c                xTaskIsTaskSuspended
 .text.vTaskResume
                0x00001cdc       0xac ../common/rtos/Source/tasks.o
                0x00001cdc                vTaskResume
 .text.xTaskResumeFromISR
                0x00001d88       0xc0 ../common/rtos/Source/tasks.o
                0x00001d88                xTaskResumeFromISR
 .text.vTaskStartScheduler
                0x00001e48       0x84 ../common/rtos/Source/tasks.o
                0x00001e48                vTaskStartScheduler
 .text.vTaskEndScheduler
                0x00001ecc       0x24 ../common/rtos/Source/tasks.o
                0x00001ecc                vTaskEndScheduler
 .text.vTaskSuspendAll
                0x00001ef0       0x24 ../common/rtos/Source/tasks.o
                0x00001ef0                vTaskSuspendAll
 .text.xTaskResumeAll
                0x00001f14      0x178 ../common/rtos/Source/tasks.o
                0x00001f14                xTaskResumeAll
 .text.xTaskGetTickCount
                0x0000208c       0x28 ../common/rtos/Source/tasks.o
                0x0000208c                xTaskGetTickCount
 .text.uxTaskGetNumberOfTasks
                0x000020b4       0x18 ../common/rtos/Source/tasks.o
                0x000020b4                uxTaskGetNumberOfTasks
 .text.vTaskList
                0x000020cc      0x130 ../common/rtos/Source/tasks.o
                0x000020cc                vTaskList
 .text.vTaskGetRunTimeStats
                0x000021fc      0x130 ../common/rtos/Source/tasks.o
                0x000021fc                vTaskGetRunTimeStats
 .text.vTaskStartTrace
                0x0000232c       0x54 ../common/rtos/Source/tasks.o
                0x0000232c                vTaskStartTrace
 .text.ulTaskEndTrace
                0x00002380       0x44 ../common/rtos/Source/tasks.o
                0x00002380                ulTaskEndTrace
 .text.vTaskIncrementTick
                0x000023c4      0x168 ../common/rtos/Source/tasks.o
                0x000023c4                vTaskIncrementTick
 .text.vTaskSwitchContext
                0x0000252c      0x24c ../common/rtos/Source/tasks.o
                0x0000252c                vTaskSwitchContext
 .text.vTaskPlaceOnEventList
                0x00002778       0xd4 ../common/rtos/Source/tasks.o
                0x00002778                vTaskPlaceOnEventList
 .text.xTaskRemoveFromEventList
                0x0000284c       0xd8 ../common/rtos/Source/tasks.o
                0x0000284c                xTaskRemoveFromEventList
 .text.vTaskSetTimeOutState
                0x00002924       0x30 ../common/rtos/Source/tasks.o
                0x00002924                vTaskSetTimeOutState
 .text.xTaskCheckForTimeOut
                0x00002954       0xa8 ../common/rtos/Source/tasks.o
                0x00002954                xTaskCheckForTimeOut
 .text.vTaskMissedYield
                0x000029fc       0x18 ../common/rtos/Source/tasks.o
                0x000029fc                vTaskMissedYield
 .text.prvIdleTask
                0x00002a14       0x10 ../common/rtos/Source/tasks.o
 .text.prvInitialiseTCBVariables
                0x00002a24       0x84 ../common/rtos/Source/tasks.o
 .text.prvInitialiseTaskLists
                0x00002aa8       0xa4 ../common/rtos/Source/tasks.o
 .text.prvCheckTasksWaitingTermination
                0x00002b4c       0xb0 ../common/rtos/Source/tasks.o
 .text.prvAllocateTCBAndStack
                0x00002bfc       0x6c ../common/rtos/Source/tasks.o
 .text.prvListTaskWithinSingleList
                0x00002c68       0xcc ../common/rtos/Source/tasks.o
 .text.prvGenerateRunTimeStatsForTasksInList
                0x00002d34      0x114 ../common/rtos/Source/tasks.o
 .text.usTaskCheckFreeStackSpace
                0x00002e48       0x44 ../common/rtos/Source/tasks.o
 .text.uxTaskGetStackHighWaterMark
                0x00002e8c       0x40 ../common/rtos/Source/tasks.o
                0x00002e8c                uxTaskGetStackHighWaterMark
 .text.prvDeleteTCB
                0x00002ecc       0x20 ../common/rtos/Source/tasks.o
 .text.xTaskGetCurrentTaskHandle
                0x00002eec       0x20 ../common/rtos/Source/tasks.o
                0x00002eec                xTaskGetCurrentTaskHandle
 .text.vTaskPriorityInherit
                0x00002f0c       0xd8 ../common/rtos/Source/tasks.o
                0x00002f0c                vTaskPriorityInherit
 .text.vTaskPriorityDisinherit
                0x00002fe4       0x90 ../common/rtos/Source/tasks.o
                0x00002fe4                vTaskPriorityDisinherit
 .text          0x00003074        0x0 ../common/rtos/Source/portable/GCC/ARM_CM3/port.o
 .text.pxPortInitialiseStack
                0x00003074       0x58 ../common/rtos/Source/portable/GCC/ARM_CM3/port.o
                0x00003074                pxPortInitialiseStack
 .text.vPortSVCHandler
                0x000030cc       0x20 ../common/rtos/Source/portable/GCC/ARM_CM3/port.o
                0x000030cc                vPortSVCHandler
 .text.vPortStartFirstTask
                0x000030ec       0x10 ../common/rtos/Source/portable/GCC/ARM_CM3/port.o
                0x000030ec                vPortStartFirstTask
 .text.xPortStartScheduler
                0x000030fc       0x54 ../common/rtos/Source/portable/GCC/ARM_CM3/port.o
                0x000030fc                xPortStartScheduler
 .text.vPortEndScheduler
                0x00003150        0xc ../common/rtos/Source/portable/GCC/ARM_CM3/port.o
                0x00003150                vPortEndScheduler
 .text.vPortYieldFromISR
                0x0000315c       0x18 ../common/rtos/Source/portable/GCC/ARM_CM3/port.o
                0x0000315c                vPortYieldFromISR
 .text.vPortEnterCritical
                0x00003174       0x2c ../common/rtos/Source/portable/GCC/ARM_CM3/port.o
                0x00003174                vPortEnterCritical
 .text.vPortExitCritical
                0x000031a0       0x38 ../common/rtos/Source/portable/GCC/ARM_CM3/port.o
                0x000031a0                vPortExitCritical
 .text.xPortPendSVHandler
                0x000031d8       0x3c ../common/rtos/Source/portable/GCC/ARM_CM3/port.o
                0x000031d8                xPortPendSVHandler
 .text.xPortSysTickHandler
                0x00003214       0x38 ../common/rtos/Source/portable/GCC/ARM_CM3/port.o
                0x00003214                xPortSysTickHandler
 .text.prvSetupTimerInterrupt
                0x0000324c       0x28 ../common/rtos/Source/portable/GCC/ARM_CM3/port.o
 .text          0x00003274        0x0 ../common/rtos/Source/portable/MemMang/heap_2.o
 .text.pvPortMalloc
                0x00003274      0x1c4 ../common/rtos/Source/portable/MemMang/heap_2.o
                0x00003274                pvPortMalloc
 .text.vPortFree
                0x00003438       0x88 ../common/rtos/Source/portable/MemMang/heap_2.o
                0x00003438                vPortFree
 .text.xPortGetFreeHeapSize
                0x000034c0       0x18 ../common/rtos/Source/portable/MemMang/heap_2.o
                0x000034c0                xPortGetFreeHeapSize
 .text.vPortInitialiseBlocks
                0x000034d8        0xc ../common/rtos/Source/portable/MemMang/heap_2.o
                0x000034d8                vPortInitialiseBlocks
 .text          0x000034e4        0x0 ../common/ethernet/LMlwip/src/core/sntp.o
 .text.sntp_process
                0x000034e4       0x18 ../common/ethernet/LMlwip/src/core/sntp.o
 .text.sntp_request
                0x000034fc      0x1d0 ../common/ethernet/LMlwip/src/core/sntp.o
 .text.sntp_server_found
                0x000036cc       0xa0 ../common/ethernet/LMlwip/src/core/sntp.o
 .text.sntp_thread
                0x0000376c       0x44 ../common/ethernet/LMlwip/src/core/sntp.o
 .text.sntp_init
                0x000037b0       0x38 ../common/ethernet/LMlwip/src/core/sntp.o
                0x000037b0                sntp_init
 .text          0x000037e8        0x0 ../common/ethernet/LMlwip/src/core/dhcp.o
 .text.dhcp_handle_nak
                0x000037e8       0x5c ../common/ethernet/LMlwip/src/core/dhcp.o
 .text.dhcp_check
                0x00003844       0x74 ../common/ethernet/LMlwip/src/core/dhcp.o
 .text.dhcp_handle_offer
                0x000038b8       0x8c ../common/ethernet/LMlwip/src/core/dhcp.o
 .text.dhcp_select
                0x00003944      0x1a0 ../common/ethernet/LMlwip/src/core/dhcp.o
 .text.dhcp_coarse_tmr
                0x00003ae4       0x78 ../common/ethernet/LMlwip/src/core/dhcp.o
                0x00003ae4                dhcp_coarse_tmr
 .text.dhcp_fine_tmr
                0x00003b5c       0x68 ../common/ethernet/LMlwip/src/core/dhcp.o
                0x00003b5c                dhcp_fine_tmr
 .text.dhcp_timeout
                0x00003bc4       0xa8 ../common/ethernet/LMlwip/src/core/dhcp.o
 .text.dhcp_t1_timeout
                0x00003c6c       0x34 ../common/ethernet/LMlwip/src/core/dhcp.o
 .text.dhcp_t2_timeout
                0x00003ca0       0x34 ../common/ethernet/LMlwip/src/core/dhcp.o
 .text.dhcp_handle_ack
                0x00003cd4      0x240 ../common/ethernet/LMlwip/src/core/dhcp.o
 .text.dhcp_start
                0x00003f14      0x11c ../common/ethernet/LMlwip/src/core/dhcp.o
                0x00003f14                dhcp_start
 .text.dhcp_inform
                0x00004030      0x158 ../common/ethernet/LMlwip/src/core/dhcp.o
                0x00004030                dhcp_inform
 .text.dhcp_arp_reply
                0x00004188       0x60 ../common/ethernet/LMlwip/src/core/dhcp.o
                0x00004188                dhcp_arp_reply
 .text.dhcp_decline
                0x000041e8      0x128 ../common/ethernet/LMlwip/src/core/dhcp.o
 .text.dhcp_discover
                0x00004310      0x190 ../common/ethernet/LMlwip/src/core/dhcp.o
 .text.dhcp_bind
                0x000044a0      0x1a8 ../common/ethernet/LMlwip/src/core/dhcp.o
 .text.dhcp_renew
                0x00004648      0x120 ../common/ethernet/LMlwip/src/core/dhcp.o
                0x00004648                dhcp_renew
 .text.dhcp_rebind
                0x00004768      0x124 ../common/ethernet/LMlwip/src/core/dhcp.o
 .text.dhcp_release
                0x0000488c      0x184 ../common/ethernet/LMlwip/src/core/dhcp.o
                0x0000488c                dhcp_release
 .text.dhcp_stop
                0x00004a10       0x6c ../common/ethernet/LMlwip/src/core/dhcp.o
                0x00004a10                dhcp_stop
 .text.dhcp_set_state
                0x00004a7c       0x30 ../common/ethernet/LMlwip/src/core/dhcp.o
 .text.dhcp_option
                0x00004aac       0x54 ../common/ethernet/LMlwip/src/core/dhcp.o
 .text.dhcp_option_byte
                0x00004b00       0x34 ../common/ethernet/LMlwip/src/core/dhcp.o
 .text.dhcp_option_short
                0x00004b34       0x58 ../common/ethernet/LMlwip/src/core/dhcp.o
 .text.dhcp_option_long
                0x00004b8c       0xa0 ../common/ethernet/LMlwip/src/core/dhcp.o
 .text.dhcp_unfold_reply
                0x00004c2c       0xf0 ../common/ethernet/LMlwip/src/core/dhcp.o
 .text.dhcp_free_reply
                0x00004d1c       0x4c ../common/ethernet/LMlwip/src/core/dhcp.o
 .text.dhcp_recv
                0x00004d68      0x190 ../common/ethernet/LMlwip/src/core/dhcp.o
 .text.dhcp_create_request
                0x00004ef8      0x310 ../common/ethernet/LMlwip/src/core/dhcp.o
 .text.dhcp_delete_request
                0x00005208       0x44 ../common/ethernet/LMlwip/src/core/dhcp.o
 .text.dhcp_option_trailer
                0x0000524c       0x6c ../common/ethernet/LMlwip/src/core/dhcp.o
 .text.dhcp_get_option_ptr
                0x000052b8      0x154 ../common/ethernet/LMlwip/src/core/dhcp.o
 .text.dhcp_get_option_byte
                0x0000540c       0x18 ../common/ethernet/LMlwip/src/core/dhcp.o
 .text.dhcp_get_option_long
                0x00005424       0x70 ../common/ethernet/LMlwip/src/core/dhcp.o
 .text          0x00005494        0x0 ../common/ethernet/LMlwip/src/core/dns.o
 .text.dns_init
                0x00005494       0x94 ../common/ethernet/LMlwip/src/core/dns.o
                0x00005494                dns_init
 .text.dns_setserver
                0x00005528       0x78 ../common/ethernet/LMlwip/src/core/dns.o
                0x00005528                dns_setserver
 .text.dns_getserver
                0x000055a0       0x74 ../common/ethernet/LMlwip/src/core/dns.o
                0x000055a0                dns_getserver
 .text.dns_tmr  0x00005614       0x1c ../common/ethernet/LMlwip/src/core/dns.o
                0x00005614                dns_tmr
 .text.dns_lookup
                0x00005630       0x9c ../common/ethernet/LMlwip/src/core/dns.o
 .text.dns_compare_name
                0x000056cc       0x7c ../common/ethernet/LMlwip/src/core/dns.o
 .text.dns_parse_name
                0x00005748       0x54 ../common/ethernet/LMlwip/src/core/dns.o
 .text.dns_send
                0x0000579c      0x238 ../common/ethernet/LMlwip/src/core/dns.o
 .text.dns_check_entry
                0x000059d4      0x19c ../common/ethernet/LMlwip/src/core/dns.o
 .text.dns_check_entries
                0x00005b70       0x2c ../common/ethernet/LMlwip/src/core/dns.o
 .text.dns_recv
                0x00005b9c      0x29c ../common/ethernet/LMlwip/src/core/dns.o
 .text.dns_enqueue
                0x00005e38      0x134 ../common/ethernet/LMlwip/src/core/dns.o
 .text.dns_gethostbyname
                0x00005f6c      0x16c ../common/ethernet/LMlwip/src/core/dns.o
                0x00005f6c                dns_gethostbyname
 .text          0x000060d8        0x0 ../common/ethernet/LMlwip/contrib/port/FreeRTOS/sys_arch.o
 .text.sys_mbox_new
                0x000060d8       0x24 ../common/ethernet/LMlwip/contrib/port/FreeRTOS/sys_arch.o
                0x000060d8                sys_mbox_new
 .text.sys_mbox_free
                0x000060fc       0x1c ../common/ethernet/LMlwip/contrib/port/FreeRTOS/sys_arch.o
                0x000060fc                sys_mbox_free
 .text.sys_mbox_post
                0x00006118       0x2c ../common/ethernet/LMlwip/contrib/port/FreeRTOS/sys_arch.o
                0x00006118                sys_mbox_post
 .text.sys_mbox_trypost
                0x00006144       0x40 ../common/ethernet/LMlwip/contrib/port/FreeRTOS/sys_arch.o
                0x00006144                sys_mbox_trypost
 .text.sys_arch_mbox_fetch
                0x00006184       0x9c ../common/ethernet/LMlwip/contrib/port/FreeRTOS/sys_arch.o
                0x00006184                sys_arch_mbox_fetch
 .text.sys_arch_mbox_tryfetch
                0x00006220       0x48 ../common/ethernet/LMlwip/contrib/port/FreeRTOS/sys_arch.o
                0x00006220                sys_arch_mbox_tryfetch
 .text.sys_sem_new
                0x00006268       0x68 ../common/ethernet/LMlwip/contrib/port/FreeRTOS/sys_arch.o
                0x00006268                sys_sem_new
 .text.sys_arch_sem_wait
                0x000062d0       0x88 ../common/ethernet/LMlwip/contrib/port/FreeRTOS/sys_arch.o
                0x000062d0                sys_arch_sem_wait
 .text.sys_sem_signal
                0x00006358       0x24 ../common/ethernet/LMlwip/contrib/port/FreeRTOS/sys_arch.o
                0x00006358                sys_sem_signal
 .text.sys_sem_free
                0x0000637c       0x18 ../common/ethernet/LMlwip/contrib/port/FreeRTOS/sys_arch.o
                0x0000637c                sys_sem_free
 .text.sys_init
                0x00006394       0x5c ../common/ethernet/LMlwip/contrib/port/FreeRTOS/sys_arch.o
                0x00006394                sys_init
 .text.sys_arch_timeouts
                0x000063f0       0x64 ../common/ethernet/LMlwip/contrib/port/FreeRTOS/sys_arch.o
                0x000063f0                sys_arch_timeouts
 .text.sys_thread_new
                0x00006454       0x9c ../common/ethernet/LMlwip/contrib/port/FreeRTOS/sys_arch.o
                0x00006454                sys_thread_new
 .text.sys_arch_protect
                0x000064f0       0x14 ../common/ethernet/LMlwip/contrib/port/FreeRTOS/sys_arch.o
                0x000064f0                sys_arch_protect
 .text.sys_arch_unprotect
                0x00006504       0x18 ../common/ethernet/LMlwip/contrib/port/FreeRTOS/sys_arch.o
                0x00006504                sys_arch_unprotect
 .text.sys_assert
                0x0000651c       0x10 ../common/ethernet/LMlwip/contrib/port/FreeRTOS/sys_arch.o
                0x0000651c                sys_assert
 .text          0x0000652c        0x0 ../common/ethernet/LMlwip/src/core/stats.o
 .text          0x0000652c        0x0 ../common/ethernet/LMlwip/src/core/netif.o
 .text.netif_add
                0x0000652c       0xb4 ../common/ethernet/LMlwip/src/core/netif.o
                0x0000652c                netif_add
 .text.netif_set_addr
                0x000065e0       0x30 ../common/ethernet/LMlwip/src/core/netif.o
                0x000065e0                netif_set_addr
 .text.netif_remove
                0x00006610       0x84 ../common/ethernet/LMlwip/src/core/netif.o
                0x00006610                netif_remove
 .text.netif_find
                0x00006694       0x84 ../common/ethernet/LMlwip/src/core/netif.o
                0x00006694                netif_find
 .text.netif_set_ipaddr
                0x00006718      0x11c ../common/ethernet/LMlwip/src/core/netif.o
                0x00006718                netif_set_ipaddr
 .text.netif_set_gw
                0x00006834       0x4c ../common/ethernet/LMlwip/src/core/netif.o
                0x00006834                netif_set_gw
 .text.netif_set_netmask
                0x00006880       0x4c ../common/ethernet/LMlwip/src/core/netif.o
                0x00006880                netif_set_netmask
 .text.netif_set_default
                0x000068cc       0x20 ../common/ethernet/LMlwip/src/core/netif.o
                0x000068cc                netif_set_default
 .text.netif_set_up
                0x000068ec       0x50 ../common/ethernet/LMlwip/src/core/netif.o
                0x000068ec                netif_set_up
 .text.netif_set_down
                0x0000693c       0x34 ../common/ethernet/LMlwip/src/core/netif.o
                0x0000693c                netif_set_down
 .text.netif_is_up
                0x00006970       0x20 ../common/ethernet/LMlwip/src/core/netif.o
                0x00006970                netif_is_up
 .text          0x00006990        0x0 ../common/ethernet/LMlwip/src/core/pbuf.o
 .text.pbuf_alloc
                0x00006990      0x268 ../common/ethernet/LMlwip/src/core/pbuf.o
                0x00006990                pbuf_alloc
 .text.pbuf_realloc
                0x00006bf8       0xb0 ../common/ethernet/LMlwip/src/core/pbuf.o
                0x00006bf8                pbuf_realloc
 .text.pbuf_header
                0x00006ca8      0x104 ../common/ethernet/LMlwip/src/core/pbuf.o
                0x00006ca8                pbuf_header
 .text.pbuf_free
                0x00006dac       0xc4 ../common/ethernet/LMlwip/src/core/pbuf.o
                0x00006dac                pbuf_free
 .text.pbuf_clen
                0x00006e70       0x34 ../common/ethernet/LMlwip/src/core/pbuf.o
                0x00006e70                pbuf_clen
 .text.pbuf_ref
                0x00006ea4       0x34 ../common/ethernet/LMlwip/src/core/pbuf.o
                0x00006ea4                pbuf_ref
 .text.pbuf_cat
                0x00006ed8       0x5c ../common/ethernet/LMlwip/src/core/pbuf.o
                0x00006ed8                pbuf_cat
 .text.pbuf_chain
                0x00006f34       0x20 ../common/ethernet/LMlwip/src/core/pbuf.o
                0x00006f34                pbuf_chain
 .text.pbuf_dechain
                0x00006f54       0x64 ../common/ethernet/LMlwip/src/core/pbuf.o
                0x00006f54                pbuf_dechain
 .text.pbuf_copy
                0x00006fb8      0x124 ../common/ethernet/LMlwip/src/core/pbuf.o
                0x00006fb8                pbuf_copy
 .text.pbuf_copy_partial
                0x000070dc       0xe8 ../common/ethernet/LMlwip/src/core/pbuf.o
                0x000070dc                pbuf_copy_partial
 .text          0x000071c4        0x0 ../common/ethernet/LMlwip/src/core/ipv4/ip_frag.o
 .text          0x000071c4        0x0 ../common/ethernet/LMlwip/src/core/ipv4/autoip.o
 .text          0x000071c4        0x0 ../common/ethernet/LMlwip/src/core/ipv4/icmp.o
 .text.icmp_input
                0x000071c4      0x4d4 ../common/ethernet/LMlwip/src/core/ipv4/icmp.o
                0x000071c4                icmp_input
 .text.icmp_dest_unreach
                0x00007698      0x17c ../common/ethernet/LMlwip/src/core/ipv4/icmp.o
                0x00007698                icmp_dest_unreach
 .text          0x00007814        0x0 ../common/ethernet/LMlwip/src/core/ipv4/igmp.o
 .text          0x00007814        0x0 ../common/ethernet/LMlwip/src/core/ipv4/inet.o
 .text.inet_addr
                0x00007814       0x34 ../common/ethernet/LMlwip/src/core/ipv4/inet.o
                0x00007814                inet_addr
 .text.inet_aton
                0x00007848      0x28c ../common/ethernet/LMlwip/src/core/ipv4/inet.o
                0x00007848                inet_aton
 .text.inet_ntoa
                0x00007ad4      0x10c ../common/ethernet/LMlwip/src/core/ipv4/inet.o
                0x00007ad4                inet_ntoa
 .text.htons    0x00007be0       0x30 ../common/ethernet/LMlwip/src/core/ipv4/inet.o
                0x00007be0                htons
 .text.ntohs    0x00007c10       0x20 ../common/ethernet/LMlwip/src/core/ipv4/inet.o
                0x00007c10                ntohs
 .text.htonl    0x00007c30       0x40 ../common/ethernet/LMlwip/src/core/ipv4/inet.o
                0x00007c30                htonl
 .text.ntohl    0x00007c70       0x1c ../common/ethernet/LMlwip/src/core/ipv4/inet.o
                0x00007c70                ntohl
 .text          0x00007c8c        0x0 ../common/ethernet/LMlwip/src/core/ipv4/inet_chksum.o
 .text.lwip_standard_chksum
                0x00007c8c       0xbc ../common/ethernet/LMlwip/src/core/ipv4/inet_chksum.o
 .text.inet_chksum_pseudo
                0x00007d48      0x1d0 ../common/ethernet/LMlwip/src/core/ipv4/inet_chksum.o
                0x00007d48                inet_chksum_pseudo
 .text.inet_chksum_pseudo_partial
                0x00007f18      0x1f0 ../common/ethernet/LMlwip/src/core/ipv4/inet_chksum.o
                0x00007f18                inet_chksum_pseudo_partial
 .text.inet_chksum
                0x00008108       0x50 ../common/ethernet/LMlwip/src/core/ipv4/inet_chksum.o
                0x00008108                inet_chksum
 .text.inet_chksum_pbuf
                0x00008158       0xbc ../common/ethernet/LMlwip/src/core/ipv4/inet_chksum.o
                0x00008158                inet_chksum_pbuf
 .text          0x00008214        0x0 ../common/ethernet/LMlwip/src/core/ipv4/ip.o
 .text.ip_route
                0x00008214       0xb0 ../common/ethernet/LMlwip/src/core/ipv4/ip.o
                0x00008214                ip_route
 .text.ip_input
                0x000082c4      0x34c ../common/ethernet/LMlwip/src/core/ipv4/ip.o
                0x000082c4                ip_input
 .text.ip_output_if
                0x00008610      0x400 ../common/ethernet/LMlwip/src/core/ipv4/ip.o
                0x00008610                ip_output_if
 .text.ip_output
                0x00008a10       0x5c ../common/ethernet/LMlwip/src/core/ipv4/ip.o
                0x00008a10                ip_output
 .text          0x00008a6c        0x0 ../common/ethernet/LMlwip/src/core/ipv4/ip_addr.o
 .text.ip_addr_isbroadcast
                0x00008a6c       0xdc ../common/ethernet/LMlwip/src/core/ipv4/ip_addr.o
                0x00008a6c                ip_addr_isbroadcast
 .text          0x00008b48        0x0 ../common/ethernet/LMlwip/src/core/udp.o
 .text.udp_input
                0x00008b48      0x3e0 ../common/ethernet/LMlwip/src/core/udp.o
                0x00008b48                udp_input
 .text.udp_send
                0x00008f28       0x30 ../common/ethernet/LMlwip/src/core/udp.o
                0x00008f28                udp_send
 .text.udp_sendto
                0x00008f58       0x50 ../common/ethernet/LMlwip/src/core/udp.o
                0x00008f58                udp_sendto
 .text.udp_sendto_if
                0x00008fa8      0x234 ../common/ethernet/LMlwip/src/core/udp.o
                0x00008fa8                udp_sendto_if
 .text.udp_bind
                0x000091dc      0x110 ../common/ethernet/LMlwip/src/core/udp.o
                0x000091dc                udp_bind
 .text.udp_connect
                0x000092ec       0xe0 ../common/ethernet/LMlwip/src/core/udp.o
                0x000092ec                udp_connect
 .text.udp_disconnect
                0x000093cc       0x54 ../common/ethernet/LMlwip/src/core/udp.o
                0x000093cc                udp_disconnect
 .text.udp_recv
                0x00009420       0x24 ../common/ethernet/LMlwip/src/core/udp.o
                0x00009420                udp_recv
 .text.udp_remove
                0x00009444       0x78 ../common/ethernet/LMlwip/src/core/udp.o
                0x00009444                udp_remove
 .text.udp_new  0x000094bc       0x48 ../common/ethernet/LMlwip/src/core/udp.o
                0x000094bc                udp_new
 .text          0x00009504        0x0 ../common/ethernet/LMlwip/src/core/tcp_out.o
 .text.tcp_send_ctrl
                0x00009504       0x44 ../common/ethernet/LMlwip/src/core/tcp_out.o
                0x00009504                tcp_send_ctrl
 .text.tcp_write
                0x00009548       0x80 ../common/ethernet/LMlwip/src/core/tcp_out.o
                0x00009548                tcp_write
 .text.tcp_enqueue
                0x000095c8      0x740 ../common/ethernet/LMlwip/src/core/tcp_out.o
                0x000095c8                tcp_enqueue
 .text.tcp_output
                0x00009d08      0x6ec ../common/ethernet/LMlwip/src/core/tcp_out.o
                0x00009d08                tcp_output
 .text.tcp_output_segment
                0x0000a3f4      0x210 ../common/ethernet/LMlwip/src/core/tcp_out.o
 .text.tcp_rst  0x0000a604      0x2b8 ../common/ethernet/LMlwip/src/core/tcp_out.o
                0x0000a604                tcp_rst
 .text.tcp_rexmit_rto
                0x0000a8bc       0x98 ../common/ethernet/LMlwip/src/core/tcp_out.o
                0x0000a8bc                tcp_rexmit_rto
 .text.tcp_rexmit
                0x0000a954       0x8c ../common/ethernet/LMlwip/src/core/tcp_out.o
                0x0000a954                tcp_rexmit
 .text.tcp_keepalive
                0x0000a9e0      0x2d0 ../common/ethernet/LMlwip/src/core/tcp_out.o
                0x0000a9e0                tcp_keepalive
 .text.tcp_zero_window_probe
                0x0000acb0      0x310 ../common/ethernet/LMlwip/src/core/tcp_out.o
                0x0000acb0                tcp_zero_window_probe
 .text          0x0000afc0        0x0 ../common/ethernet/LMlwip/src/core/tcp_in.o
 .text.tcp_input
                0x0000afc0      0xaa0 ../common/ethernet/LMlwip/src/core/tcp_in.o
                0x0000afc0                tcp_input
 .text.tcp_listen_input
                0x0000ba60      0x2a4 ../common/ethernet/LMlwip/src/core/tcp_in.o
 .text.tcp_timewait_input
                0x0000bd04       0x84 ../common/ethernet/LMlwip/src/core/tcp_in.o
 .text.tcp_process
                0x0000bd88      0x8e4 ../common/ethernet/LMlwip/src/core/tcp_in.o
 .text.tcp_receive
                0x0000c66c     0x1510 ../common/ethernet/LMlwip/src/core/tcp_in.o
 .text.tcp_parseopt
                0x0000db7c      0x11c ../common/ethernet/LMlwip/src/core/tcp_in.o
 .text          0x0000dc98        0x0 ../common/ethernet/LMlwip/src/core/tcp.o
 .text.tcp_tmr  0x0000dc98       0x40 ../common/ethernet/LMlwip/src/core/tcp.o
                0x0000dc98                tcp_tmr
 .text.tcp_close
                0x0000dcd8      0x1d0 ../common/ethernet/LMlwip/src/core/tcp.o
                0x0000dcd8                tcp_close
 .text.tcp_abort
                0x0000dea8      0x104 ../common/ethernet/LMlwip/src/core/tcp.o
                0x0000dea8                tcp_abort
 .text.tcp_bind
                0x0000dfac      0x2a8 ../common/ethernet/LMlwip/src/core/tcp.o
                0x0000dfac                tcp_bind
 .text.tcp_accept_null
                0x0000e254       0x20 ../common/ethernet/LMlwip/src/core/tcp.o
 .text.tcp_listen_with_backlog
                0x0000e274      0x18c ../common/ethernet/LMlwip/src/core/tcp.o
                0x0000e274                tcp_listen_with_backlog
 .text.tcp_recved
                0x0000e400       0xe0 ../common/ethernet/LMlwip/src/core/tcp.o
                0x0000e400                tcp_recved
 .text.tcp_new_port
                0x0000e4e0       0xd8 ../common/ethernet/LMlwip/src/core/tcp.o
 .text.tcp_connect
                0x0000e5b8      0x20c ../common/ethernet/LMlwip/src/core/tcp.o
                0x0000e5b8                tcp_connect
 .text.tcp_slowtmr
                0x0000e7c4      0x460 ../common/ethernet/LMlwip/src/core/tcp.o
                0x0000e7c4                tcp_slowtmr
 .text.tcp_fasttmr
                0x0000ec24       0xb4 ../common/ethernet/LMlwip/src/core/tcp.o
                0x0000ec24                tcp_fasttmr
 .text.tcp_segs_free
                0x0000ecd8       0x3c ../common/ethernet/LMlwip/src/core/tcp.o
                0x0000ecd8                tcp_segs_free
 .text.tcp_seg_free
                0x0000ed14       0x40 ../common/ethernet/LMlwip/src/core/tcp.o
                0x0000ed14                tcp_seg_free
 .text.tcp_setprio
                0x0000ed54       0x1c ../common/ethernet/LMlwip/src/core/tcp.o
                0x0000ed54                tcp_setprio
 .text.tcp_seg_copy
                0x0000ed70       0x54 ../common/ethernet/LMlwip/src/core/tcp.o
                0x0000ed70                tcp_seg_copy
 .text.tcp_recv_null
                0x0000edc4       0x48 ../common/ethernet/LMlwip/src/core/tcp.o
 .text.tcp_kill_prio
                0x0000ee0c       0x94 ../common/ethernet/LMlwip/src/core/tcp.o
 .text.tcp_kill_timewait
                0x0000eea0       0x70 ../common/ethernet/LMlwip/src/core/tcp.o
 .text.tcp_alloc
                0x0000ef10      0x160 ../common/ethernet/LMlwip/src/core/tcp.o
                0x0000ef10                tcp_alloc
 .text.tcp_new  0x0000f070       0x14 ../common/ethernet/LMlwip/src/core/tcp.o
                0x0000f070                tcp_new
 .text.tcp_arg  0x0000f084       0x1c ../common/ethernet/LMlwip/src/core/tcp.o
                0x0000f084                tcp_arg
 .text.tcp_recv
                0x0000f0a0       0x1c ../common/ethernet/LMlwip/src/core/tcp.o
                0x0000f0a0                tcp_recv
 .text.tcp_sent
                0x0000f0bc       0x1c ../common/ethernet/LMlwip/src/core/tcp.o
                0x0000f0bc                tcp_sent
 .text.tcp_err  0x0000f0d8       0x1c ../common/ethernet/LMlwip/src/core/tcp.o
                0x0000f0d8                tcp_err
 .text.tcp_accept
                0x0000f0f4       0x1c ../common/ethernet/LMlwip/src/core/tcp.o
                0x0000f0f4                tcp_accept
 .text.tcp_poll
                0x0000f110       0x28 ../common/ethernet/LMlwip/src/core/tcp.o
                0x0000f110                tcp_poll
 .text.tcp_pcb_purge
                0x0000f138       0x80 ../common/ethernet/LMlwip/src/core/tcp.o
                0x0000f138                tcp_pcb_purge
 .text.tcp_pcb_remove
                0x0000f1b8       0xe0 ../common/ethernet/LMlwip/src/core/tcp.o
                0x0000f1b8                tcp_pcb_remove
 .text.tcp_next_iss
                0x0000f298       0x38 ../common/ethernet/LMlwip/src/core/tcp.o
                0x0000f298                tcp_next_iss
 .text.tcp_eff_send_mss
                0x0000f2d0       0x48 ../common/ethernet/LMlwip/src/core/tcp.o
                0x0000f2d0                tcp_eff_send_mss
 .text          0x0000f318        0x0 ../common/ethernet/LMlwip/src/core/init.o
 .text.lwip_init
                0x0000f318       0x18 ../common/ethernet/LMlwip/src/core/init.o
                0x0000f318                lwip_init
 .text          0x0000f330        0x0 ../common/ethernet/LMlwip/src/core/mem.o
 .text          0x0000f330        0x0 ../common/ethernet/LMlwip/src/core/raw.o
 .text.raw_input
                0x0000f330       0xd0 ../common/ethernet/LMlwip/src/core/raw.o
                0x0000f330                raw_input
 .text.raw_bind
                0x0000f400       0x54 ../common/ethernet/LMlwip/src/core/raw.o
                0x0000f400                raw_bind
 .text.raw_connect
                0x0000f454       0x54 ../common/ethernet/LMlwip/src/core/raw.o
                0x0000f454                raw_connect
 .text.raw_recv
                0x0000f4a8       0x24 ../common/ethernet/LMlwip/src/core/raw.o
                0x0000f4a8                raw_recv
 .text.raw_sendto
                0x0000f4cc       0xec ../common/ethernet/LMlwip/src/core/raw.o
                0x0000f4cc                raw_sendto
 .text.raw_send
                0x0000f5b8       0x2c ../common/ethernet/LMlwip/src/core/raw.o
                0x0000f5b8                raw_send
 .text.raw_remove
                0x0000f5e4       0x78 ../common/ethernet/LMlwip/src/core/raw.o
                0x0000f5e4                raw_remove
 .text.raw_new  0x0000f65c       0x6c ../common/ethernet/LMlwip/src/core/raw.o
                0x0000f65c                raw_new
 .text          0x0000f6c8        0x0 ../common/ethernet/LMlwip/src/core/memp.o
 .text.memp_sanity
                0x0000f6c8       0x98 ../common/ethernet/LMlwip/src/core/memp.o
 .text.memp_overflow_check_element
                0x0000f760       0x58 ../common/ethernet/LMlwip/src/core/memp.o
 .text.memp_overflow_check_all
                0x0000f7b8       0x84 ../common/ethernet/LMlwip/src/core/memp.o
 .text.memp_overflow_init
                0x0000f83c       0xa8 ../common/ethernet/LMlwip/src/core/memp.o
 .text.memp_init
                0x0000f8e4       0xa8 ../common/ethernet/LMlwip/src/core/memp.o
                0x0000f8e4                memp_init
 .text.memp_malloc_fn
                0x0000f98c       0x84 ../common/ethernet/LMlwip/src/core/memp.o
                0x0000f98c                memp_malloc_fn
 .text.memp_free
                0x0000fa10       0x5c ../common/ethernet/LMlwip/src/core/memp.o
                0x0000fa10                memp_free
 .text          0x0000fa6c        0x0 ../common/ethernet/LMlwip/src/core/sys.o
 .text.sys_mbox_fetch
                0x0000fa6c       0xc4 ../common/ethernet/LMlwip/src/core/sys.o
                0x0000fa6c                sys_mbox_fetch
 .text.sys_sem_wait
                0x0000fb30       0xbc ../common/ethernet/LMlwip/src/core/sys.o
                0x0000fb30                sys_sem_wait
 .text.sys_timeout
                0x0000fbec      0x100 ../common/ethernet/LMlwip/src/core/sys.o
                0x0000fbec                sys_timeout
 .text.sys_untimeout
                0x0000fcec       0x98 ../common/ethernet/LMlwip/src/core/sys.o
                0x0000fcec                sys_untimeout
 .text.sswt_handler
                0x0000fd84       0x28 ../common/ethernet/LMlwip/src/core/sys.o
 .text.sys_sem_wait_timeout
                0x0000fdac       0x6c ../common/ethernet/LMlwip/src/core/sys.o
                0x0000fdac                sys_sem_wait_timeout
 .text.sys_msleep
                0x0000fe18       0x2c ../common/ethernet/LMlwip/src/core/sys.o
                0x0000fe18                sys_msleep
 .text          0x0000fe44        0x0 ../common/ethernet/LMlwip/src/api/tcpip.o
 .text.tcpip_tcp_timer
                0x0000fe44       0x54 ../common/ethernet/LMlwip/src/api/tcpip.o
 .text.tcp_timer_needed
                0x0000fe98       0x54 ../common/ethernet/LMlwip/src/api/tcpip.o
                0x0000fe98                tcp_timer_needed
 .text.arp_timer
                0x0000feec       0x28 ../common/ethernet/LMlwip/src/api/tcpip.o
 .text.dhcp_timer_coarse
                0x0000ff14       0x28 ../common/ethernet/LMlwip/src/api/tcpip.o
 .text.dhcp_timer_fine
                0x0000ff3c       0x28 ../common/ethernet/LMlwip/src/api/tcpip.o
 .text.dns_timer
                0x0000ff64       0x28 ../common/ethernet/LMlwip/src/api/tcpip.o
 .text.tcpip_thread
                0x0000ff8c      0x160 ../common/ethernet/LMlwip/src/api/tcpip.o
 .text.tcpip_input
                0x000100ec       0x9c ../common/ethernet/LMlwip/src/api/tcpip.o
                0x000100ec                tcpip_input
 .text.tcpip_callback_with_block
                0x00010188       0xb8 ../common/ethernet/LMlwip/src/api/tcpip.o
                0x00010188                tcpip_callback_with_block
 .text.tcpip_timeout
                0x00010240       0x88 ../common/ethernet/LMlwip/src/api/tcpip.o
                0x00010240                tcpip_timeout
 .text.tcpip_apimsg
                0x000102c8       0x64 ../common/ethernet/LMlwip/src/api/tcpip.o
                0x000102c8                tcpip_apimsg
 .text.tcpip_init
                0x0001032c       0x64 ../common/ethernet/LMlwip/src/api/tcpip.o
                0x0001032c                tcpip_init
 .text          0x00010390        0x0 ../common/ethernet/LMlwip/src/api/api_msg.o
 .text.recv_raw
                0x00010390      0x114 ../common/ethernet/LMlwip/src/api/api_msg.o
 .text.recv_udp
                0x000104a4       0xc4 ../common/ethernet/LMlwip/src/api/api_msg.o
 .text.recv_tcp
                0x00010568       0xa8 ../common/ethernet/LMlwip/src/api/api_msg.o
 .text.poll_tcp
                0x00010610       0x3c ../common/ethernet/LMlwip/src/api/api_msg.o
 .text.sent_tcp
                0x0001064c       0x78 ../common/ethernet/LMlwip/src/api/api_msg.o
 .text.err_tcp  0x000106c4       0xc8 ../common/ethernet/LMlwip/src/api/api_msg.o
 .text.setup_tcp
                0x0001078c       0x5c ../common/ethernet/LMlwip/src/api/api_msg.o
 .text.accept_function
                0x000107e8       0xac ../common/ethernet/LMlwip/src/api/api_msg.o
 .text.pcb_new  0x00010894      0x114 ../common/ethernet/LMlwip/src/api/api_msg.o
 .text.do_newconn
                0x000109a8       0x2c ../common/ethernet/LMlwip/src/api/api_msg.o
                0x000109a8                do_newconn
 .text.netconn_alloc
                0x000109d4       0xdc ../common/ethernet/LMlwip/src/api/api_msg.o
                0x000109d4                netconn_alloc
 .text.netconn_free
                0x00010ab0       0xbc ../common/ethernet/LMlwip/src/api/api_msg.o
                0x00010ab0                netconn_free
 .text.do_close_internal
                0x00010b6c       0xfc ../common/ethernet/LMlwip/src/api/api_msg.o
 .text.do_delconn
                0x00010c68       0xd0 ../common/ethernet/LMlwip/src/api/api_msg.o
                0x00010c68                do_delconn
 .text.do_bind  0x00010d38       0xc0 ../common/ethernet/LMlwip/src/api/api_msg.o
                0x00010d38                do_bind
 .text.do_connected
                0x00010df8       0x64 ../common/ethernet/LMlwip/src/api/api_msg.o
 .text.do_connect
                0x00010e5c       0xdc ../common/ethernet/LMlwip/src/api/api_msg.o
                0x00010e5c                do_connect
 .text.do_disconnect
                0x00010f38       0x38 ../common/ethernet/LMlwip/src/api/api_msg.o
                0x00010f38                do_disconnect
 .text.do_listen
                0x00010f70      0x108 ../common/ethernet/LMlwip/src/api/api_msg.o
                0x00010f70                do_listen
 .text.do_send  0x00011078       0xf4 ../common/ethernet/LMlwip/src/api/api_msg.o
                0x00011078                do_send
 .text.do_recv  0x0001116c       0x50 ../common/ethernet/LMlwip/src/api/api_msg.o
                0x0001116c                do_recv
 .text.do_writemore
                0x000111bc      0x190 ../common/ethernet/LMlwip/src/api/api_msg.o
 .text.do_write
                0x0001134c       0x70 ../common/ethernet/LMlwip/src/api/api_msg.o
                0x0001134c                do_write
 .text.do_getaddr
                0x000113bc      0x128 ../common/ethernet/LMlwip/src/api/api_msg.o
                0x000113bc                do_getaddr
 .text.do_close
                0x000114e4       0x50 ../common/ethernet/LMlwip/src/api/api_msg.o
                0x000114e4                do_close
 .text.do_dns_found
                0x00011534       0x60 ../common/ethernet/LMlwip/src/api/api_msg.o
 .text.do_gethostbyname
                0x00011594       0x50 ../common/ethernet/LMlwip/src/api/api_msg.o
                0x00011594                do_gethostbyname
 .text          0x000115e4        0x0 ../common/ethernet/LMlwip/src/api/sockets.o
 .text.lwip_socket_init
                0x000115e4       0x30 ../common/ethernet/LMlwip/src/api/sockets.o
                0x000115e4                lwip_socket_init
 .text.get_socket
                0x00011614       0x5c ../common/ethernet/LMlwip/src/api/sockets.o
 .text.alloc_socket
                0x00011670      0x170 ../common/ethernet/LMlwip/src/api/sockets.o
 .text.lwip_accept
                0x000117e0      0x1d0 ../common/ethernet/LMlwip/src/api/sockets.o
                0x000117e0                lwip_accept
 .text.lwip_bind
                0x000119b0       0xd4 ../common/ethernet/LMlwip/src/api/sockets.o
                0x000119b0                lwip_bind
 .text.lwip_close
                0x00011a84       0x90 ../common/ethernet/LMlwip/src/api/sockets.o
                0x00011a84                lwip_close
 .text.lwip_connect
                0x00011b14       0xf0 ../common/ethernet/LMlwip/src/api/sockets.o
                0x00011b14                lwip_connect
 .text.lwip_listen
                0x00011c04       0xac ../common/ethernet/LMlwip/src/api/sockets.o
                0x00011c04                lwip_listen
 .text.lwip_recvfrom
                0x00011cb0      0x2d8 ../common/ethernet/LMlwip/src/api/sockets.o
                0x00011cb0                lwip_recvfrom
 .text.lwip_read
                0x00011f88       0x34 ../common/ethernet/LMlwip/src/api/sockets.o
                0x00011f88                lwip_read
 .text.lwip_recv
                0x00011fbc       0x34 ../common/ethernet/LMlwip/src/api/sockets.o
                0x00011fbc                lwip_recv
 .text.lwip_send
                0x00011ff0       0xd4 ../common/ethernet/LMlwip/src/api/sockets.o
                0x00011ff0                lwip_send
 .text.lwip_sendto
                0x000120c4      0x14c ../common/ethernet/LMlwip/src/api/sockets.o
                0x000120c4                lwip_sendto
 .text.lwip_socket
                0x00012210       0xd4 ../common/ethernet/LMlwip/src/api/sockets.o
                0x00012210                lwip_socket
 .text.lwip_write
                0x000122e4       0x28 ../common/ethernet/LMlwip/src/api/sockets.o
                0x000122e4                lwip_write
 .text.lwip_selscan
                0x0001230c      0x1b4 ../common/ethernet/LMlwip/src/api/sockets.o
 .text.lwip_select
                0x000124c0      0x344 ../common/ethernet/LMlwip/src/api/sockets.o
                0x000124c0                lwip_select
 .text.event_callback
                0x00012804      0x1e0 ../common/ethernet/LMlwip/src/api/sockets.o
 .text.lwip_shutdown
                0x000129e4       0x1c ../common/ethernet/LMlwip/src/api/sockets.o
                0x000129e4                lwip_shutdown
 .text.lwip_getaddrname
                0x00012a00       0xac ../common/ethernet/LMlwip/src/api/sockets.o
 .text.lwip_getpeername
                0x00012aac       0x28 ../common/ethernet/LMlwip/src/api/sockets.o
                0x00012aac                lwip_getpeername
 .text.lwip_getsockname
                0x00012ad4       0x28 ../common/ethernet/LMlwip/src/api/sockets.o
                0x00012ad4                lwip_getsockname
 .text.lwip_getsockopt
                0x00012afc      0x1ec ../common/ethernet/LMlwip/src/api/sockets.o
                0x00012afc                lwip_getsockopt
 .text.lwip_getsockopt_internal
                0x00012ce8      0x1b8 ../common/ethernet/LMlwip/src/api/sockets.o
 .text.lwip_setsockopt
                0x00012ea0      0x1a0 ../common/ethernet/LMlwip/src/api/sockets.o
                0x00012ea0                lwip_setsockopt
 .text.lwip_setsockopt_internal
                0x00013040      0x17c ../common/ethernet/LMlwip/src/api/sockets.o
 .text.lwip_ioctl
                0x000131bc      0x11c ../common/ethernet/LMlwip/src/api/sockets.o
                0x000131bc                lwip_ioctl
 .text          0x000132d8        0x0 ../common/ethernet/LMlwip/src/api/netbuf.o
 .text.netbuf_new
                0x000132d8       0x54 ../common/ethernet/LMlwip/src/api/netbuf.o
                0x000132d8                netbuf_new
 .text.netbuf_delete
                0x0001332c       0x44 ../common/ethernet/LMlwip/src/api/netbuf.o
                0x0001332c                netbuf_delete
 .text.netbuf_alloc
                0x00013370       0x70 ../common/ethernet/LMlwip/src/api/netbuf.o
                0x00013370                netbuf_alloc
 .text.netbuf_free
                0x000133e0       0x38 ../common/ethernet/LMlwip/src/api/netbuf.o
                0x000133e0                netbuf_free
 .text.netbuf_ref
                0x00013418       0x90 ../common/ethernet/LMlwip/src/api/netbuf.o
                0x00013418                netbuf_ref
 .text.netbuf_chain
                0x000134a8       0x40 ../common/ethernet/LMlwip/src/api/netbuf.o
                0x000134a8                netbuf_chain
 .text.netbuf_data
                0x000134e8       0x70 ../common/ethernet/LMlwip/src/api/netbuf.o
                0x000134e8                netbuf_data
 .text.netbuf_next
                0x00013558       0x5c ../common/ethernet/LMlwip/src/api/netbuf.o
                0x00013558                netbuf_next
 .text.netbuf_first
                0x000135b4       0x20 ../common/ethernet/LMlwip/src/api/netbuf.o
                0x000135b4                netbuf_first
 .text          0x000135d4        0x0 ../common/ethernet/LMlwip/src/api/api_lib.o
 .text.netconn_new_with_proto_and_callback
                0x000135d4       0x80 ../common/ethernet/LMlwip/src/api/api_lib.o
                0x000135d4                netconn_new_with_proto_and_callback
 .text.netconn_delete
                0x00013654       0x50 ../common/ethernet/LMlwip/src/api/api_lib.o
                0x00013654                netconn_delete
 .text.netconn_type
                0x000136a4       0x2c ../common/ethernet/LMlwip/src/api/api_lib.o
                0x000136a4                netconn_type
 .text.netconn_getaddr
                0x000136d0       0x74 ../common/ethernet/LMlwip/src/api/api_lib.o
                0x000136d0                netconn_getaddr
 .text.netconn_bind
                0x00013744       0x50 ../common/ethernet/LMlwip/src/api/api_lib.o
                0x00013744                netconn_bind
 .text.netconn_connect
                0x00013794       0x50 ../common/ethernet/LMlwip/src/api/api_lib.o
                0x00013794                netconn_connect
 .text.netconn_disconnect
                0x000137e4       0x44 ../common/ethernet/LMlwip/src/api/api_lib.o
                0x000137e4                netconn_disconnect
 .text.netconn_listen_with_backlog
                0x00013828       0x48 ../common/ethernet/LMlwip/src/api/api_lib.o
                0x00013828                netconn_listen_with_backlog
 .text.netconn_accept
                0x00013870       0x64 ../common/ethernet/LMlwip/src/api/api_lib.o
                0x00013870                netconn_accept
 .text.netconn_recv
                0x000138d4      0x1e0 ../common/ethernet/LMlwip/src/api/api_lib.o
                0x000138d4                netconn_recv
 .text.netconn_sendto
                0x00013ab4       0x48 ../common/ethernet/LMlwip/src/api/api_lib.o
                0x00013ab4                netconn_sendto
 .text.netconn_send
                0x00013afc       0x48 ../common/ethernet/LMlwip/src/api/api_lib.o
                0x00013afc                netconn_send
 .text.netconn_write
                0x00013b44       0x68 ../common/ethernet/LMlwip/src/api/api_lib.o
                0x00013b44                netconn_write
 .text.netconn_close
                0x00013bac       0x44 ../common/ethernet/LMlwip/src/api/api_lib.o
                0x00013bac                netconn_close
 .text.netconn_gethostbyname
                0x00013bf0       0x88 ../common/ethernet/LMlwip/src/api/api_lib.o
                0x00013bf0                netconn_gethostbyname
 .text          0x00013c78        0x0 ../common/ethernet/LMlwip/src/netif/etharp.o
 .text.free_etharp_q
                0x00013c78       0x38 ../common/ethernet/LMlwip/src/netif/etharp.o
 .text.etharp_tmr
                0x00013cb0      0x170 ../common/ethernet/LMlwip/src/netif/etharp.o
                0x00013cb0                etharp_tmr
 .text.find_entry
                0x00013e20      0x474 ../common/ethernet/LMlwip/src/netif/etharp.o
 .text.etharp_send_ip
                0x00014294       0xa0 ../common/ethernet/LMlwip/src/netif/etharp.o
 .text.update_arp_entry
                0x00014334      0x1f8 ../common/ethernet/LMlwip/src/netif/etharp.o
 .text.etharp_find_addr
                0x0001452c       0xa8 ../common/ethernet/LMlwip/src/netif/etharp.o
                0x0001452c                etharp_find_addr
 .text.etharp_ip_input
                0x000145d4       0x70 ../common/ethernet/LMlwip/src/netif/etharp.o
                0x000145d4                etharp_ip_input
 .text.etharp_arp_input
                0x00014644      0x24c ../common/ethernet/LMlwip/src/netif/etharp.o
                0x00014644                etharp_arp_input
 .text.etharp_output
                0x00014890      0x1c4 ../common/ethernet/LMlwip/src/netif/etharp.o
                0x00014890                etharp_output
 .text.etharp_query
                0x00014a54      0x320 ../common/ethernet/LMlwip/src/netif/etharp.o
                0x00014a54                etharp_query
 .text.etharp_raw
                0x00014d74      0x21c ../common/ethernet/LMlwip/src/netif/etharp.o
 .text.etharp_request
                0x00014f90       0x5c ../common/ethernet/LMlwip/src/netif/etharp.o
                0x00014f90                etharp_request
 .text.ethernet_input
                0x00014fec       0x9c ../common/ethernet/LMlwip/src/netif/etharp.o
                0x00014fec                ethernet_input
 .text          0x00015088        0x0 ../common/fatfs/ff.o
 .text.mem_cpy  0x00015088       0x50 ../common/fatfs/ff.o
 .text.mem_set  0x000150d8       0x44 ../common/fatfs/ff.o
 .text.mem_cmp  0x0001511c       0x78 ../common/fatfs/ff.o
 .text.chk_chr  0x00015194       0x38 ../common/fatfs/ff.o
 .text.move_window
                0x000151cc       0xdc ../common/fatfs/ff.o
 .text.sync     0x000152a8      0x1cc ../common/fatfs/ff.o
 .text.get_fat  0x00015474      0x214 ../common/fatfs/ff.o
 .text.put_fat  0x00015688      0x294 ../common/fatfs/ff.o
 .text.remove_chain
                0x0001591c       0xa8 ../common/fatfs/ff.o
 .text.create_chain
                0x000159c4      0x12c ../common/fatfs/ff.o
 .text.clust2sect
                0x00015af0       0x4c ../common/fatfs/ff.o
 .text.dir_seek
                0x00015b3c      0x128 ../common/fatfs/ff.o
 .text.dir_next
                0x00015c64      0x1fc ../common/fatfs/ff.o
 .text.dir_find
                0x00015e60       0xa0 ../common/fatfs/ff.o
 .text.dir_read
                0x00015f00       0x98 ../common/fatfs/ff.o
 .text.dir_register
                0x00015f98       0xd0 ../common/fatfs/ff.o
 .text.dir_remove
                0x00016068       0x58 ../common/fatfs/ff.o
 .text.create_name
                0x000160c0      0x220 ../common/fatfs/ff.o
 .text.get_fileinfo
                0x000162e0      0x198 ../common/fatfs/ff.o
 .text.follow_path
                0x00016478      0x10c ../common/fatfs/ff.o
 .text.check_fs
                0x00016584       0xd4 ../common/fatfs/ff.o
 .text.auto_mount
                0x00016658      0x5d0 ../common/fatfs/ff.o
 .text.validate
                0x00016c28       0x5c ../common/fatfs/ff.o
 .text.f_mount  0x00016c84       0x6c ../common/fatfs/ff.o
                0x00016c84                f_mount
 .text.f_open   0x00016cf0      0x388 ../common/fatfs/ff.o
                0x00016cf0                f_open
 .text.f_read   0x00017078      0x344 ../common/fatfs/ff.o
                0x00017078                f_read
 .text.f_write  0x000173bc      0x3a0 ../common/fatfs/ff.o
                0x000173bc                f_write
 .text.f_sync   0x0001775c      0x1c0 ../common/fatfs/ff.o
                0x0001775c                f_sync
 .text.f_close  0x0001791c       0x2c ../common/fatfs/ff.o
                0x0001791c                f_close
 .text.f_lseek  0x00017948      0x340 ../common/fatfs/ff.o
                0x00017948                f_lseek
 .text.f_opendir
                0x00017c88       0xe4 ../common/fatfs/ff.o
                0x00017c88                f_opendir
 .text.f_readdir
                0x00017d6c       0x9c ../common/fatfs/ff.o
                0x00017d6c                f_readdir
 .text.f_stat   0x00017e08       0x78 ../common/fatfs/ff.o
                0x00017e08                f_stat
 .text.f_getfree
                0x00017e80      0x1e8 ../common/fatfs/ff.o
                0x00017e80                f_getfree
 .text.f_truncate
                0x00018068      0x134 ../common/fatfs/ff.o
                0x00018068                f_truncate
 .text.f_unlink
                0x0001819c      0x1b0 ../common/fatfs/ff.o
                0x0001819c                f_unlink
 .text.f_mkdir  0x0001834c      0x380 ../common/fatfs/ff.o
                0x0001834c                f_mkdir
 .text.f_chmod  0x000186cc       0xc4 ../common/fatfs/ff.o
                0x000186cc                f_chmod
 .text.f_utime  0x00018790       0xcc ../common/fatfs/ff.o
                0x00018790                f_utime
 .text.f_rename
                0x0001885c      0x25c ../common/fatfs/ff.o
                0x0001885c                f_rename
 .text          0x00018ab8        0x0 ../common/fatfs/mmc-ek-lm3s8962.o
 .text.SELECT   0x00018ab8       0x20 ../common/fatfs/mmc-ek-lm3s8962.o
 .text.DESELECT
                0x00018ad8       0x1c ../common/fatfs/mmc-ek-lm3s8962.o
 .text.xmit_spi
                0x00018af4       0x34 ../common/fatfs/mmc-ek-lm3s8962.o
 .text.rcvr_spi
                0x00018b28       0x38 ../common/fatfs/mmc-ek-lm3s8962.o
 .text.rcvr_spi_m
                0x00018b60       0x1c ../common/fatfs/mmc-ek-lm3s8962.o
 .text.wait_ready
                0x00018b7c       0x44 ../common/fatfs/mmc-ek-lm3s8962.o
 .text.send_initial_clock_train
                0x00018bc0       0x7c ../common/fatfs/mmc-ek-lm3s8962.o
 .text.power_on
                0x00018c3c       0xcc ../common/fatfs/mmc-ek-lm3s8962.o
 .text.set_max_speed
                0x00018d08       0x70 ../common/fatfs/mmc-ek-lm3s8962.o
 .text.power_off
                0x00018d78       0x18 ../common/fatfs/mmc-ek-lm3s8962.o
 .text.chk_power
                0x00018d90       0x18 ../common/fatfs/mmc-ek-lm3s8962.o
 .text.rcvr_datablock
                0x00018da8       0x8c ../common/fatfs/mmc-ek-lm3s8962.o
 .text.xmit_datablock
                0x00018e34       0xa0 ../common/fatfs/mmc-ek-lm3s8962.o
 .text.send_cmd
                0x00018ed4       0xc0 ../common/fatfs/mmc-ek-lm3s8962.o
 .text.disk_initialize
                0x00018f94      0x268 ../common/fatfs/mmc-ek-lm3s8962.o
                0x00018f94                disk_initialize
 .text.disk_status
                0x000191fc       0x34 ../common/fatfs/mmc-ek-lm3s8962.o
                0x000191fc                disk_status
 .text.disk_read
                0x00019230       0xf4 ../common/fatfs/mmc-ek-lm3s8962.o
                0x00019230                disk_read
 .text.disk_write
                0x00019324      0x148 ../common/fatfs/mmc-ek-lm3s8962.o
                0x00019324                disk_write
 .text.disk_ioctl
                0x0001946c      0x2b4 ../common/fatfs/mmc-ek-lm3s8962.o
                0x0001946c                disk_ioctl
 .text.disk_timerproc
                0x00019720       0x5c ../common/fatfs/mmc-ek-lm3s8962.o
                0x00019720                disk_timerproc
 .text.get_fattime
                0x0001977c       0x14 ../common/fatfs/mmc-ek-lm3s8962.o
                0x0001977c                get_fattime
 .text          0x00019790        0x0 ../common/fatfs/SDcard.o
 .text.vSDcardTask
                0x00019790       0x58 ../common/fatfs/SDcard.o
                0x00019790                vSDcardTask
 .text.Cmd_ls   0x000197e8      0x664 ../common/fatfs/SDcard.o
                0x000197e8                Cmd_ls
 .text          0x00019e4c        0x0 ethernet/ETHIsr.o
 .text.ETH0IntHandler
                0x00019e4c      0x32c ethernet/ETHIsr.o
                0x00019e4c                ETH0IntHandler
 .text.ETHServiceTaskInit
                0x0001a178      0x1b8 ethernet/ETHIsr.o
                0x0001a178                ETHServiceTaskInit
 .text.ETHServiceTaskEnable
                0x0001a330      0x208 ethernet/ETHIsr.o
                0x0001a330                ETHServiceTaskEnable
 .text.ETHServiceTaskDisable
                0x0001a538       0xbc ethernet/ETHIsr.o
                0x0001a538                ETHServiceTaskDisable
 .text.ETHServiceTaskLastError
                0x0001a5f4      0x120 ethernet/ETHIsr.o
                0x0001a5f4                ETHServiceTaskLastError
 .text.ETHServiceTaskLinkStatus
                0x0001a714      0x12c ethernet/ETHIsr.o
                0x0001a714                ETHServiceTaskLinkStatus
 .text.ETHServiceTaskMACAddress
                0x0001a840       0xc4 ethernet/ETHIsr.o
                0x0001a840                ETHServiceTaskMACAddress
 .text.ETHServiceTaskFlush
                0x0001a904      0x38c ethernet/ETHIsr.o
                0x0001a904                ETHServiceTaskFlush
 .text.ETHServiceTaskPacketAvail
                0x0001ac90       0xcc ethernet/ETHIsr.o
                0x0001ac90                ETHServiceTaskPacketAvail
 .text.ETHServiceTaskEnableReceive
                0x0001ad5c       0xc4 ethernet/ETHIsr.o
                0x0001ad5c                ETHServiceTaskEnableReceive
 .text.ETHServiceTaskWaitReady
                0x0001ae20      0x118 ethernet/ETHIsr.o
                0x0001ae20                ETHServiceTaskWaitReady
 .text          0x0001af38        0x0 ethernet/LWIPStack.o
 .text.low_level_init
                0x0001af38       0xb4 ethernet/LWIPStack.o
 .text.low_level_input
                0x0001afec      0x118 ethernet/LWIPStack.o
 .text.ethernetif_input
                0x0001b104       0x74 ethernet/LWIPStack.o
 .text.low_level_output
                0x0001b178       0xec ethernet/LWIPStack.o
 .text.low_level_transmit
                0x0001b264      0x194 ethernet/LWIPStack.o
 .text.ethernetif_init
                0x0001b3f8       0x4c ethernet/LWIPStack.o
                0x0001b3f8                ethernetif_init
 .text.LWIPServiceTaskInit
                0x0001b444      0x1ec ethernet/LWIPStack.o
                0x0001b444                LWIPServiceTaskInit
 .text.LWIPServiceTaskIPConfigGet
                0x0001b630       0x70 ethernet/LWIPStack.o
                0x0001b630                LWIPServiceTaskIPConfigGet
 .text.LWIPServiceTaskMACGet
                0x0001b6a0       0x40 ethernet/LWIPStack.o
                0x0001b6a0                LWIPServiceTaskMACGet
 .text.lwIPNetworkConfigChange
                0x0001b6e0      0x148 ethernet/LWIPStack.o
                0x0001b6e0                lwIPNetworkConfigChange
 .text          0x0001b828        0x0 httpd/lmi_fs.o
 .text.fs_open  0x0001b828      0x5dc httpd/lmi_fs.o
                0x0001b828                fs_open
 .text.fs_close
                0x0001be04       0x50 httpd/lmi_fs.o
                0x0001be04                fs_close
 .text.fs_read  0x0001be54       0xc4 httpd/lmi_fs.o
                0x0001be54                fs_read
 .text          0x0001bf18        0x0 httpd/httpd.o
 .text.conn_err
                0x0001bf18       0x50 httpd/httpd.o
 .text.close_conn
                0x0001bf68       0x74 httpd/httpd.o
 .text.extract_uri_parameters
                0x0001bfdc       0xec httpd/httpd.o
 .text.get_tag_insert
                0x0001c0c8       0xdc httpd/httpd.o
 .text.send_data
                0x0001c1a4      0x85c httpd/httpd.o
 .text.http_poll
                0x0001ca00       0x70 httpd/httpd.o
 .text.http_sent
                0x0001ca70       0x4c httpd/httpd.o
 .text.get_404_file
                0x0001cabc       0x5c httpd/httpd.o
 .text.http_recv
                0x0001cb18      0x3c4 httpd/httpd.o
 .text.http_accept
                0x0001cedc       0xa4 httpd/httpd.o
 .text.httpd_init
                0x0001cf80       0x48 httpd/httpd.o
                0x0001cf80                httpd_init
 .text.http_set_ssi_handler
                0x0001cfc8       0x3c httpd/httpd.o
                0x0001cfc8                http_set_ssi_handler
 .text.http_set_cgi_handlers
                0x0001d004       0x2c httpd/httpd.o
                0x0001d004                http_set_cgi_handlers
 .text          0x0001d030        0x0 httpd/cgifuncs.o
 .text.FindCGIParameter
                0x0001d030       0x58 httpd/cgifuncs.o
                0x0001d030                FindCGIParameter
 .text.IsValidHexDigit
                0x0001d088       0x4c httpd/cgifuncs.o
                0x0001d088                IsValidHexDigit
 .text.HexDigit
                0x0001d0d4       0x68 httpd/cgifuncs.o
                0x0001d0d4                HexDigit
 .text.DecodeHexEscape
                0x0001d13c       0x84 httpd/cgifuncs.o
                0x0001d13c                DecodeHexEscape
 .text.EncodeFormString
                0x0001d1c0       0xac httpd/cgifuncs.o
                0x0001d1c0                EncodeFormString
 .text.DecodeFormString
                0x0001d26c      0x10c httpd/cgifuncs.o
                0x0001d26c                DecodeFormString
 .text.CheckDecimalParam
                0x0001d378      0x164 httpd/cgifuncs.o
                0x0001d378                CheckDecimalParam
 .text.GetCGIParam
                0x0001d4dc       0x6c httpd/cgifuncs.o
                0x0001d4dc                GetCGIParam
 .text          0x0001d548        0x0 httpd/netbios.o
 .text.netbios_name_decoding
                0x0001d548      0x10c httpd/netbios.o
 .text.netbios_name_encoding
                0x0001d654       0xf4 httpd/netbios.o
                0x0001d654                netbios_name_encoding
 .text.netbios_recv
                0x0001d748      0x3b0 httpd/netbios.o
 .text.netbios_init
                0x0001daf8       0x40 httpd/netbios.o
                0x0001daf8                netbios_init
 .text          0x0001db38        0x0 startup.o
 .text.NmiSR    0x0001db38        0x4 startup.o
 .text.FaultISR
                0x0001db3c        0x4 startup.o
 .text.IntDefaultHandler
                0x0001db40        0x4 startup.o
 .text.uipprintf
                0x0001db44        0xc startup.o
                0x0001db44                uipprintf
 .text.ResetISR
                0x0001db50       0x70 startup.o
                0x0001db50                ResetISR
 .text          0x0001dbc0        0x0 ../common/drivers/LuminaryMicro/arm-none-eabi-gcc/libdriver.a(ethernet.o)
 .text.EthernetInitExpClk
                0x0001dbc0       0x14 ../common/drivers/LuminaryMicro/arm-none-eabi-gcc/libdriver.a(ethernet.o)
                0x0001dbc0                EthernetInitExpClk
 .text.EthernetConfigSet
                0x0001dbd4       0x30 ../common/drivers/LuminaryMicro/arm-none-eabi-gcc/libdriver.a(ethernet.o)
                0x0001dbd4                EthernetConfigSet
 .text.EthernetConfigGet
                0x0001dc04       0x18 ../common/drivers/LuminaryMicro/arm-none-eabi-gcc/libdriver.a(ethernet.o)
                0x0001dc04                EthernetConfigGet
 .text.EthernetMACAddrSet
                0x0001dc1c       0x38 ../common/drivers/LuminaryMicro/arm-none-eabi-gcc/libdriver.a(ethernet.o)
                0x0001dc1c                EthernetMACAddrSet
 .text.EthernetMACAddrGet
                0x0001dc54       0x34 ../common/drivers/LuminaryMicro/arm-none-eabi-gcc/libdriver.a(ethernet.o)
                0x0001dc54                EthernetMACAddrGet
 .text.EthernetEnable
                0x0001dc88       0x24 ../common/drivers/LuminaryMicro/arm-none-eabi-gcc/libdriver.a(ethernet.o)
                0x0001dc88                EthernetEnable
 .text.EthernetDisable
                0x0001dcac       0x24 ../common/drivers/LuminaryMicro/arm-none-eabi-gcc/libdriver.a(ethernet.o)
                0x0001dcac                EthernetDisable
 .text.EthernetPacketAvail
                0x0001dcd0        0xc ../common/drivers/LuminaryMicro/arm-none-eabi-gcc/libdriver.a(ethernet.o)
                0x0001dcd0                EthernetPacketAvail
 .text.EthernetSpaceAvail
                0x0001dcdc        0xc ../common/drivers/LuminaryMicro/arm-none-eabi-gcc/libdriver.a(ethernet.o)
                0x0001dcdc                EthernetSpaceAvail
 .text.EthernetPacketGetInternal
                0x0001dce8       0xa4 ../common/drivers/LuminaryMicro/arm-none-eabi-gcc/libdriver.a(ethernet.o)
 .text.EthernetPacketGetNonBlocking
                0x0001dd8c       0x18 ../common/drivers/LuminaryMicro/arm-none-eabi-gcc/libdriver.a(ethernet.o)
                0x0001dd8c                EthernetPacketGetNonBlocking
 .text.EthernetPacketGet
                0x0001dda4       0x18 ../common/drivers/LuminaryMicro/arm-none-eabi-gcc/libdriver.a(ethernet.o)
                0x0001dda4                EthernetPacketGet
 .text.EthernetPacketPutInternal
                0x0001ddbc       0x98 ../common/drivers/LuminaryMicro/arm-none-eabi-gcc/libdriver.a(ethernet.o)
 .text.EthernetPacketPutNonBlocking
                0x0001de54       0x14 ../common/drivers/LuminaryMicro/arm-none-eabi-gcc/libdriver.a(ethernet.o)
                0x0001de54                EthernetPacketPutNonBlocking
 .text.EthernetPacketPut
                0x0001de68       0x18 ../common/drivers/LuminaryMicro/arm-none-eabi-gcc/libdriver.a(ethernet.o)
                0x0001de68                EthernetPacketPut
 .text.EthernetIntEnable
                0x0001de80        0x8 ../common/drivers/LuminaryMicro/arm-none-eabi-gcc/libdriver.a(ethernet.o)
                0x0001de80                EthernetIntEnable
 .text.EthernetIntDisable
                0x0001de88        0xc ../common/drivers/LuminaryMicro/arm-none-eabi-gcc/libdriver.a(ethernet.o)
                0x0001de88                EthernetIntDisable
 .text.EthernetIntStatus
                0x0001de94        0xc ../common/drivers/LuminaryMicro/arm-none-eabi-gcc/libdriver.a(ethernet.o)
                0x0001de94                EthernetIntStatus
 .text.EthernetIntClear
                0x0001dea0        0x4 ../common/drivers/LuminaryMicro/arm-none-eabi-gcc/libdriver.a(ethernet.o)
                0x0001dea0                EthernetIntClear
 .text.EthernetPHYWrite
                0x0001dea4       0x30 ../common/drivers/LuminaryMicro/arm-none-eabi-gcc/libdriver.a(ethernet.o)
                0x0001dea4                EthernetPHYWrite
 .text.EthernetPHYRead
                0x0001ded4       0x28 ../common/drivers/LuminaryMicro/arm-none-eabi-gcc/libdriver.a(ethernet.o)
                0x0001ded4                EthernetPHYRead
 .text.EthernetIntUnregister
                0x0001defc       0x10 ../common/drivers/LuminaryMicro/arm-none-eabi-gcc/libdriver.a(ethernet.o)
                0x0001defc                EthernetIntUnregister
 .text.EthernetIntRegister
                0x0001df0c       0x10 ../common/drivers/LuminaryMicro/arm-none-eabi-gcc/libdriver.a(ethernet.o)
                0x0001df0c                EthernetIntRegister
 .text          0x0001df1c        0x0 ../common/drivers/LuminaryMicro/arm-none-eabi-gcc/libdriver.a(flash.o)
 .text.FlashUsecGet
                0x0001df1c        0xc ../common/drivers/LuminaryMicro/arm-none-eabi-gcc/libdriver.a(flash.o)
                0x0001df1c                FlashUsecGet
 .text.FlashUsecSet
                0x0001df28        0xc ../common/drivers/LuminaryMicro/arm-none-eabi-gcc/libdriver.a(flash.o)
                0x0001df28                FlashUsecSet
 .text.FlashErase
                0x0001df34       0x3c ../common/drivers/LuminaryMicro/arm-none-eabi-gcc/libdriver.a(flash.o)
                0x0001df34                FlashErase
 .text.FlashProgram
                0x0001df70       0x58 ../common/drivers/LuminaryMicro/arm-none-eabi-gcc/libdriver.a(flash.o)
                0x0001df70                FlashProgram
 .text.FlashProtectGet
                0x0001dfc8       0xb0 ../common/drivers/LuminaryMicro/arm-none-eabi-gcc/libdriver.a(flash.o)
                0x0001dfc8                FlashProtectGet
 .text.FlashProtectSet
                0x0001e078      0x120 ../common/drivers/LuminaryMicro/arm-none-eabi-gcc/libdriver.a(flash.o)
                0x0001e078                FlashProtectSet
 .text.FlashProtectSave
                0x0001e198       0x58 ../common/drivers/LuminaryMicro/arm-none-eabi-gcc/libdriver.a(flash.o)
                0x0001e198                FlashProtectSave
 .text.FlashUserGet
                0x0001e1f0       0x3c ../common/drivers/LuminaryMicro/arm-none-eabi-gcc/libdriver.a(flash.o)
                0x0001e1f0                FlashUserGet
 .text.FlashUserSet
                0x0001e22c       0x3c ../common/drivers/LuminaryMicro/arm-none-eabi-gcc/libdriver.a(flash.o)
                0x0001e22c                FlashUserSet
 .text.FlashUserSave
                0x0001e268       0x64 ../common/drivers/LuminaryMicro/arm-none-eabi-gcc/libdriver.a(flash.o)
                0x0001e268                FlashUserSave
 .text.FlashIntEnable
                0x0001e2cc       0x10 ../common/drivers/LuminaryMicro/arm-none-eabi-gcc/libdriver.a(flash.o)
                0x0001e2cc                FlashIntEnable
 .text.FlashIntDisable
                0x0001e2dc       0x10 ../common/drivers/LuminaryMicro/arm-none-eabi-gcc/libdriver.a(flash.o)
                0x0001e2dc                FlashIntDisable
 .text.FlashIntGetStatus
                0x0001e2ec       0x18 ../common/drivers/LuminaryMicro/arm-none-eabi-gcc/libdriver.a(flash.o)
                0x0001e2ec                FlashIntGetStatus
 .text.FlashIntClear
                0x0001e304        0xc ../common/drivers/LuminaryMicro/arm-none-eabi-gcc/libdriver.a(flash.o)
                0x0001e304                FlashIntClear
 .text.FlashIntUnregister
                0x0001e310       0x10 ../common/drivers/LuminaryMicro/arm-none-eabi-gcc/libdriver.a(flash.o)
                0x0001e310                FlashIntUnregister
 .text.FlashIntRegister
                0x0001e320       0x14 ../common/drivers/LuminaryMicro/arm-none-eabi-gcc/libdriver.a(flash.o)
                0x0001e320                FlashIntRegister
 .text          0x0001e334        0x0 ../common/drivers/LuminaryMicro/arm-none-eabi-gcc/libdriver.a(gpio.o)
 .text.GPIOGetIntNumber
                0x0001e334       0xa4 ../common/drivers/LuminaryMicro/arm-none-eabi-gcc/libdriver.a(gpio.o)
 .text.GPIODirModeSet
                0x0001e3d8       0x44 ../common/drivers/LuminaryMicro/arm-none-eabi-gcc/libdriver.a(gpio.o)
                0x0001e3d8                GPIODirModeSet
 .text.GPIODirModeGet
                0x0001e41c       0x20 ../common/drivers/LuminaryMicro/arm-none-eabi-gcc/libdriver.a(gpio.o)
                0x0001e41c                GPIODirModeGet
 .text.GPIOIntTypeSet
                0x0001e43c       0x70 ../common/drivers/LuminaryMicro/arm-none-eabi-gcc/libdriver.a(gpio.o)
                0x0001e43c                GPIOIntTypeSet
 .text.GPIOIntTypeGet
                0x0001e4ac       0x30 ../common/drivers/LuminaryMicro/arm-none-eabi-gcc/libdriver.a(gpio.o)
                0x0001e4ac                GPIOIntTypeGet
 .text.GPIOPadConfigSet
                0x0001e4dc      0x130 ../common/drivers/LuminaryMicro/arm-none-eabi-gcc/libdriver.a(gpio.o)
                0x0001e4dc                GPIOPadConfigSet
 .text.GPIOPadConfigGet
                0x0001e60c       0x78 ../common/drivers/LuminaryMicro/arm-none-eabi-gcc/libdriver.a(gpio.o)
                0x0001e60c                GPIOPadConfigGet
 .text.GPIOPinIntEnable
                0x0001e684        0xc ../common/drivers/LuminaryMicro/arm-none-eabi-gcc/libdriver.a(gpio.o)
                0x0001e684                GPIOPinIntEnable
 .text.GPIOPinIntDisable
                0x0001e690       0x10 ../common/drivers/LuminaryMicro/arm-none-eabi-gcc/libdriver.a(gpio.o)
                0x0001e690                GPIOPinIntDisable
 .text.GPIOPinIntStatus
                0x0001e6a0       0x10 ../common/drivers/LuminaryMicro/arm-none-eabi-gcc/libdriver.a(gpio.o)
                0x0001e6a0                GPIOPinIntStatus
 .text.GPIOPinIntClear
                0x0001e6b0        0x8 ../common/drivers/LuminaryMicro/arm-none-eabi-gcc/libdriver.a(gpio.o)
                0x0001e6b0                GPIOPinIntClear
 .text.GPIOPinRead
                0x0001e6b8        0x8 ../common/drivers/LuminaryMicro/arm-none-eabi-gcc/libdriver.a(gpio.o)
                0x0001e6b8                GPIOPinRead
 .text.GPIOPinWrite
                0x0001e6c0        0x8 ../common/drivers/LuminaryMicro/arm-none-eabi-gcc/libdriver.a(gpio.o)
                0x0001e6c0                GPIOPinWrite
 .text.GPIOPinTypeADC
                0x0001e6c8       0x1c ../common/drivers/LuminaryMicro/arm-none-eabi-gcc/libdriver.a(gpio.o)
                0x0001e6c8                GPIOPinTypeADC
 .text.GPIOPinTypeCAN
                0x0001e6e4       0x1c ../common/drivers/LuminaryMicro/arm-none-eabi-gcc/libdriver.a(gpio.o)
                0x0001e6e4                GPIOPinTypeCAN
 .text.GPIOPinTypeComparator
                0x0001e700       0x1c ../common/drivers/LuminaryMicro/arm-none-eabi-gcc/libdriver.a(gpio.o)
                0x0001e700                GPIOPinTypeComparator
 .text.GPIOPinTypeGPIOInput
                0x0001e71c       0x1c ../common/drivers/LuminaryMicro/arm-none-eabi-gcc/libdriver.a(gpio.o)
                0x0001e71c                GPIOPinTypeGPIOInput
 .text.GPIOPinTypeGPIOOutput
                0x0001e738       0x1c ../common/drivers/LuminaryMicro/arm-none-eabi-gcc/libdriver.a(gpio.o)
                0x0001e738                GPIOPinTypeGPIOOutput
 .text.GPIOPinTypeGPIOOutputOD
                0x0001e754       0x1c ../common/drivers/LuminaryMicro/arm-none-eabi-gcc/libdriver.a(gpio.o)
                0x0001e754                GPIOPinTypeGPIOOutputOD
 .text.GPIOPinTypeI2C
                0x0001e770       0x1c ../common/drivers/LuminaryMicro/arm-none-eabi-gcc/libdriver.a(gpio.o)
                0x0001e770                GPIOPinTypeI2C
 .text.GPIOPinTypePWM
                0x0001e78c       0x1c ../common/drivers/LuminaryMicro/arm-none-eabi-gcc/libdriver.a(gpio.o)
                0x0001e78c                GPIOPinTypePWM
 .text.GPIOPinTypeQEI
                0x0001e7a8       0x1c ../common/drivers/LuminaryMicro/arm-none-eabi-gcc/libdriver.a(gpio.o)
                0x0001e7a8                GPIOPinTypeQEI
 .text.GPIOPinTypeSSI
                0x0001e7c4       0x1c ../common/drivers/LuminaryMicro/arm-none-eabi-gcc/libdriver.a(gpio.o)
                0x0001e7c4                GPIOPinTypeSSI
 .text.GPIOPinTypeTimer
                0x0001e7e0       0x1c ../common/drivers/LuminaryMicro/arm-none-eabi-gcc/libdriver.a(gpio.o)
                0x0001e7e0                GPIOPinTypeTimer
 .text.GPIOPinTypeUART
                0x0001e7fc       0x1c ../common/drivers/LuminaryMicro/arm-none-eabi-gcc/libdriver.a(gpio.o)
                0x0001e7fc                GPIOPinTypeUART
 .text.GPIOPinTypeUSBDigital
                0x0001e818       0x1c ../common/drivers/LuminaryMicro/arm-none-eabi-gcc/libdriver.a(gpio.o)
                0x0001e818                GPIOPinTypeUSBDigital
 .text.GPIOPortIntUnregister
                0x0001e834       0x14 ../common/drivers/LuminaryMicro/arm-none-eabi-gcc/libdriver.a(gpio.o)
                0x0001e834                GPIOPortIntUnregister
 .text.GPIOPortIntRegister
                0x0001e848       0x18 ../common/drivers/LuminaryMicro/arm-none-eabi-gcc/libdriver.a(gpio.o)
                0x0001e848                GPIOPortIntRegister
 .text          0x0001e860        0x0 ../common/drivers/LuminaryMicro/arm-none-eabi-gcc/libdriver.a(interrupt.o)
 .text.IntDefaultHandler
                0x0001e860        0x4 ../common/drivers/LuminaryMicro/arm-none-eabi-gcc/libdriver.a(interrupt.o)
 .text.IntRegister
                0x0001e864       0x3c ../common/drivers/LuminaryMicro/arm-none-eabi-gcc/libdriver.a(interrupt.o)
                0x0001e864                IntRegister
 .text.IntUnregister
                0x0001e8a0       0x14 ../common/drivers/LuminaryMicro/arm-none-eabi-gcc/libdriver.a(interrupt.o)
                0x0001e8a0                IntUnregister
 .text.IntPriorityGroupingSet
                0x0001e8b4       0x1c ../common/drivers/LuminaryMicro/arm-none-eabi-gcc/libdriver.a(interrupt.o)
                0x0001e8b4                IntPriorityGroupingSet
 .text.IntPriorityGroupingGet
                0x0001e8d0       0x24 ../common/drivers/LuminaryMicro/arm-none-eabi-gcc/libdriver.a(interrupt.o)
                0x0001e8d0                IntPriorityGroupingGet
 .text.IntPrioritySet
                0x0001e8f4       0x28 ../common/drivers/LuminaryMicro/arm-none-eabi-gcc/libdriver.a(interrupt.o)
                0x0001e8f4                IntPrioritySet
 .text.IntPriorityGet
                0x0001e91c       0x20 ../common/drivers/LuminaryMicro/arm-none-eabi-gcc/libdriver.a(interrupt.o)
                0x0001e91c                IntPriorityGet
 .text.IntEnable
                0x0001e93c       0x74 ../common/drivers/LuminaryMicro/arm-none-eabi-gcc/libdriver.a(interrupt.o)
                0x0001e93c                IntEnable
 .text.IntDisable
                0x0001e9b0       0x74 ../common/drivers/LuminaryMicro/arm-none-eabi-gcc/libdriver.a(interrupt.o)
                0x0001e9b0                IntDisable
 .text.IntMasterDisable
                0x0001ea24        0xc ../common/drivers/LuminaryMicro/arm-none-eabi-gcc/libdriver.a(interrupt.o)
                0x0001ea24                IntMasterDisable
 .text.IntMasterEnable
                0x0001ea30        0xc ../common/drivers/LuminaryMicro/arm-none-eabi-gcc/libdriver.a(interrupt.o)
                0x0001ea30                IntMasterEnable
 .text          0x0001ea3c        0x0 ../common/drivers/LuminaryMicro/arm-none-eabi-gcc/libdriver.a(ssi.o)
 .text.SSIConfigSetExpClk
                0x0001ea3c       0x48 ../common/drivers/LuminaryMicro/arm-none-eabi-gcc/libdriver.a(ssi.o)
                0x0001ea3c                SSIConfigSetExpClk
 .text.SSIEnable
                0x0001ea84        0xc ../common/drivers/LuminaryMicro/arm-none-eabi-gcc/libdriver.a(ssi.o)
                0x0001ea84                SSIEnable
 .text.SSIDisable
                0x0001ea90        0xc ../common/drivers/LuminaryMicro/arm-none-eabi-gcc/libdriver.a(ssi.o)
                0x0001ea90                SSIDisable
 .text.SSIIntEnable
                0x0001ea9c        0x8 ../common/drivers/LuminaryMicro/arm-none-eabi-gcc/libdriver.a(ssi.o)
                0x0001ea9c                SSIIntEnable
 .text.SSIIntDisable
                0x0001eaa4        0xc ../common/drivers/LuminaryMicro/arm-none-eabi-gcc/libdriver.a(ssi.o)
                0x0001eaa4                SSIIntDisable
 .text.SSIIntStatus
                0x0001eab0        0xc ../common/drivers/LuminaryMicro/arm-none-eabi-gcc/libdriver.a(ssi.o)
                0x0001eab0                SSIIntStatus
 .text.SSIIntClear
                0x0001eabc        0x4 ../common/drivers/LuminaryMicro/arm-none-eabi-gcc/libdriver.a(ssi.o)
                0x0001eabc                SSIIntClear
 .text.SSIDataPut
                0x0001eac0       0x10 ../common/drivers/LuminaryMicro/arm-none-eabi-gcc/libdriver.a(ssi.o)
                0x0001eac0                SSIDataPut
 .text.SSIDataPutNonBlocking
                0x0001ead0       0x10 ../common/drivers/LuminaryMicro/arm-none-eabi-gcc/libdriver.a(ssi.o)
                0x0001ead0                SSIDataPutNonBlocking
 .text.SSIDataGet
                0x0001eae0       0x14 ../common/drivers/LuminaryMicro/arm-none-eabi-gcc/libdriver.a(ssi.o)
                0x0001eae0                SSIDataGet
 .text.SSIDataGetNonBlocking
                0x0001eaf4       0x14 ../common/drivers/LuminaryMicro/arm-none-eabi-gcc/libdriver.a(ssi.o)
                0x0001eaf4                SSIDataGetNonBlocking
 .text.SSIDMAEnable
                0x0001eb08        0x8 ../common/drivers/LuminaryMicro/arm-none-eabi-gcc/libdriver.a(ssi.o)
                0x0001eb08                SSIDMAEnable
 .text.SSIDMADisable
                0x0001eb10        0xc ../common/drivers/LuminaryMicro/arm-none-eabi-gcc/libdriver.a(ssi.o)
                0x0001eb10                SSIDMADisable
 .text.SSIIntUnregister
                0x0001eb1c       0x20 ../common/drivers/LuminaryMicro/arm-none-eabi-gcc/libdriver.a(ssi.o)
                0x0001eb1c                SSIIntUnregister
 .text.SSIIntRegister
                0x0001eb3c       0x20 ../common/drivers/LuminaryMicro/arm-none-eabi-gcc/libdriver.a(ssi.o)
                0x0001eb3c                SSIIntRegister
 .text          0x0001eb5c        0x0 ../common/drivers/LuminaryMicro/arm-none-eabi-gcc/libdriver.a(sysctl.o)
 .text.SysCtlSRAMSizeGet
                0x0001eb5c       0x14 ../common/drivers/LuminaryMicro/arm-none-eabi-gcc/libdriver.a(sysctl.o)
                0x0001eb5c                SysCtlSRAMSizeGet
 .text.SysCtlFlashSizeGet
                0x0001eb70       0x14 ../common/drivers/LuminaryMicro/arm-none-eabi-gcc/libdriver.a(sysctl.o)
                0x0001eb70                SysCtlFlashSizeGet
 .text.SysCtlPinPresent
                0x0001eb84       0x14 ../common/drivers/LuminaryMicro/arm-none-eabi-gcc/libdriver.a(sysctl.o)
                0x0001eb84                SysCtlPinPresent
 .text.SysCtlPeripheralPresent
                0x0001eb98       0x28 ../common/drivers/LuminaryMicro/arm-none-eabi-gcc/libdriver.a(sysctl.o)
                0x0001eb98                SysCtlPeripheralPresent
 .text.SysCtlPeripheralReset
                0x0001ebc0       0x44 ../common/drivers/LuminaryMicro/arm-none-eabi-gcc/libdriver.a(sysctl.o)
                0x0001ebc0                SysCtlPeripheralReset
 .text.SysCtlPeripheralEnable
                0x0001ec04       0x24 ../common/drivers/LuminaryMicro/arm-none-eabi-gcc/libdriver.a(sysctl.o)
                0x0001ec04                SysCtlPeripheralEnable
 .text.SysCtlPeripheralDisable
                0x0001ec28       0x24 ../common/drivers/LuminaryMicro/arm-none-eabi-gcc/libdriver.a(sysctl.o)
                0x0001ec28                SysCtlPeripheralDisable
 .text.SysCtlPeripheralSleepEnable
                0x0001ec4c       0x24 ../common/drivers/LuminaryMicro/arm-none-eabi-gcc/libdriver.a(sysctl.o)
                0x0001ec4c                SysCtlPeripheralSleepEnable
 .text.SysCtlPeripheralSleepDisable
                0x0001ec70       0x24 ../common/drivers/LuminaryMicro/arm-none-eabi-gcc/libdriver.a(sysctl.o)
                0x0001ec70                SysCtlPeripheralSleepDisable
 .text.SysCtlPeripheralDeepSleepEnable
                0x0001ec94       0x24 ../common/drivers/LuminaryMicro/arm-none-eabi-gcc/libdriver.a(sysctl.o)
                0x0001ec94                SysCtlPeripheralDeepSleepEnable
 .text.SysCtlPeripheralDeepSleepDisable
                0x0001ecb8       0x24 ../common/drivers/LuminaryMicro/arm-none-eabi-gcc/libdriver.a(sysctl.o)
                0x0001ecb8                SysCtlPeripheralDeepSleepDisable
 .text.SysCtlPeripheralClockGating
                0x0001ecdc       0x20 ../common/drivers/LuminaryMicro/arm-none-eabi-gcc/libdriver.a(sysctl.o)
                0x0001ecdc                SysCtlPeripheralClockGating
 .text.SysCtlIntEnable
                0x0001ecfc       0x10 ../common/drivers/LuminaryMicro/arm-none-eabi-gcc/libdriver.a(sysctl.o)
                0x0001ecfc                SysCtlIntEnable
 .text.SysCtlIntDisable
                0x0001ed0c       0x10 ../common/drivers/LuminaryMicro/arm-none-eabi-gcc/libdriver.a(sysctl.o)
                0x0001ed0c                SysCtlIntDisable
 .text.SysCtlIntClear