Archive member included because of file (symbol)

../../Common/drivers/LuminaryMicro/arm-none-eabi-gcc/libdriver.a(ethernet.o)
                              ./webserver/emac.o (EthernetInitExpClk)
../../Common/drivers/LuminaryMicro/arm-none-eabi-gcc/libdriver.a(flash.o)
                              ./webserver/uIP_Task.o (FlashUserGet)
../../Common/drivers/LuminaryMicro/arm-none-eabi-gcc/libdriver.a(gpio.o)
                              main.o (GPIODirModeSet)
../../Common/drivers/LuminaryMicro/arm-none-eabi-gcc/libdriver.a(interrupt.o)
                              ../../Common/drivers/LuminaryMicro/arm-none-eabi-gcc/libdriver.a(ethernet.o) (IntRegister)
../../Common/drivers/LuminaryMicro/arm-none-eabi-gcc/libdriver.a(ssi.o)
                              rit128x96x4.o (SSIConfigSetExpClk)
../../Common/drivers/LuminaryMicro/arm-none-eabi-gcc/libdriver.a(sysctl.o)
                              main.o (SysCtlPeripheralPresent)
../../Common/drivers/LuminaryMicro/arm-none-eabi-gcc/libdriver.a(timer.o)
                              timertest.o (TimerEnable)
../../Common/drivers/LuminaryMicro/arm-none-eabi-gcc/libdriver.a(cpu.o)
                              ../../Common/drivers/LuminaryMicro/arm-none-eabi-gcc/libdriver.a(interrupt.o) (CPUcpsid)
../../Common/drivers/LuminaryMicro/arm-none-eabi-gcc/libgr.a(context.o)
                              formike128x128x16.o (GrContextInit)
../../Common/drivers/LuminaryMicro/arm-none-eabi-gcc/libgr.a(fontcmss12.o)
                              formike128x128x16.o (g_sFontCmss12)
../../Common/drivers/LuminaryMicro/arm-none-eabi-gcc/libgr.a(image.o)
                              formike128x128x16.o (GrImageDraw)
../../Common/drivers/LuminaryMicro/arm-none-eabi-gcc/libgr.a(rectangle.o)
                              formike128x128x16.o (GrRectFill)
../../Common/drivers/LuminaryMicro/arm-none-eabi-gcc/libgr.a(string.o)
                              formike128x128x16.o (GrStringDraw)
../../Common/drivers/LuminaryMicro/arm-none-eabi-gcc/libgr.a(line.o)
                              ../../Common/drivers/LuminaryMicro/arm-none-eabi-gcc/libgr.a(rectangle.o) (GrLineDrawH)
/opt/arm-cortex-toolchain/lib/gcc/arm-none-eabi/4.3.3/../../../../arm-none-eabi/lib/thumb/libg.a(lib_a-memcmp.o)
                              ../../Source/tasks.o (memcmp)
/opt/arm-cortex-toolchain/lib/gcc/arm-none-eabi/4.3.3/../../../../arm-none-eabi/lib/thumb/libg.a(lib_a-memcpy.o)
                              ../../Common/drivers/LuminaryMicro/ustdlib.o (memcpy)
/opt/arm-cortex-toolchain/lib/gcc/arm-none-eabi/4.3.3/../../../../arm-none-eabi/lib/thumb/libg.a(lib_a-memset.o)
                              ../../Common/Minimal/IntQueue.o (memset)
/opt/arm-cortex-toolchain/lib/gcc/arm-none-eabi/4.3.3/../../../../arm-none-eabi/lib/thumb/libg.a(lib_a-strcat.o)
                              ./webserver/httpd-cgi.o (strcat)
/opt/arm-cortex-toolchain/lib/gcc/arm-none-eabi/4.3.3/../../../../arm-none-eabi/lib/thumb/libg.a(lib_a-strchr.o)
                              ./webserver/uIP_Task.o (strchr)
/opt/arm-cortex-toolchain/lib/gcc/arm-none-eabi/4.3.3/../../../../arm-none-eabi/lib/thumb/libg.a(lib_a-strcpy.o)
                              ./webserver/uIP_Task.o (strcpy)
/opt/arm-cortex-toolchain/lib/gcc/arm-none-eabi/4.3.3/../../../../arm-none-eabi/lib/thumb/libg.a(lib_a-strlen.o)
                              formike128x128x16.o (strlen)
/opt/arm-cortex-toolchain/lib/gcc/arm-none-eabi/4.3.3/../../../../arm-none-eabi/lib/thumb/libg.a(lib_a-strncmp.o)
                              ./webserver/httpd.o (strncmp)
/opt/arm-cortex-toolchain/lib/gcc/arm-none-eabi/4.3.3/../../../../arm-none-eabi/lib/thumb/libg.a(lib_a-strncpy.o)
                              ../../Common/drivers/LuminaryMicro/ustdlib.o (strncpy)
/opt/arm-cortex-toolchain/lib/gcc/arm-none-eabi/4.3.3/../../../../arm-none-eabi/lib/thumb/libg.a(lib_a-strrchr.o)
                              ./webserver/httpd.o (strrchr)
/opt/arm-cortex-toolchain/lib/gcc/arm-none-eabi/4.3.3/../../../../arm-none-eabi/lib/thumb/libg.a(lib_a-strstr.o)
                              ./webserver/uIP_Task.o (strstr)
/opt/arm-cortex-toolchain/lib/gcc/arm-none-eabi/4.3.3/../../../../arm-none-eabi/lib/thumb/libg.a(lib_a-memchr.o)
                              /opt/arm-cortex-toolchain/lib/gcc/arm-none-eabi/4.3.3/../../../../arm-none-eabi/lib/thumb/libg.a(lib_a-strstr.o) (memchr)

Allocating common symbols
Common symbol       size              file

uip_len             0x2               ../../Common/ethernet/uIP/uip-1.0/uip/uip.o
xOLEDQueue          0x4               main.o
pcStatus            0x4               ./webserver/httpd-cgi.o
xHighPriorityTask   0x4               ../../Common/Minimal/QPeek.o
uip_sappdata        0x4               ../../Common/ethernet/uIP/uip-1.0/uip/uip.o
uip_acc32           0x4               ../../Common/ethernet/uIP/uip-1.0/uip/uip.o
xMediumPriorityTask
                    0x4               ../../Common/Minimal/QPeek.o
[...]
Memory Configuration

Name             Origin             Length             Attributes
FLASH            0x0000000000000000 0x0000000000040000 xr
SRAM             0x0000000020000000 0x0000000000010000 xrw
*default*        0x0000000000000000 0xffffffffffffffff

Linker script and memory map

LOAD main.o
LOAD timertest.o
LOAD rit128x96x4.o
LOAD osram128x64x4.o
LOAD formike128x128x16.o
LOAD ./ParTest/ParTest.o
LOAD ../../Common/drivers/LuminaryMicro/ustdlib.o
LOAD ../../Common/Minimal/BlockQ.o
LOAD ../../Common/Minimal/blocktim.o
LOAD ../../Common/Minimal/death.o
LOAD ../../Common/Minimal/integer.o
LOAD ../../Common/Minimal/PollQ.o
LOAD ../../Common/Minimal/semtest.o
LOAD ../../Common/Minimal/GenQTest.o
LOAD ../../Common/Minimal/QPeek.o
LOAD ../../Common/Minimal/recmutex.o
LOAD ../../Common/Minimal/IntQueue.o
LOAD ./IntQueueTimer.o
LOAD ./webserver/uIP_Task.o
LOAD ./webserver/emac.o
LOAD ./webserver/httpd.o
LOAD ./webserver/httpd-cgi.o
LOAD ./webserver/httpd-fs.o
LOAD ./webserver/http-strings.o
LOAD ../../Common/ethernet/uIP/uip-1.0/uip/uip_arp.o
LOAD ../../Common/ethernet/uIP/uip-1.0/uip/psock.o
LOAD ../../Common/ethernet/uIP/uip-1.0/uip/timer.o
LOAD ../../Common/ethernet/uIP/uip-1.0/uip/uip.o
LOAD ../../Source/list.o
LOAD ../../Source/queue.o
LOAD ../../Source/tasks.o
LOAD ../../Source/portable/GCC/ARM_CM3/port.o
LOAD ../../Source/portable/MemMang/heap_2.o
LOAD startup.o
LOAD ../../Common/drivers/LuminaryMicro/arm-none-eabi-gcc/libdriver.a
LOAD ../../Common/drivers/LuminaryMicro/arm-none-eabi-gcc/libgr.a
START GROUP
LOAD /opt/arm-cortex-toolchain/lib/gcc/arm-none-eabi/4.3.3/thumb/libgcc.a
LOAD /opt/arm-cortex-toolchain/lib/gcc/arm-none-eabi/4.3.3/../../../../arm-none-eabi/lib/thumb/libg.a
LOAD /opt/arm-cortex-toolchain/lib/gcc/arm-none-eabi/4.3.3/../../../../arm-none-eabi/lib/thumb/libc.a
END GROUP

.text           0x0000000000000000    0x12a78
 *(.isr_vector)
 .isr_vector    0x0000000000000000       0xf0 startup.o
                0x0000000000000000                g_pfnVectors
 *(.text*)
 .text          0x00000000000000f0        0x0 main.o
 .text.main     0x00000000000000f0       0xc8 main.o
                0x00000000000000f0                main
 .text.prvSetupHardware
                0x00000000000001b8       0x60 main.o
 .text.vApplicationTickHook
                0x0000000000000218      0x14c main.o
                0x0000000000000218                vApplicationTickHook
 .text.vOLEDTask
                0x0000000000000364      0x1c0 main.o
 .text.vApplicationStackOverflowHook
                0x0000000000000524        0xc main.o
                0x0000000000000524                vApplicationStackOverflowHook
 .text          0x0000000000000530        0x0 timertest.o
 .text.vSetupHighFrequencyTimer
                0x0000000000000530       0x98 timertest.o
                0x0000000000000530                vSetupHighFrequencyTimer
 .text.Timer0IntHandler
                0x00000000000005c8       0x80 timertest.o
                0x00000000000005c8                Timer0IntHandler
 .text          0x0000000000000648        0x0 rit128x96x4.o
 .text.RITWriteCommand
                0x0000000000000648       0x74 rit128x96x4.o
 .text.RITWriteData
                0x00000000000006bc       0x78 rit128x96x4.o
 .text.RIT128x96x4Clear
                0x0000000000000734       0x88 rit128x96x4.o
                0x0000000000000734                RIT128x96x4Clear
 .text.RIT128x96x4StringDraw
                0x00000000000007bc      0x18c rit128x96x4.o
                0x00000000000007bc                RIT128x96x4StringDraw
 .text.RIT128x96x4ImageDraw
                0x0000000000000948       0xc0 rit128x96x4.o
                0x0000000000000948                RIT128x96x4ImageDraw
 .text.RIT128x96x4Enable
                0x0000000000000a08       0x80 rit128x96x4.o
                0x0000000000000a08                RIT128x96x4Enable
 .text.RIT128x96x4Disable
                0x0000000000000a88       0x64 rit128x96x4.o
                0x0000000000000a88                RIT128x96x4Disable
 .text.RIT128x96x4Init
                0x0000000000000aec      0x170 rit128x96x4.o
                0x0000000000000aec                RIT128x96x4Init
 .text.RIT128x96x4DisplayOn
                0x0000000000000c5c       0x50 rit128x96x4.o
                0x0000000000000c5c                RIT128x96x4DisplayOn
 .text.RIT128x96x4DisplayOff
                0x0000000000000cac       0x18 rit128x96x4.o
                0x0000000000000cac                RIT128x96x4DisplayOff
 .text          0x0000000000000cc4        0x0 osram128x64x4.o
 .text.OSRAMWriteCommand
                0x0000000000000cc4       0x68 osram128x64x4.o
 .text.OSRAMWriteData
                0x0000000000000d2c       0x68 osram128x64x4.o
 .text.OSRAM128x64x4Clear
                0x0000000000000d94       0x74 osram128x64x4.o
                0x0000000000000d94                OSRAM128x64x4Clear
 .text.OSRAM128x64x4StringDraw
                0x0000000000000e08      0x18c osram128x64x4.o
                0x0000000000000e08                OSRAM128x64x4StringDraw
 .text.OSRAM128x64x4ImageDraw
                0x0000000000000f94       0xc0 osram128x64x4.o
                0x0000000000000f94                OSRAM128x64x4ImageDraw
 .text.OSRAM128x64x4Enable
                0x0000000000001054       0x80 osram128x64x4.o
                0x0000000000001054                OSRAM128x64x4Enable
 .text.OSRAM128x64x4Disable
                0x00000000000010d4       0x68 osram128x64x4.o
                0x00000000000010d4                OSRAM128x64x4Disable
 .text.OSRAM128x64x4Init
                0x000000000000113c       0xf0 osram128x64x4.o
                0x000000000000113c                OSRAM128x64x4Init
 .text.OSRAM128x64x4DisplayOn
                0x000000000000122c       0x50 osram128x64x4.o
                0x000000000000122c                OSRAM128x64x4DisplayOn
 .text.OSRAM128x64x4DisplayOff
                0x000000000000127c       0x18 osram128x64x4.o
                0x000000000000127c                OSRAM128x64x4DisplayOff
 .text          0x0000000000001294        0x0 formike128x128x16.o
 .text.WriteData
                0x0000000000001294       0x34 formike128x128x16.o
 .text.WriteCommand
                0x00000000000012c8       0x48 formike128x128x16.o
 .text.Formike128x128x16Init
                0x0000000000001310      0x238 formike128x128x16.o
                0x0000000000001310                Formike128x128x16Init
 .text.Formike128x128x16BacklightOn
                0x0000000000001548       0x18 formike128x128x16.o
                0x0000000000001548                Formike128x128x16BacklightOn
 .text.Formike128x128x16BacklightOff
                0x0000000000001560       0x18 formike128x128x16.o
                0x0000000000001560                Formike128x128x16BacklightOff
 .text.Formike128x128x16PixelDraw
                0x0000000000001578       0x7c formike128x128x16.o
 .text.Formike128x128x16PixelDrawMultiple
                0x00000000000015f4      0x284 formike128x128x16.o
 .text.Formike128x128x16Flush
                0x0000000000001878       0x14 formike128x128x16.o
 .text.Formike128x128x16LineDrawH
                0x000000000000188c       0x98 formike128x128x16.o
 .text.Formike128x128x16LineDrawV
                0x0000000000001924       0x98 formike128x128x16.o
 .text.Formike128x128x16RectFill
                0x00000000000019bc       0xc0 formike128x128x16.o
 .text.Formike128x128x16ColorTranslate
                0x0000000000001a7c       0x40 formike128x128x16.o
 .text.vFormike128x128x16Clear
                0x0000000000001abc       0x5c formike128x128x16.o
                0x0000000000001abc                vFormike128x128x16Clear
 .text.vFormike128x128x16StringDraw
                0x0000000000001b18       0x5c formike128x128x16.o
                0x0000000000001b18                vFormike128x128x16StringDraw
 .text.vFormike128x128x16Init
                0x0000000000001b74       0x90 formike128x128x16.o
                0x0000000000001b74                vFormike128x128x16Init
 .text.vFormike128x128x16ImageDraw
                0x0000000000001c04       0x2c formike128x128x16.o
                0x0000000000001c04                vFormike128x128x16ImageDraw
 .text          0x0000000000001c30        0x0 ./ParTest/ParTest.o
 .text.vParTestInitialise
                0x0000000000001c30       0x3c ./ParTest/ParTest.o
                0x0000000000001c30                vParTestInitialise
 .text.vParTestSetLED
                0x0000000000001c6c       0x28 ./ParTest/ParTest.o
                0x0000000000001c6c                vParTestSetLED
 .text.uxParTestGetLED
                0x0000000000001c94       0x24 ./ParTest/ParTest.o
                0x0000000000001c94                uxParTestGetLED
 .text          0x0000000000001cb8        0x0 ../../Common/drivers/LuminaryMicro/ustdlib.o
 .text.uvsnprintf
                0x0000000000001cb8      0x4fc ../../Common/drivers/LuminaryMicro/ustdlib.o
                0x0000000000001cb8                uvsnprintf
 .text.usprintf
                0x00000000000021b4       0x34 ../../Common/drivers/LuminaryMicro/ustdlib.o
                0x00000000000021b4                usprintf
 .text.usnprintf
                0x00000000000021e8       0x34 ../../Common/drivers/LuminaryMicro/ustdlib.o
                0x00000000000021e8                usnprintf
 .text          0x000000000000221c        0x0 ../../Common/Minimal/BlockQ.o
 .text.vStartBlockingQueueTasks
                0x000000000000221c      0x1dc ../../Common/Minimal/BlockQ.o
                0x000000000000221c                vStartBlockingQueueTasks
 .text.vBlockingQueueProducer
                0x00000000000023f8       0x68 ../../Common/Minimal/BlockQ.o
 .text.vBlockingQueueConsumer
                0x0000000000002460       0x70 ../../Common/Minimal/BlockQ.o
 .text.xAreBlockingQueuesStillRunning
                0x00000000000024d0       0xa4 ../../Common/Minimal/BlockQ.o
                0x00000000000024d0                xAreBlockingQueuesStillRunning
 .text          0x0000000000002574        0x0 ../../Common/Minimal/blocktim.o
 .text.vCreateBlockTimeTasks
                0x0000000000002574       0x80 ../../Common/Minimal/blocktim.o
                0x0000000000002574                vCreateBlockTimeTasks
 .text.vPrimaryBlockTimeTestTask
                0x00000000000025f4      0x37c ../../Common/Minimal/blocktim.o
 .text.vSecondaryBlockTimeTestTask
                0x0000000000002970      0x10c ../../Common/Minimal/blocktim.o
 .text.xAreBlockTimeTestTasksStillRunning
                0x0000000000002a7c       0x70 ../../Common/Minimal/blocktim.o
                0x0000000000002a7c                xAreBlockTimeTestTasksStillRunning
 .text          0x0000000000002aec        0x0 ../../Common/Minimal/death.o
 .text.vCreateSuicidalTasks
                0x0000000000002aec       0x60 ../../Common/Minimal/death.o
                0x0000000000002aec                vCreateSuicidalTasks
 .text.vSuicidalTask
                0x0000000000002b4c       0x5c ../../Common/Minimal/death.o
 .text.vCreateTasks
                0x0000000000002ba8       0x84 ../../Common/Minimal/death.o
 .text.xIsCreateTaskStillRunning
                0x0000000000002c2c       0x84 ../../Common/Minimal/death.o
                0x0000000000002c2c                xIsCreateTaskStillRunning
 .text          0x0000000000002cb0        0x0 ../../Common/Minimal/integer.o
 .text.vStartIntegerMathTasks
                0x0000000000002cb0       0x5c ../../Common/Minimal/integer.o
                0x0000000000002cb0                vStartIntegerMathTasks
 .text.vCompeteingIntMathTask
                0x0000000000002d0c       0x7c ../../Common/Minimal/integer.o
 .text.xAreIntegerMathsTaskStillRunning
                0x0000000000002d88       0x58 ../../Common/Minimal/integer.o
                0x0000000000002d88                xAreIntegerMathsTaskStillRunning
 .text          0x0000000000002de0        0x0 ../../Common/Minimal/PollQ.o
 .text.vStartPolledQueueTasks
                0x0000000000002de0       0x7c ../../Common/Minimal/PollQ.o
                0x0000000000002de0                vStartPolledQueueTasks
 .text.vPolledQueueProducer
                0x0000000000002e5c       0x84 ../../Common/Minimal/PollQ.o
 .text.vPolledQueueConsumer
                0x0000000000002ee0       0x88 ../../Common/Minimal/PollQ.o
 .text.xArePollingQueuesStillRunning
                0x0000000000002f68       0x4c ../../Common/Minimal/PollQ.o
                0x0000000000002f68                xArePollingQueuesStillRunning
 .text          0x0000000000002fb4        0x0 ../../Common/Minimal/semtest.o
 .text.vStartSemaphoreTasks
                0x0000000000002fb4      0x190 ../../Common/Minimal/semtest.o
                0x0000000000002fb4                vStartSemaphoreTasks
 .text.prvSemaphoreTest
                0x0000000000003144      0x120 ../../Common/Minimal/semtest.o
 .text.xAreSemaphoreTasksStillRunning
                0x0000000000003264       0x6c ../../Common/Minimal/semtest.o
                0x0000000000003264                xAreSemaphoreTasksStillRunning
 .text          0x00000000000032d0        0x0 ../../Common/Minimal/GenQTest.o
 .text.vStartGenericQueueTasks
                0x00000000000032d0       0xd8 ../../Common/Minimal/GenQTest.o
                0x00000000000032d0                vStartGenericQueueTasks
 .text.prvSendFrontAndBackTest
                0x00000000000033a8      0x3ac ../../Common/Minimal/GenQTest.o
 .text.prvLowPriorityMutexTask
                0x0000000000003754      0x11c ../../Common/Minimal/GenQTest.o
 .text.prvMediumPriorityMutexTask
                0x0000000000003870       0x24 ../../Common/Minimal/GenQTest.o
 .text.prvHighPriorityMutexTask
                0x0000000000003894       0x5c ../../Common/Minimal/GenQTest.o
 .text.xAreGenericQueueTasksStillRunning
                0x00000000000038f0       0x64 ../../Common/Minimal/GenQTest.o
                0x00000000000038f0                xAreGenericQueueTasksStillRunning
 .text          0x0000000000003954        0x0 ../../Common/Minimal/QPeek.o
 .text.vStartQueuePeekTasks
                0x0000000000003954       0xc4 ../../Common/Minimal/QPeek.o
                0x0000000000003954                vStartQueuePeekTasks
 .text.prvHighestPriorityPeekTask
                0x0000000000003a18      0x124 ../../Common/Minimal/QPeek.o
 .text.prvHighPriorityPeekTask
                0x0000000000003b3c       0xa4 ../../Common/Minimal/QPeek.o
 .text.prvMediumPriorityPeekTask
                0x0000000000003be0       0x74 ../../Common/Minimal/QPeek.o
 .text.prvLowPriorityPeekTask
                0x0000000000003c54      0x13c ../../Common/Minimal/QPeek.o
 .text.xAreQueuePeekTasksStillRunning
                0x0000000000003d90       0x40 ../../Common/Minimal/QPeek.o
                0x0000000000003d90                xAreQueuePeekTasksStillRunning
 .text          0x0000000000003dd0        0x0 ../../Common/Minimal/recmutex.o
 .text.vStartRecursiveMutexTasks
                0x0000000000003dd0       0xa8 ../../Common/Minimal/recmutex.o
                0x0000000000003dd0                vStartRecursiveMutexTasks
 .text.prvRecursiveMutexControllingTask
                0x0000000000003e78       0xe0 ../../Common/Minimal/recmutex.o
 .text.prvRecursiveMutexBlockingTask
                0x0000000000003f58       0xa8 ../../Common/Minimal/recmutex.o
 .text.prvRecursiveMutexPollingTask
                0x0000000000004000       0x80 ../../Common/Minimal/recmutex.o
 .text.xAreRecursiveMutexTasksStillRunning
                0x0000000000004080       0xa0 ../../Common/Minimal/recmutex.o
                0x0000000000004080                xAreRecursiveMutexTasksStillRunning
 .text          0x0000000000004120        0x0 ../../Common/Minimal/IntQueue.o
 .text.vStartInterruptQueueTasks
                0x0000000000004120      0x13c ../../Common/Minimal/IntQueue.o
                0x0000000000004120                vStartInterruptQueueTasks
 .text.prvRecordValue_NormallyFull
                0x000000000000425c       0x38 ../../Common/Minimal/IntQueue.o
 .text.prvRecordValue_NormallyEmpty
                0x0000000000004294       0x38 ../../Common/Minimal/IntQueue.o
 .text.prvQueueAccessLogError
                0x00000000000042cc       0x28 ../../Common/Minimal/IntQueue.o
 .text.prvHigherPriorityNormallyEmptyTask
                0x00000000000042f4      0x15c ../../Common/Minimal/IntQueue.o
 .text.prvLowerPriorityNormallyEmptyTask
                0x0000000000004450       0xd0 ../../Common/Minimal/IntQueue.o
 .text.prv1stHigherPriorityNormallyFullTask
                0x0000000000004520      0x140 ../../Common/Minimal/IntQueue.o
 .text.prv2ndHigherPriorityNormallyFullTask
                0x0000000000004660       0xb8 ../../Common/Minimal/IntQueue.o
 .text.prvLowerPriorityNormallyFullTask
                0x0000000000004718       0xbc ../../Common/Minimal/IntQueue.o
 .text.xFirstTimerHandler
                0x00000000000047d4      0x190 ../../Common/Minimal/IntQueue.o
                0x00000000000047d4                xFirstTimerHandler
 .text.xSecondTimerHandler
                0x0000000000004964      0x268 ../../Common/Minimal/IntQueue.o
                0x0000000000004964                xSecondTimerHandler
 .text.xAreIntQueueTasksStillRunning
                0x0000000000004bcc       0xa4 ../../Common/Minimal/IntQueue.o
                0x0000000000004bcc                xAreIntQueueTasksStillRunning
 .text          0x0000000000004c70        0x0 ./IntQueueTimer.o
 .text.vInitialiseTimerForIntQueueTest
                0x0000000000004c70       0xbc ./IntQueueTimer.o
                0x0000000000004c70                vInitialiseTimerForIntQueueTest
 .text.vT2InterruptHandler
                0x0000000000004d2c       0x24 ./IntQueueTimer.o
                0x0000000000004d2c                vT2InterruptHandler
 .text.vT3InterruptHandler
                0x0000000000004d50       0x24 ./IntQueueTimer.o
                0x0000000000004d50                vT3InterruptHandler
 .text          0x0000000000004d74        0x0 ./webserver/uIP_Task.o
 .text.clock_init
                0x0000000000004d74        0xc ./webserver/uIP_Task.o
                0x0000000000004d74                clock_init
 .text.clock_time
                0x0000000000004d80       0x10 ./webserver/uIP_Task.o
                0x0000000000004d80                clock_time
 .text.vuIP_Task
                0x0000000000004d90      0x1dc ./webserver/uIP_Task.o
                0x0000000000004d90                vuIP_Task
 .text.prvENET_Send
                0x0000000000004f6c       0x20 ./webserver/uIP_Task.o
 .text.prvSetMACAddress
                0x0000000000004f8c       0xa4 ./webserver/uIP_Task.o
 .text.vApplicationProcessFormInput
                0x0000000000005030       0xd8 ./webserver/uIP_Task.o
                0x0000000000005030                vApplicationProcessFormInput
 .text          0x0000000000005108        0x0 ./webserver/emac.o
 .text.vInitEMAC
                0x0000000000005108      0x114 ./webserver/emac.o
                0x0000000000005108                vInitEMAC
 .text.uiGetEMACRxData
                0x000000000000521c       0x80 ./webserver/emac.o
                0x000000000000521c                uiGetEMACRxData
 .text.vInitialiseSend
                0x000000000000529c       0x18 ./webserver/emac.o
                0x000000000000529c                vInitialiseSend
 .text.vIncrementTxLength
                0x00000000000052b4       0x24 ./webserver/emac.o
                0x00000000000052b4                vIncrementTxLength
 .text.vSendBufferToMAC
                0x00000000000052d8       0x88 ./webserver/emac.o
                0x00000000000052d8                vSendBufferToMAC
 .text.vEMAC_ISR
                0x0000000000005360       0x68 ./webserver/emac.o
                0x0000000000005360                vEMAC_ISR
 .text.vMACHandleTask
                0x00000000000053c8      0x150 ./webserver/emac.o
                0x00000000000053c8                vMACHandleTask
 .text          0x0000000000005518        0x0 ./webserver/httpd.o
 .text.generate_part_of_file
                0x0000000000005518       0x6c ./webserver/httpd.o
 .text.send_file
                0x0000000000005584       0xa0 ./webserver/httpd.o
 .text.send_part_of_file
                0x0000000000005624       0x74 ./webserver/httpd.o
 .text.next_scriptstate
                0x0000000000005698       0x54 ./webserver/httpd.o
 .text.handle_script
                0x00000000000056ec      0x234 ./webserver/httpd.o
 .text.send_headers
                0x0000000000005920      0x2c0 ./webserver/httpd.o
 .text.handle_output
                0x0000000000005be0      0x188 ./webserver/httpd.o
 .text.handle_input
                0x0000000000005d68      0x1e8 ./webserver/httpd.o
 .text.handle_connection
                0x0000000000005f50       0x28 ./webserver/httpd.o
 .text.httpd_appcall
                0x0000000000005f78       0xec ./webserver/httpd.o
                0x0000000000005f78                httpd_appcall
 .text.httpd_init
                0x0000000000006064       0x10 ./webserver/httpd.o
                0x0000000000006064                httpd_init
 .text          0x0000000000006074        0x0 ./webserver/httpd-cgi.o
 .text.nullfunction
                0x0000000000006074       0x30 ./webserver/httpd-cgi.o
 .text.httpd_cgi
                0x00000000000060a4       0x64 ./webserver/httpd-cgi.o
                0x00000000000060a4                httpd_cgi
 .text.generate_file_stats
                0x0000000000006108       0x3c ./webserver/httpd-cgi.o
 .text.file_stats
                0x0000000000006144       0x80 ./webserver/httpd-cgi.o
 .text.generate_tcp_stats
                0x00000000000061c4      0x138 ./webserver/httpd-cgi.o
 .text.tcp_stats
                0x00000000000062fc       0xc4 ./webserver/httpd-cgi.o
 .text.generate_net_stats
                0x00000000000063c0       0x48 ./webserver/httpd-cgi.o
 .text.net_stats
                0x0000000000006408       0x98 ./webserver/httpd-cgi.o
 .text.generate_rtos_stats
                0x00000000000064a0       0x60 ./webserver/httpd-cgi.o
 .text.rtos_stats
                0x0000000000006500       0x70 ./webserver/httpd-cgi.o
 .text.generate_io_state
                0x0000000000006570       0x64 ./webserver/httpd-cgi.o
 .text.generate_runtime_stats
                0x00000000000065d4       0x60 ./webserver/httpd-cgi.o
 .text.run_time
                0x0000000000006634       0x74 ./webserver/httpd-cgi.o
 .text.led_io   0x00000000000066a8       0x74 ./webserver/httpd-cgi.o
 .text          0x000000000000671c        0x0 ./webserver/httpd-fs.o
 .text.httpd_fs_strcmp
                0x000000000000671c       0x70 ./webserver/httpd-fs.o
 .text.httpd_fs_open
                0x000000000000678c       0x84 ./webserver/httpd-fs.o
                0x000000000000678c                httpd_fs_open
 .text.httpd_fs_init
                0x0000000000006810       0x38 ./webserver/httpd-fs.o
                0x0000000000006810                httpd_fs_init
 .text.httpd_fs_count
                0x0000000000006848       0x60 ./webserver/httpd-fs.o
                0x0000000000006848                httpd_fs_count
 .text          0x00000000000068a8        0x0 ./webserver/http-strings.o
 .text          0x00000000000068a8        0x0 ../../Common/ethernet/uIP/uip-1.0/uip/uip_arp.o
 .text.uip_arp_init
                0x00000000000068a8       0x54 ../../Common/ethernet/uIP/uip-1.0/uip/uip_arp.o
                0x00000000000068a8                uip_arp_init
 .text.uip_arp_timer
                0x00000000000068fc       0x94 ../../Common/ethernet/uIP/uip-1.0/uip/uip_arp.o
                0x00000000000068fc                uip_arp_timer
 .text.uip_arp_update
                0x0000000000006990      0x1b4 ../../Common/ethernet/uIP/uip-1.0/uip/uip_arp.o
 .text.uip_arp_ipin
                0x0000000000006b44       0x94 ../../Common/ethernet/uIP/uip-1.0/uip/uip_arp.o
                0x0000000000006b44                uip_arp_ipin
 .text.uip_arp_arpin
                0x0000000000006bd8      0x27c ../../Common/ethernet/uIP/uip-1.0/uip/uip_arp.o
                0x0000000000006bd8                uip_arp_arpin
 .text.uip_arp_out
                0x0000000000006e54      0x31c ../../Common/ethernet/uIP/uip-1.0/uip/uip_arp.o
                0x0000000000006e54                uip_arp_out
 .text          0x0000000000007170        0x0 ../../Common/ethernet/uIP/uip-1.0/uip/psock.o
 .text.buf_setup
                0x0000000000007170       0x24 ../../Common/ethernet/uIP/uip-1.0/uip/psock.o
 .text.buf_bufdata
                0x0000000000007194      0x124 ../../Common/ethernet/uIP/uip-1.0/uip/psock.o
 .text.buf_bufto
                0x00000000000072b8       0xd4 ../../Common/ethernet/uIP/uip-1.0/uip/psock.o
 .text.send_data
                0x000000000000738c       0x7c ../../Common/ethernet/uIP/uip-1.0/uip/psock.o
 .text.data_acked
                0x0000000000007408       0x98 ../../Common/ethernet/uIP/uip-1.0/uip/psock.o
 .text.psock_send
                0x00000000000074a0       0xb4 ../../Common/ethernet/uIP/uip-1.0/uip/psock.o
                0x00000000000074a0                psock_send
 .text.psock_generator_send
                0x0000000000007554       0xd4 ../../Common/ethernet/uIP/uip-1.0/uip/psock.o
                0x0000000000007554                psock_generator_send
 .text.psock_datalen
                0x0000000000007628       0x24 ../../Common/ethernet/uIP/uip-1.0/uip/psock.o
                0x0000000000007628                psock_datalen
 .text.psock_newdata
                0x000000000000764c       0x60 ../../Common/ethernet/uIP/uip-1.0/uip/psock.o
                0x000000000000764c                psock_newdata
 .text.psock_readto
                0x00000000000076ac       0xf8 ../../Common/ethernet/uIP/uip-1.0/uip/psock.o
                0x00000000000076ac                psock_readto
 .text.psock_readbuf
                0x00000000000077a4      0x100 ../../Common/ethernet/uIP/uip-1.0/uip/psock.o
                0x00000000000077a4                psock_readbuf
 .text.psock_init
                0x00000000000078a4       0x48 ../../Common/ethernet/uIP/uip-1.0/uip/psock.o
                0x00000000000078a4                psock_init
 .text          0x00000000000078ec        0x0 ../../Common/ethernet/uIP/uip-1.0/uip/timer.o
 .text.timer_set
                0x00000000000078ec       0x24 ../../Common/ethernet/uIP/uip-1.0/uip/timer.o
                0x00000000000078ec                timer_set
 .text.timer_reset
                0x0000000000007910       0x20 ../../Common/ethernet/uIP/uip-1.0/uip/timer.o
                0x0000000000007910                timer_reset
 .text.timer_restart
                0x0000000000007930       0x1c ../../Common/ethernet/uIP/uip-1.0/uip/timer.o
                0x0000000000007930                timer_restart
 .text.timer_expired
                0x000000000000794c       0x2c ../../Common/ethernet/uIP/uip-1.0/uip/timer.o
                0x000000000000794c                timer_expired
 .text          0x0000000000007978        0x0 ../../Common/ethernet/uIP/uip-1.0/uip/uip.o
 .text.uip_setipid
                0x0000000000007978       0x20 ../../Common/ethernet/uIP/uip-1.0/uip/uip.o
                0x0000000000007978                uip_setipid
 .text.uip_add32
                0x0000000000007998       0xdc ../../Common/ethernet/uIP/uip-1.0/uip/uip.o
                0x0000000000007998                uip_add32
 .text.chksum   0x0000000000007a74       0x98 ../../Common/ethernet/uIP/uip-1.0/uip/uip.o
 .text.uip_chksum
                0x0000000000007b0c       0x30 ../../Common/ethernet/uIP/uip-1.0/uip/uip.o
                0x0000000000007b0c                uip_chksum
 .text.uip_ipchksum
                0x0000000000007b3c       0x4c ../../Common/ethernet/uIP/uip-1.0/uip/uip.o
                0x0000000000007b3c                uip_ipchksum
 .text.upper_layer_chksum
                0x0000000000007b88       0x98 ../../Common/ethernet/uIP/uip-1.0/uip/uip.o
 .text.uip_tcpchksum
                0x0000000000007c20       0x14 ../../Common/ethernet/uIP/uip-1.0/uip/uip.o
                0x0000000000007c20                uip_tcpchksum
 .text.uip_udpchksum
                0x0000000000007c34       0x14 ../../Common/ethernet/uIP/uip-1.0/uip/uip.o
                0x0000000000007c34                uip_udpchksum
 .text.uip_init
                0x0000000000007c48       0x98 ../../Common/ethernet/uIP/uip-1.0/uip/uip.o
                0x0000000000007c48                uip_init
 .text.uip_connect
                0x0000000000007ce0      0x1b8 ../../Common/ethernet/uIP/uip-1.0/uip/uip.o
                0x0000000000007ce0                uip_connect
 .text.uip_unlisten
                0x0000000000007e98       0x60 ../../Common/ethernet/uIP/uip-1.0/uip/uip.o
                0x0000000000007e98                uip_unlisten
 .text.uip_listen
                0x0000000000007ef8       0x5c ../../Common/ethernet/uIP/uip-1.0/uip/uip.o
                0x0000000000007ef8                uip_listen
 .text.uip_add_rcv_nxt
                0x0000000000007f54       0x54 ../../Common/ethernet/uIP/uip-1.0/uip/uip.o
 .text.uip_process
                0x0000000000007fa8     0x1b64 ../../Common/ethernet/uIP/uip-1.0/uip/uip.o
                0x0000000000007fa8                uip_process
 .text.htons    0x0000000000009b0c       0x30 ../../Common/ethernet/uIP/uip-1.0/uip/uip.o
                0x0000000000009b0c                htons
 .text.uip_send
                0x0000000000009b3c       0x44 ../../Common/ethernet/uIP/uip-1.0/uip/uip.o
                0x0000000000009b3c                uip_send
 .text          0x0000000000009b80        0x0 ../../Source/list.o
 .text.vListInitialise
                0x0000000000009b80       0x48 ../../Source/list.o
                0x0000000000009b80                vListInitialise
 .text.vListInitialiseItem
                0x0000000000009bc8       0x1c ../../Source/list.o
                0x0000000000009bc8                vListInitialiseItem
 .text.vListInsertEnd
                0x0000000000009be4       0x50 ../../Source/list.o
                0x0000000000009be4                vListInsertEnd
 .text.vListInsert
                0x0000000000009c34       0x74 ../../Source/list.o
                0x0000000000009c34                vListInsert
 .text.vListRemove
                0x0000000000009ca8       0x54 ../../Source/list.o
                0x0000000000009ca8                vListRemove
 .text          0x0000000000009cfc        0x0 ../../Source/queue.o
 .text.xQueueCreate
                0x0000000000009cfc       0xd4 ../../Source/queue.o
                0x0000000000009cfc                xQueueCreate
 .text.xQueueCreateMutex
                0x0000000000009dd0       0x98 ../../Source/queue.o
                0x0000000000009dd0                xQueueCreateMutex
 .text.xQueueGiveMutexRecursive
                0x0000000000009e68       0x58 ../../Source/queue.o
                0x0000000000009e68                xQueueGiveMutexRecursive
 .text.xQueueTakeMutexRecursive
                0x0000000000009ec0       0x60 ../../Source/queue.o
                0x0000000000009ec0                xQueueTakeMutexRecursive
 .text.xQueueGenericSend
                0x0000000000009f20      0x124 ../../Source/queue.o
                0x0000000000009f20                xQueueGenericSend
 .text.xQueueGenericSendFromISR
                0x000000000000a044       0x90 ../../Source/queue.o
                0x000000000000a044                xQueueGenericSendFromISR
 .text.xQueueGenericReceive
                0x000000000000a0d4      0x18c ../../Source/queue.o
                0x000000000000a0d4                xQueueGenericReceive
 .text.xQueueReceiveFromISR
                0x000000000000a260       0x94 ../../Source/queue.o
                0x000000000000a260                xQueueReceiveFromISR
 .text.uxQueueMessagesWaiting
                0x000000000000a2f4       0x24 ../../Source/queue.o
                0x000000000000a2f4                uxQueueMessagesWaiting
 .text.uxQueueMessagesWaitingFromISR
                0x000000000000a318       0x1c ../../Source/queue.o
                0x000000000000a318                uxQueueMessagesWaitingFromISR
 .text.vQueueDelete
                0x000000000000a334       0x28 ../../Source/queue.o
                0x000000000000a334                vQueueDelete
 .text.prvCopyDataToQueue
                0x000000000000a35c       0xc4 ../../Source/queue.o
 .text.prvCopyDataFromQueue
                0x000000000000a420       0x50 ../../Source/queue.o
 .text.prvUnlockQueue
                0x000000000000a470       0x98 ../../Source/queue.o
 .text.prvIsQueueEmpty
                0x000000000000a508       0x2c ../../Source/queue.o
 .text.xQueueIsQueueEmptyFromISR
                0x000000000000a534       0x24 ../../Source/queue.o
                0x000000000000a534                xQueueIsQueueEmptyFromISR
 .text.prvIsQueueFull
                0x000000000000a558       0x30 ../../Source/queue.o
 .text.xQueueIsQueueFullFromISR
                0x000000000000a588       0x28 ../../Source/queue.o
                0x000000000000a588                xQueueIsQueueFullFromISR
 .text.vQueueAddToRegistry
                0x000000000000a5b0       0x54 ../../Source/queue.o
                0x000000000000a5b0                vQueueAddToRegistry
 .text.vQueueUnregisterQueue
                0x000000000000a604       0x4c ../../Source/queue.o
 .text          0x000000000000a650        0x0 ../../Source/tasks.o
 .text.xTaskCreate
                0x000000000000a650      0x154 ../../Source/tasks.o
                0x000000000000a650                xTaskCreate
 .text.vTaskDelete
                0x000000000000a7a4       0xac ../../Source/tasks.o
                0x000000000000a7a4                vTaskDelete
 .text.vTaskDelayUntil
                0x000000000000a850       0xe0 ../../Source/tasks.o
                0x000000000000a850                vTaskDelayUntil
 .text.vTaskDelay
                0x000000000000a930       0x98 ../../Source/tasks.o
                0x000000000000a930                vTaskDelay
 .text.uxTaskPriorityGet
                0x000000000000a9c8       0x3c ../../Source/tasks.o
                0x000000000000a9c8                uxTaskPriorityGet
 .text.vTaskPrioritySet
                0x000000000000aa04      0x114 ../../Source/tasks.o
                0x000000000000aa04                vTaskPrioritySet
 .text.vTaskSuspend
                0x000000000000ab18       0x80 ../../Source/tasks.o
                0x000000000000ab18                vTaskSuspend
 .text.xTaskIsTaskSuspended
                0x000000000000ab98       0x4c ../../Source/tasks.o
                0x000000000000ab98                xTaskIsTaskSuspended
 .text.vTaskResume
                0x000000000000abe4       0x98 ../../Source/tasks.o
                0x000000000000abe4                vTaskResume
 .text.xTaskResumeFromISR
                0x000000000000ac7c       0xac ../../Source/tasks.o
                0x000000000000ac7c                xTaskResumeFromISR
 .text.vTaskStartScheduler
                0x000000000000ad28       0x70 ../../Source/tasks.o
                0x000000000000ad28                vTaskStartScheduler
 .text.vTaskEndScheduler
                0x000000000000ad98       0x20 ../../Source/tasks.o
                0x000000000000ad98                vTaskEndScheduler
 .text.vTaskSuspendAll
                0x000000000000adb8       0x1c ../../Source/tasks.o
                0x000000000000adb8                vTaskSuspendAll
 .text.xTaskResumeAll
                0x000000000000add4      0x130 ../../Source/tasks.o
                0x000000000000add4                xTaskResumeAll
 .text.xTaskGetTickCount
                0x000000000000af04       0x24 ../../Source/tasks.o
                0x000000000000af04                xTaskGetTickCount
 .text.uxTaskGetNumberOfTasks
                0x000000000000af28       0x14 ../../Source/tasks.o
                0x000000000000af28                uxTaskGetNumberOfTasks
 .text.vTaskList
                0x000000000000af3c       0xfc ../../Source/tasks.o
                0x000000000000af3c                vTaskList
 .text.vTaskGetRunTimeStats
                0x000000000000b038       0xfc ../../Source/tasks.o
                0x000000000000b038                vTaskGetRunTimeStats
 .text.vTaskStartTrace
                0x000000000000b134       0x4c ../../Source/tasks.o
                0x000000000000b134                vTaskStartTrace
 .text.ulTaskEndTrace
                0x000000000000b180       0x40 ../../Source/tasks.o
                0x000000000000b180                ulTaskEndTrace
 .text.vTaskIncrementTick
                0x000000000000b1c0      0x110 ../../Source/tasks.o
                0x000000000000b1c0                vTaskIncrementTick
 .text.vTaskSwitchContext
                0x000000000000b2d0      0x19c ../../Source/tasks.o
                0x000000000000b2d0                vTaskSwitchContext
 .text.vTaskPlaceOnEventList
                0x000000000000b46c       0xa8 ../../Source/tasks.o
                0x000000000000b46c                vTaskPlaceOnEventList
 .text.xTaskRemoveFromEventList
                0x000000000000b514       0xc4 ../../Source/tasks.o
                0x000000000000b514                xTaskRemoveFromEventList
 .text.vTaskSetTimeOutState
                0x000000000000b5d8       0x2c ../../Source/tasks.o
                0x000000000000b5d8                vTaskSetTimeOutState
 .text.xTaskCheckForTimeOut
                0x000000000000b604       0x98 ../../Source/tasks.o
                0x000000000000b604                xTaskCheckForTimeOut
 .text.vTaskMissedYield
                0x000000000000b69c       0x18 ../../Source/tasks.o
                0x000000000000b69c                vTaskMissedYield
 .text.prvIdleTask
                0x000000000000b6b4       0x10 ../../Source/tasks.o
 .text.prvInitialiseTCBVariables
                0x000000000000b6c4       0x80 ../../Source/tasks.o
 .text.prvInitialiseTaskLists
                0x000000000000b744       0x84 ../../Source/tasks.o
 .text.prvCheckTasksWaitingTermination
                0x000000000000b7c8       0x90 ../../Source/tasks.o
 .text.prvAllocateTCBAndStack
                0x000000000000b858       0x68 ../../Source/tasks.o
 .text.prvListTaskWithinSingleList
                0x000000000000b8c0       0xc0 ../../Source/tasks.o
 .text.prvGenerateRunTimeStatsForTasksInList
                0x000000000000b980      0x104 ../../Source/tasks.o
 .text.usTaskCheckFreeStackSpace
                0x000000000000ba84       0x44 ../../Source/tasks.o
                0x000000000000ba84                usTaskCheckFreeStackSpace
 .text.uxTaskGetStackHighWaterMark
                0x000000000000bac8       0x3c ../../Source/tasks.o
                0x000000000000bac8                uxTaskGetStackHighWaterMark
 .text.prvDeleteTCB
                0x000000000000bb04       0x20 ../../Source/tasks.o
 .text.xTaskGetCurrentTaskHandle
                0x000000000000bb24       0x14 ../../Source/tasks.o
                0x000000000000bb24                xTaskGetCurrentTaskHandle
 .text.vTaskPriorityInherit
                0x000000000000bb38       0xac ../../Source/tasks.o
                0x000000000000bb38                vTaskPriorityInherit
 .text.vTaskPriorityDisinherit
                0x000000000000bbe4       0x84 ../../Source/tasks.o
                0x000000000000bbe4                vTaskPriorityDisinherit
 .text          0x000000000000bc68        0x0 ../../Source/portable/GCC/ARM_CM3/port.o
 .text.pxPortInitialiseStack
                0x000000000000bc68       0x58 ../../Source/portable/GCC/ARM_CM3/port.o
                0x000000000000bc68                pxPortInitialiseStack
 .text.vPortSVCHandler
                0x000000000000bcc0       0x20 ../../Source/portable/GCC/ARM_CM3/port.o
                0x000000000000bcc0                vPortSVCHandler
 .text.vPortStartFirstTask
                0x000000000000bce0       0x10 ../../Source/portable/GCC/ARM_CM3/port.o
                0x000000000000bce0                vPortStartFirstTask
 .text.xPortStartScheduler
                0x000000000000bcf0       0x40 ../../Source/portable/GCC/ARM_CM3/port.o
                0x000000000000bcf0                xPortStartScheduler
 .text.vPortEndScheduler
                0x000000000000bd30        0xc ../../Source/portable/GCC/ARM_CM3/port.o
                0x000000000000bd30                vPortEndScheduler
 .text.vPortYieldFromISR
                0x000000000000bd3c       0x18 ../../Source/portable/GCC/ARM_CM3/port.o
                0x000000000000bd3c                vPortYieldFromISR
 .text.vPortEnterCritical
                0x000000000000bd54       0x24 ../../Source/portable/GCC/ARM_CM3/port.o
                0x000000000000bd54                vPortEnterCritical
 .text.vPortExitCritical
                0x000000000000bd78       0x2c ../../Source/portable/GCC/ARM_CM3/port.o
                0x000000000000bd78                vPortExitCritical
 .text.xPortPendSVHandler
                0x000000000000bda4       0x3c ../../Source/portable/GCC/ARM_CM3/port.o
                0x000000000000bda4                xPortPendSVHandler
 .text.xPortSysTickHandler
                0x000000000000bde0       0x34 ../../Source/portable/GCC/ARM_CM3/port.o
                0x000000000000bde0                xPortSysTickHandler
 .text.prvSetupTimerInterrupt
                0x000000000000be14       0x24 ../../Source/portable/GCC/ARM_CM3/port.o
 .text          0x000000000000be38        0x0 ../../Source/portable/MemMang/heap_2.o
 .text.pvPortMalloc
                0x000000000000be38      0x150 ../../Source/portable/MemMang/heap_2.o
                0x000000000000be38                pvPortMalloc
 .text.vPortFree
                0x000000000000bf88       0x68 ../../Source/portable/MemMang/heap_2.o
                0x000000000000bf88                vPortFree
 .text          0x000000000000bff0        0x0 startup.o
 .text.NmiSR    0x000000000000bff0        0x4 startup.o
 .text.FaultISR
                0x000000000000bff4        0x4 startup.o
 .text.IntDefaultHandler
                0x000000000000bff8        0x4 startup.o
 .text.uipprintf
                0x000000000000bffc        0xc startup.o
                0x000000000000bffc                uipprintf
 .text.ResetISR
                0x000000000000c008       0x5c startup.o
                0x000000000000c008                ResetISR
 .text          0x000000000000c064        0x0 ../../Common/drivers/LuminaryMicro/arm-none-eabi-gcc/libdriver.a(ethernet.o)
 .text.EthernetInitExpClk
                0x000000000000c064       0x14 ../../Common/drivers/LuminaryMicro/arm-none-eabi-gcc/libdriver.a(ethernet.o)
                0x000000000000c064                EthernetInitExpClk
 .text.EthernetConfigSet
                0x000000000000c078       0x30 ../../Common/drivers/LuminaryMicro/arm-none-eabi-gcc/libdriver.a(ethernet.o)
                0x000000000000c078                EthernetConfigSet
 .text.EthernetConfigGet
                0x000000000000c0a8       0x18 ../../Common/drivers/LuminaryMicro/arm-none-eabi-gcc/libdriver.a(ethernet.o)
                0x000000000000c0a8                EthernetConfigGet
 .text.EthernetMACAddrSet
                0x000000000000c0c0       0x38 ../../Common/drivers/LuminaryMicro/arm-none-eabi-gcc/libdriver.a(ethernet.o)
                0x000000000000c0c0                EthernetMACAddrSet
 .text.EthernetMACAddrGet
                0x000000000000c0f8       0x34 ../../Common/drivers/LuminaryMicro/arm-none-eabi-gcc/libdriver.a(ethernet.o)
                0x000000000000c0f8                EthernetMACAddrGet
 .text.EthernetEnable
                0x000000000000c12c       0x24 ../../Common/drivers/LuminaryMicro/arm-none-eabi-gcc/libdriver.a(ethernet.o)
                0x000000000000c12c                EthernetEnable
 .text.EthernetDisable
                0x000000000000c150       0x24 ../../Common/drivers/LuminaryMicro/arm-none-eabi-gcc/libdriver.a(ethernet.o)
                0x000000000000c150                EthernetDisable
 .text.EthernetPacketAvail
                0x000000000000c174        0xc ../../Common/drivers/LuminaryMicro/arm-none-eabi-gcc/libdriver.a(ethernet.o)
                0x000000000000c174                EthernetPacketAvail
 .text.EthernetSpaceAvail
                0x000000000000c180        0xc ../../Common/drivers/LuminaryMicro/arm-none-eabi-gcc/libdriver.a(ethernet.o)
                0x000000000000c180                EthernetSpaceAvail
 .text.EthernetPacketGetInternal
                0x000000000000c18c       0xa4 ../../Common/drivers/LuminaryMicro/arm-none-eabi-gcc/libdriver.a(ethernet.o)
 .text.EthernetPacketGetNonBlocking
                0x000000000000c230       0x18 ../../Common/drivers/LuminaryMicro/arm-none-eabi-gcc/libdriver.a(ethernet.o)
                0x000000000000c230                EthernetPacketGetNonBlocking
 .text.EthernetPacketGet
                0x000000000000c248       0x18 ../../Common/drivers/LuminaryMicro/arm-none-eabi-gcc/libdriver.a(ethernet.o)
                0x000000000000c248                EthernetPacketGet
 .text.EthernetPacketPutInternal
                0x000000000000c260       0x98 ../../Common/drivers/LuminaryMicro/arm-none-eabi-gcc/libdriver.a(ethernet.o)
 .text.EthernetPacketPutNonBlocking
                0x000000000000c2f8       0x14 ../../Common/drivers/LuminaryMicro/arm-none-eabi-gcc/libdriver.a(ethernet.o)
                0x000000000000c2f8                EthernetPacketPutNonBlocking
 .text.EthernetPacketPut
                0x000000000000c30c       0x18 ../../Common/drivers/LuminaryMicro/arm-none-eabi-gcc/libdriver.a(ethernet.o)
                0x000000000000c30c                EthernetPacketPut
 .text.EthernetIntEnable
                0x000000000000c324        0x8 ../../Common/drivers/LuminaryMicro/arm-none-eabi-gcc/libdriver.a(ethernet.o)
                0x000000000000c324                EthernetIntEnable
 .text.EthernetIntDisable
                0x000000000000c32c        0xc ../../Common/drivers/LuminaryMicro/arm-none-eabi-gcc/libdriver.a(ethernet.o)
                0x000000000000c32c                EthernetIntDisable
 .text.EthernetIntStatus
                0x000000000000c338        0xc ../../Common/drivers/LuminaryMicro/arm-none-eabi-gcc/libdriver.a(ethernet.o)
                0x000000000000c338                EthernetIntStatus
 .text.EthernetIntClear
                0x000000000000c344        0x4 ../../Common/drivers/LuminaryMicro/arm-none-eabi-gcc/libdriver.a(ethernet.o)
                0x000000000000c344                EthernetIntClear
 .text.EthernetPHYWrite
                0x000000000000c348       0x30 ../../Common/drivers/LuminaryMicro/arm-none-eabi-gcc/libdriver.a(ethernet.o)
                0x000000000000c348                EthernetPHYWrite
 .text.EthernetPHYRead
                0x000000000000c378       0x28 ../../Common/drivers/LuminaryMicro/arm-none-eabi-gcc/libdriver.a(ethernet.o)
                0x000000000000c378                EthernetPHYRead
 .text.EthernetIntUnregister
                0x000000000000c3a0       0x10 ../../Common/drivers/LuminaryMicro/arm-none-eabi-gcc/libdriver.a(ethernet.o)
                0x000000000000c3a0                EthernetIntUnregister
 .text.EthernetIntRegister
                0x000000000000c3b0       0x10 ../../Common/drivers/LuminaryMicro/arm-none-eabi-gcc/libdriver.a(ethernet.o)
                0x000000000000c3b0                EthernetIntRegister
 .text          0x000000000000c3c0        0x0 ../../Common/drivers/LuminaryMicro/arm-none-eabi-gcc/libdriver.a(flash.o)
 .text.FlashUsecGet
                0x000000000000c3c0        0xc ../../Common/drivers/LuminaryMicro/arm-none-eabi-gcc/libdriver.a(flash.o)
                0x000000000000c3c0                FlashUsecGet
 .text.FlashUsecSet
                0x000000000000c3cc        0xc ../../Common/drivers/LuminaryMicro/arm-none-eabi-gcc/libdriver.a(flash.o)
                0x000000000000c3cc                FlashUsecSet
 .text.FlashErase
                0x000000000000c3d8       0x3c ../../Common/drivers/LuminaryMicro/arm-none-eabi-gcc/libdriver.a(flash.o)
                0x000000000000c3d8                FlashErase
 .text.FlashProgram
                0x000000000000c414       0x58 ../../Common/drivers/LuminaryMicro/arm-none-eabi-gcc/libdriver.a(flash.o)
                0x000000000000c414                FlashProgram
 .text.FlashProtectGet
                0x000000000000c46c       0xb0 ../../Common/drivers/LuminaryMicro/arm-none-eabi-gcc/libdriver.a(flash.o)
                0x000000000000c46c                FlashProtectGet
 .text.FlashProtectSet
                0x000000000000c51c      0x120 ../../Common/drivers/LuminaryMicro/arm-none-eabi-gcc/libdriver.a(flash.o)
                0x000000000000c51c                FlashProtectSet
 .text.FlashProtectSave
                0x000000000000c63c       0x58 ../../Common/drivers/LuminaryMicro/arm-none-eabi-gcc/libdriver.a(flash.o)
                0x000000000000c63c                FlashProtectSave
 .text.FlashUserGet
                0x000000000000c694       0x3c ../../Common/drivers/LuminaryMicro/arm-none-eabi-gcc/libdriver.a(flash.o)
                0x000000000000c694                FlashUserGet
 .text.FlashUserSet
                0x000000000000c6d0       0x3c ../../Common/drivers/LuminaryMicro/arm-none-eabi-gcc/libdriver.a(flash.o)
                0x000000000000c6d0                FlashUserSet
 .text.FlashUserSave
                0x000000000000c70c       0x64 ../../Common/drivers/LuminaryMicro/arm-none-eabi-gcc/libdriver.a(flash.o)
                0x000000000000c70c                FlashUserSave
 .text.FlashIntEnable
                0x000000000000c770       0x10 ../../Common/drivers/LuminaryMicro/arm-none-eabi-gcc/libdriver.a(flash.o)
                0x000000000000c770                FlashIntEnable
 .text.FlashIntDisable
                0x000000000000c780       0x10 ../../Common/drivers/LuminaryMicro/arm-none-eabi-gcc/libdriver.a(flash.o)
                0x000000000000c780                FlashIntDisable
 .text.FlashIntGetStatus
                0x000000000000c790       0x18 ../../Common/drivers/LuminaryMicro/arm-none-eabi-gcc/libdriver.a(flash.o)
                0x000000000000c790                FlashIntGetStatus
 .text.FlashIntClear
                0x000000000000c7a8        0xc ../../Common/drivers/LuminaryMicro/arm-none-eabi-gcc/libdriver.a(flash.o)
                0x000000000000c7a8                FlashIntClear
 .text.FlashIntUnregister
                0x000000000000c7b4       0x10 ../../Common/drivers/LuminaryMicro/arm-none-eabi-gcc/libdriver.a(flash.o)
                0x000000000000c7b4                FlashIntUnregister
 .text.FlashIntRegister
                0x000000000000c7c4       0x14 ../../Common/drivers/LuminaryMicro/arm-none-eabi-gcc/libdriver.a(flash.o)
                0x000000000000c7c4                FlashIntRegister
 .text          0x000000000000c7d8        0x0 ../../Common/drivers/LuminaryMicro/arm-none-eabi-gcc/libdriver.a(gpio.o)
 .text.GPIOGetIntNumber
                0x000000000000c7d8       0xa4 ../../Common/drivers/LuminaryMicro/arm-none-eabi-gcc/libdriver.a(gpio.o)
 .text.GPIODirModeSet
                0x000000000000c87c       0x44 ../../Common/drivers/LuminaryMicro/arm-none-eabi-gcc/libdriver.a(gpio.o)
                0x000000000000c87c                GPIODirModeSet
 .text.GPIODirModeGet
                0x000000000000c8c0       0x20 ../../Common/drivers/LuminaryMicro/arm-none-eabi-gcc/libdriver.a(gpio.o)
                0x000000000000c8c0                GPIODirModeGet
 .text.GPIOIntTypeSet
                0x000000000000c8e0       0x70 ../../Common/drivers/LuminaryMicro/arm-none-eabi-gcc/libdriver.a(gpio.o)
                0x000000000000c8e0                GPIOIntTypeSet
 .text.GPIOIntTypeGet
                0x000000000000c950       0x30 ../../Common/drivers/LuminaryMicro/arm-none-eabi-gcc/libdriver.a(gpio.o)
                0x000000000000c950                GPIOIntTypeGet
 .text.GPIOPadConfigSet
                0x000000000000c980      0x130 ../../Common/drivers/LuminaryMicro/arm-none-eabi-gcc/libdriver.a(gpio.o)
                0x000000000000c980                GPIOPadConfigSet
 .text.GPIOPadConfigGet
                0x000000000000cab0       0x78 ../../Common/drivers/LuminaryMicro/arm-none-eabi-gcc/libdriver.a(gpio.o)
                0x000000000000cab0                GPIOPadConfigGet
 .text.GPIOPinIntEnable
                0x000000000000cb28        0xc ../../Common/drivers/LuminaryMicro/arm-none-eabi-gcc/libdriver.a(gpio.o)
                0x000000000000cb28                GPIOPinIntEnable
 .text.GPIOPinIntDisable
                0x000000000000cb34       0x10 ../../Common/drivers/LuminaryMicro/arm-none-eabi-gcc/libdriver.a(gpio.o)
                0x000000000000cb34                GPIOPinIntDisable
 .text.GPIOPinIntStatus
                0x000000000000cb44       0x10 ../../Common/drivers/LuminaryMicro/arm-none-eabi-gcc/libdriver.a(gpio.o)
                0x000000000000cb44                GPIOPinIntStatus
 .text.GPIOPinIntClear
                0x000000000000cb54        0x8 ../../Common/drivers/LuminaryMicro/arm-none-eabi-gcc/libdriver.a(gpio.o)
                0x000000000000cb54                GPIOPinIntClear
 .text.GPIOPinRead
                0x000000000000cb5c        0x8 ../../Common/drivers/LuminaryMicro/arm-none-eabi-gcc/libdriver.a(gpio.o)
                0x000000000000cb5c                GPIOPinRead
 .text.GPIOPinWrite
                0x000000000000cb64        0x8 ../../Common/drivers/LuminaryMicro/arm-none-eabi-gcc/libdriver.a(gpio.o)
                0x000000000000cb64                GPIOPinWrite
 .text.GPIOPinTypeADC
                0x000000000000cb6c       0x1c ../../Common/drivers/LuminaryMicro/arm-none-eabi-gcc/libdriver.a(gpio.o)
                0x000000000000cb6c                GPIOPinTypeADC
 .text.GPIOPinTypeCAN
                0x000000000000cb88       0x1c ../../Common/drivers/LuminaryMicro/arm-none-eabi-gcc/libdriver.a(gpio.o)
                0x000000000000cb88                GPIOPinTypeCAN
 .text.GPIOPinTypeComparator
                0x000000000000cba4       0x1c ../../Common/drivers/LuminaryMicro/arm-none-eabi-gcc/libdriver.a(gpio.o)
                0x000000000000cba4                GPIOPinTypeComparator
 .text.GPIOPinTypeGPIOInput
                0x000000000000cbc0       0x1c ../../Common/drivers/LuminaryMicro/arm-none-eabi-gcc/libdriver.a(gpio.o)
                0x000000000000cbc0                GPIOPinTypeGPIOInput
 .text.GPIOPinTypeGPIOOutput
                0x000000000000cbdc       0x1c ../../Common/drivers/LuminaryMicro/arm-none-eabi-gcc/libdriver.a(gpio.o)
                0x000000000000cbdc                GPIOPinTypeGPIOOutput
 .text.GPIOPinTypeGPIOOutputOD
                0x000000000000cbf8       0x1c ../../Common/drivers/LuminaryMicro/arm-none-eabi-gcc/libdriver.a(gpio.o)
                0x000000000000cbf8                GPIOPinTypeGPIOOutputOD
 .text.GPIOPinTypeI2C
                0x000000000000cc14       0x1c ../../Common/drivers/LuminaryMicro/arm-none-eabi-gcc/libdriver.a(gpio.o)
                0x000000000000cc14                GPIOPinTypeI2C
 .text.GPIOPinTypePWM
                0x000000000000cc30       0x1c ../../Common/drivers/LuminaryMicro/arm-none-eabi-gcc/libdriver.a(gpio.o)
                0x000000000000cc30                GPIOPinTypePWM
 .text.GPIOPinTypeQEI
                0x000000000000cc4c       0x1c ../../Common/drivers/LuminaryMicro/arm-none-eabi-gcc/libdriver.a(gpio.o)
                0x000000000000cc4c                GPIOPinTypeQEI
 .text.GPIOPinTypeSSI
                0x000000000000cc68       0x1c ../../Common/drivers/LuminaryMicro/arm-none-eabi-gcc/libdriver.a(gpio.o)
                0x000000000000cc68                GPIOPinTypeSSI
 .text.GPIOPinTypeTimer
                0x000000000000cc84       0x1c ../../Common/drivers/LuminaryMicro/arm-none-eabi-gcc/libdriver.a(gpio.o)
                0x000000000000cc84                GPIOPinTypeTimer
 .text.GPIOPinTypeUART
                0x000000000000cca0       0x1c ../../Common/drivers/LuminaryMicro/arm-none-eabi-gcc/libdriver.a(gpio.o)
                0x000000000000cca0                GPIOPinTypeUART
 .text.GPIOPinTypeUSBDigital
                0x000000000000ccbc       0x1c ../../Common/drivers/LuminaryMicro/arm-none-eabi-gcc/libdriver.a(gpio.o)
                0x000000000000ccbc                GPIOPinTypeUSBDigital
 .text.GPIOPortIntUnregister
                0x000000000000ccd8       0x14 ../../Common/drivers/LuminaryMicro/arm-none-eabi-gcc/libdriver.a(gpio.o)
                0x000000000000ccd8                GPIOPortIntUnregister
 .text.GPIOPortIntRegister
                0x000000000000ccec       0x18 ../../Common/drivers/LuminaryMicro/arm-none-eabi-gcc/libdriver.a(gpio.o)
                0x000000000000ccec                GPIOPortIntRegister
 .text          0x000000000000cd04        0x0 ../../Common/drivers/LuminaryMicro/arm-none-eabi-gcc/libdriver.a(interrupt.o)
 .text.IntDefaultHandler
                0x000000000000cd04        0x4 ../../Common/drivers/LuminaryMicro/arm-none-eabi-gcc/libdriver.a(interrupt.o)
 .text.IntRegister
                0x000000000000cd08       0x3c ../../Common/drivers/LuminaryMicro/arm-none-eabi-gcc/libdriver.a(interrupt.o)
                0x000000000000cd08                IntRegister
 .text.IntUnregister
                0x000000000000cd44       0x14 ../../Common/drivers/LuminaryMicro/arm-none-eabi-gcc/libdriver.a(interrupt.o)
                0x000000000000cd44                IntUnregister
 .text.IntPriorityGroupingSet
                0x000000000000cd58       0x1c ../../Common/drivers/LuminaryMicro/arm-none-eabi-gcc/libdriver.a(interrupt.o)
                0x000000000000cd58                IntPriorityGroupingSet
 .text.IntPriorityGroupingGet
                0x000000000000cd74       0x24 ../../Common/drivers/LuminaryMicro/arm-none-eabi-gcc/libdriver.a(interrupt.o)
                0x000000000000cd74                IntPriorityGroupingGet
 .text.IntPrioritySet
                0x000000000000cd98       0x28 ../../Common/drivers/LuminaryMicro/arm-none-eabi-gcc/libdriver.a(interrupt.o)
                0x000000000000cd98                IntPrioritySet
 .text.IntPriorityGet
                0x000000000000cdc0       0x20 ../../Common/drivers/LuminaryMicro/arm-none-eabi-gcc/libdriver.a(interrupt.o)
                0x000000000000cdc0                IntPriorityGet
 .text.IntEnable
                0x000000000000cde0       0x74 ../../Common/drivers/LuminaryMicro/arm-none-eabi-gcc/libdriver.a(interrupt.o)
                0x000000000000cde0                IntEnable
 .text.IntDisable
                0x000000000000ce54       0x74 ../../Common/drivers/LuminaryMicro/arm-none-eabi-gcc/libdriver.a(interrupt.o)
                0x000000000000ce54                IntDisable
 .text.IntMasterDisable
                0x000000000000cec8        0xc ../../Common/drivers/LuminaryMicro/arm-none-eabi-gcc/libdriver.a(interrupt.o)
                0x000000000000cec8                IntMasterDisable
 .text.IntMasterEnable
                0x000000000000ced4        0xc ../../Common/drivers/LuminaryMicro/arm-none-eabi-gcc/libdriver.a(interrupt.o)
                0x000000000000ced4                IntMasterEnable
 .text          0x000000000000cee0        0x0 ../../Common/drivers/LuminaryMicro/arm-none-eabi-gcc/libdriver.a(ssi.o)
 .text.SSIConfigSetExpClk
                0x000000000000cee0       0x48 ../../Common/drivers/LuminaryMicro/arm-none-eabi-gcc/libdriver.a(ssi.o)
                0x000000000000cee0                SSIConfigSetExpClk
 .text.SSIEnable
                0x000000000000cf28        0xc ../../Common/drivers/LuminaryMicro/arm-none-eabi-gcc/libdriver.a(ssi.o)
                0x000000000000cf28                SSIEnable
 .text.SSIDisable
                0x000000000000cf34        0xc ../../Common/drivers/LuminaryMicro/arm-none-eabi-gcc/libdriver.a(ssi.o)
                0x000000000000cf34                SSIDisable
 .text.SSIIntEnable
                0x000000000000cf40        0x8 ../../Common/drivers/LuminaryMicro/arm-none-eabi-gcc/libdriver.a(ssi.o)
                0x000000000000cf40                SSIIntEnable
 .text.SSIIntDisable
                0x000000000000cf48        0xc ../../Common/drivers/LuminaryMicro/arm-none-eabi-gcc/libdriver.a(ssi.o)
                0x000000000000cf48                SSIIntDisable
 .text.SSIIntStatus
                0x000000000000cf54        0xc ../../Common/drivers/LuminaryMicro/arm-none-eabi-gcc/libdriver.a(ssi.o)
                0x000000000000cf54                SSIIntStatus
 .text.SSIIntClear
                0x000000000000cf60        0x4 ../../Common/drivers/LuminaryMicro/arm-none-eabi-gcc/libdriver.a(ssi.o)
                0x000000000000cf60                SSIIntClear
 .text.SSIDataPut
                0x000000000000cf64       0x10 ../../Common/drivers/LuminaryMicro/arm-none-eabi-gcc/libdriver.a(ssi.o)
                0x000000000000cf64                SSIDataPut
 .text.SSIDataPutNonBlocking
                0x000000000000cf74       0x10 ../../Common/drivers/LuminaryMicro/arm-none-eabi-gcc/libdriver.a(ssi.o)
                0x000000000000cf74                SSIDataPutNonBlocking
 .text.SSIDataGet
                0x000000000000cf84       0x14 ../../Common/drivers/LuminaryMicro/arm-none-eabi-gcc/libdriver.a(ssi.o)
                0x000000000000cf84                SSIDataGet
 .text.SSIDataGetNonBlocking
                0x000000000000cf98       0x14 ../../Common/drivers/LuminaryMicro/arm-none-eabi-gcc/libdriver.a(ssi.o)
                0x000000000000cf98                SSIDataGetNonBlocking
 .text.SSIDMAEnable
                0x000000000000cfac        0x8 ../../Common/drivers/LuminaryMicro/arm-none-eabi-gcc/libdriver.a(ssi.o)
                0x000000000000cfac                SSIDMAEnable
 .text.SSIDMADisable
                0x000000000000cfb4        0xc ../../Common/drivers/LuminaryMicro/arm-none-eabi-gcc/libdriver.a(ssi.o)
                0x000000000000cfb4                SSIDMADisable
 .text.SSIIntUnregister
                0x000000000000cfc0       0x20 ../../Common/drivers/LuminaryMicro/arm-none-eabi-gcc/libdriver.a(ssi.o)
                0x000000000000cfc0                SSIIntUnregister
 .text.SSIIntRegister
                0x000000000000cfe0       0x20 ../../Common/drivers/LuminaryMicro/arm-none-eabi-gcc/libdriver.a(ssi.o)
                0x000000000000cfe0                SSIIntRegister
 .text          0x000000000000d000        0x0 ../../Common/drivers/LuminaryMicro/arm-none-eabi-gcc/libdriver.a(sysctl.o)
 .text.SysCtlSRAMSizeGet
                0x000000000000d000       0x14 ../../Common/drivers/LuminaryMicro/arm-none-eabi-gcc/libdriver.a(sysctl.o)
                0x000000000000d000                SysCtlSRAMSizeGet
 .text.SysCtlFlashSizeGet
                0x000000000000d014       0x14 ../../Common/drivers/LuminaryMicro/arm-none-eabi-gcc/libdriver.a(sysctl.o)
                0x000000000000d014                SysCtlFlashSizeGet
 .text.SysCtlPinPresent
                0x000000000000d028       0x14 ../../Common/drivers/LuminaryMicro/arm-none-eabi-gcc/libdriver.a(sysctl.o)
                0x000000000000d028                SysCtlPinPresent
 .text.SysCtlPeripheralPresent
                0x000000000000d03c       0x28 ../../Common/drivers/LuminaryMicro/arm-none-eabi-gcc/libdriver.a(sysctl.o)
                0x000000000000d03c                SysCtlPeripheralPresent
 .text.SysCtlPeripheralReset
                0x000000000000d064       0x44 ../../Common/drivers/LuminaryMicro/arm-none-eabi-gcc/libdriver.a(sysctl.o)
                0x000000000000d064                SysCtlPeripheralReset
 .text.SysCtlPeripheralEnable
                0x000000000000d0a8       0x24 ../../Common/drivers/LuminaryMicro/arm-none-eabi-gcc/libdriver.a(sysctl.o)
                0x000000000000d0a8                SysCtlPeripheralEnable
 .text.SysCtlPeripheralDisable
                0x000000000000d0cc       0x24 ../../Common/drivers/LuminaryMicro/arm-none-eabi-gcc/libdriver.a(sysctl.o)
                0x000000000000d0cc                SysCtlPeripheralDisable
 .text.SysCtlPeripheralSleepEnable
                0x000000000000d0f0       0x24 ../../Common/drivers/LuminaryMicro/arm-none-eabi-gcc/libdriver.a(sysctl.o)
                0x000000000000d0f0                SysCtlPeripheralSleepEnable
 .text.SysCtlPeripheralSleepDisable
                0x000000000000d114       0x24 ../../Common/drivers/LuminaryMicro/arm-none-eabi-gcc/libdriver.a(sysctl.o)
                0x000000000000d114                SysCtlPeripheralSleepDisable
 .text.SysCtlPeripheralDeepSleepEnable
                0x000000000000d138       0x24 ../../Common/drivers/LuminaryMicro/arm-none-eabi-gcc/libdriver.a(sysctl.o)
                0x000000000000d138                SysCtlPeripheralDeepSleepEnable
 .text.SysCtlPeripheralDeepSleepDisable
                0x000000000000d15c       0x24 ../../Common/drivers/LuminaryMicro/arm-none-eabi-gcc/libdriver.a(sysctl.o)
                0x000000000000d15c                SysCtlPeripheralDeepSleepDisable
 .text.SysCtlPeripheralClockGating
                0x000000000000d180       0x20 ../../Common/drivers/LuminaryMicro/arm-none-eabi-gcc/libdriver.a(sysctl.o)
                0x000000000000d180                SysCtlPeripheralClockGating
 .text.SysCtlIntEnable
                0x000000000000d1a0       0x10 ../../Common/drivers/LuminaryMicro/arm-none-eabi-gcc/libdriver.a(sysctl.o)
                0x000000000000d1a0                SysCtlIntEnable
 .text.SysCtlIntDisable
                0x000000000000d1b0       0x10 ../../Common/drivers/LuminaryMicro/arm-none-eabi-gcc/libdriver.a(sysctl.o)
                0x000000000000d1b0                SysCtlIntDisable
 .text.SysCtlIntClear
                0x000000000000d1c0        0xc ../../Common/drivers/LuminaryMicro/arm-none-eabi-gcc/libdriver.a(sysctl.o)
                0x000000000000d1c0                SysCtlIntClear
 .text.SysCtlIntStatus
                0x000000000000d1cc       0x18 ../../Common/drivers/LuminaryMicro/arm-none-eabi-gcc/libdriver.a(sysctl.o)
                0x000000000000d1cc                SysCtlIntStatus
 .text.SysCtlLDOSet
                0x000000000000d1e4        0xc ../../Common/drivers/LuminaryMicro/arm-none-eabi-gcc/libdriver.a(sysctl.o)
                0x000000000000d1e4                SysCtlLDOSet
 .text.SysCtlLDOGet
                0x000000000000d1f0        0xc ../../Common/drivers/LuminaryMicro/arm-none-eabi-gcc/libdriver.a(sysctl.o)
                0x000000000000d1f0                SysCtlLDOGet
 .text.SysCtlLDOConfigSet
                0x000000000000d1fc        0xc ../../Common/drivers/LuminaryMicro/arm-none-eabi-gcc/libdriver.a(sysctl.o)
                0x000000000000d1fc                SysCtlLDOConfigSet
 .text.SysCtlReset
                0x000000000000d208       0x10 ../../Common/drivers/LuminaryMicro/arm-none-eabi-gcc/libdriver.a(sysctl.o)
                0x000000000000d208                SysCtlReset
 .text.SysCtlResetCauseGet
                0x000000000000d218        0xc ../../Common/drivers/LuminaryMicro/arm-none-eabi-gcc/libdriver.a(sysctl.o)
                0x000000000000d218                SysCtlResetCauseGet
 .text.SysCtlResetCauseClear
                0x000000000000d224       0x10 ../../Common/drivers/LuminaryMicro/arm-none-eabi-gcc/libdriver.a(sysctl.o)
                0x000000000000d224                SysCtlResetCauseClear
 .text.SysCtlBrownOutConfigSet
                0x000000000000d234       0x10 ../../Common/drivers/LuminaryMicro/arm-none-eabi-gcc/libdriver.a(sysctl.o)
                0x000000000000d234                SysCtlBrownOutConfigSet
 .text.SysCtlDelay
                0x000000000000d244        0x8 ../../Common/drivers/LuminaryMicro/arm-none-eabi-gcc/libdriver.a(sysctl.o)
                0x000000000000d244                SysCtlDelay
 .text.SysCtlClockSet
                0x000000000000d24c      0x168 ../../Common/drivers/LuminaryMicro/arm-none-eabi-gcc/libdriver.a(sysctl.o)
                0x000000000000d24c                SysCtlClockSet
 .text.SysCtlClockGet
                0x000000000000d3b4      0x150 ../../Common/drivers/LuminaryMicro/arm-none-eabi-gcc/libdriver.a(sysctl.o)
                0x000000000000d3b4                SysCtlClockGet
 .text.SysCtlPWMClockSet
                0x000000000000d504       0x14 ../../Common/drivers/LuminaryMicro/arm-none-eabi-gcc/libdriver.a(sysctl.o)
                0x000000000000d504                SysCtlPWMClockSet
 .text.SysCtlPWMClockGet
                0x000000000000d518       0x18 ../../Common/drivers/LuminaryMicro/arm-none-eabi-gcc/libdriver.a(sysctl.o)
                0x000000000000d518                SysCtlPWMClockGet
 .text.SysCtlADCSpeedSet
                0x000000000000d530       0x34 ../../Common/drivers/LuminaryMicro/arm-none-eabi-gcc/libdriver.a(sysctl.o)
                0x000000000000d530                SysCtlADCSpeedSet
 .text.SysCtlADCSpeedGet
                0x000000000000d564       0x10 ../../Common/drivers/LuminaryMicro/arm-none-eabi-gcc/libdriver.a(sysctl.o)
                0x000000000000d564                SysCtlADCSpeedGet
 .text.SysCtlIOSCVerificationSet
                0x000000000000d574       0x20 ../../Common/drivers/LuminaryMicro/arm-none-eabi-gcc/libdriver.a(sysctl.o)
                0x000000000000d574                SysCtlIOSCVerificationSet
 .text.SysCtlMOSCVerificationSet
                0x000000000000d594       0x20 ../../Common/drivers/LuminaryMicro/arm-none-eabi-gcc/libdriver.a(sysctl.o)
                0x000000000000d594                SysCtlMOSCVerificationSet
 .text.SysCtlPLLVerificationSet
                0x000000000000d5b4       0x20 ../../Common/drivers/LuminaryMicro/arm-none-eabi-gcc/libdriver.a(sysctl.o)
                0x000000000000d5b4                SysCtlPLLVerificationSet
 .text.SysCtlClkVerificationClear
                0x000000000000d5d4       0x10 ../../Common/drivers/LuminaryMicro/arm-none-eabi-gcc/libdriver.a(sysctl.o)
                0x000000000000d5d4                SysCtlClkVerificationClear
 .text.SysCtlGPIOAHBEnable
                0x000000000000d5e4       0x10 ../../Common/drivers/LuminaryMicro/arm-none-eabi-gcc/libdriver.a(sysctl.o)
                0x000000000000d5e4                SysCtlGPIOAHBEnable
 .text.SysCtlGPIOAHBDisable
                0x000000000000d5f4       0x14 ../../Common/drivers/LuminaryMicro/arm-none-eabi-gcc/libdriver.a(sysctl.o)
                0x000000000000d5f4                SysCtlGPIOAHBDisable
 .text.SysCtlUSBPLLEnable
                0x000000000000d608       0x10 ../../Common/drivers/LuminaryMicro/arm-none-eabi-gcc/libdriver.a(sysctl.o)
                0x000000000000d608                SysCtlUSBPLLEnable
 .text.SysCtlUSBPLLDisable
                0x000000000000d618       0x10 ../../Common/drivers/LuminaryMicro/arm-none-eabi-gcc/libdriver.a(sysctl.o)
                0x000000000000d618                SysCtlUSBPLLDisable
 .text.SysCtlDeepSleep
                0x000000000000d628       0x20 ../../Common/drivers/LuminaryMicro/arm-none-eabi-gcc/libdriver.a(sysctl.o)
                0x000000000000d628                SysCtlDeepSleep
 .text.SysCtlSleep
                0x000000000000d648        0x8 ../../Common/drivers/LuminaryMicro/arm-none-eabi-gcc/libdriver.a(sysctl.o)
                0x000000000000d648                SysCtlSleep
 .text.SysCtlIntUnregister
                0x000000000000d650       0x10 ../../Common/drivers/LuminaryMicro/arm-none-eabi-gcc/libdriver.a(sysctl.o)
                0x000000000000d650                SysCtlIntUnregister
 .text.SysCtlIntRegister
                0x000000000000d660       0x14 ../../Common/drivers/LuminaryMicro/arm-none-eabi-gcc/libdriver.a(sysctl.o)
                0x000000000000d660                SysCtlIntRegister
 .text          0x000000000000d674        0x0 ../../Common/drivers/LuminaryMicro/arm-none-eabi-gcc/libdriver.a(timer.o)
 .text.TimerEnable
                0x000000000000d674       0x10 ../../Common/drivers/LuminaryMicro/arm-none-eabi-gcc/libdriver.a(timer.o)
                0x000000000000d674                TimerEnable
 .text.TimerDisable
                0x000000000000d684       0x14 ../../Common/drivers/LuminaryMicro/arm-none-eabi-gcc/libdriver.a(timer.o)
                0x000000000000d684                TimerDisable
 .text.TimerConfigure
                0x000000000000d698       0x20 ../../Common/drivers/LuminaryMicro/arm-none-eabi-gcc/libdriver.a(timer.o)
                0x000000000000d698                TimerConfigure
 .text.TimerControlLevel
                0x000000000000d6b8       0x28 ../../Common/drivers/LuminaryMicro/arm-none-eabi-gcc/libdriver.a(timer.o)
                0x000000000000d6b8                TimerControlLevel
 .text.TimerControlTrigger
                0x000000000000d6e0       0x28 ../../Common/drivers/LuminaryMicro/arm-none-eabi-gcc/libdriver.a(timer.o)
                0x000000000000d6e0                TimerControlTrigger
 .text.TimerControlEvent
                0x000000000000d708       0x20 ../../Common/drivers/LuminaryMicro/arm-none-eabi-gcc/libdriver.a(timer.o)
                0x000000000000d708                TimerControlEvent
 .text.TimerControlStall
                0x000000000000d728       0x28 ../../Common/drivers/LuminaryMicro/arm-none-eabi-gcc/libdriver.a(timer.o)
                0x000000000000d728                TimerControlStall
 .text.TimerRTCEnable
                0x000000000000d750        0xc ../../Common/drivers/LuminaryMicro/arm-none-eabi-gcc/libdriver.a(timer.o)
                0x000000000000d750                TimerRTCEnable
 .text.TimerRTCDisable
                0x000000000000d75c        0xc ../../Common/drivers/LuminaryMicro/arm-none-eabi-gcc/libdriver.a(timer.o)
                0x000000000000d75c                TimerRTCDisable
 .text.TimerPrescaleSet
                0x000000000000d768       0x14 ../../Common/drivers/LuminaryMicro/arm-none-eabi-gcc/libdriver.a(timer.o)
                0x000000000000d768                TimerPrescaleSet
 .text.TimerPrescaleGet
                0x000000000000d77c        0xc ../../Common/drivers/LuminaryMicro/arm-none-eabi-gcc/libdriver.a(timer.o)
                0x000000000000d77c                TimerPrescaleGet
 .text.TimerLoadSet
                0x000000000000d788       0x14 ../../Common/drivers/LuminaryMicro/arm-none-eabi-gcc/libdriver.a(timer.o)
                0x000000000000d788                TimerLoadSet
 .text.TimerLoadGet
                0x000000000000d79c        0xc ../../Common/drivers/LuminaryMicro/arm-none-eabi-gcc/libdriver.a(timer.o)
                0x000000000000d79c                TimerLoadGet
 .text.TimerValueGet
                0x000000000000d7a8        0xc ../../Common/drivers/LuminaryMicro/arm-none-eabi-gcc/libdriver.a(timer.o)
                0x000000000000d7a8                TimerValueGet
 .text.TimerMatchSet
                0x000000000000d7b4       0x14 ../../Common/drivers/LuminaryMicro/arm-none-eabi-gcc/libdriver.a(timer.o)
                0x000000000000d7b4                TimerMatchSet
 .text.TimerMatchGet
                0x000000000000d7c8        0xc ../../Common/drivers/LuminaryMicro/arm-none-eabi-gcc/libdriver.a(timer.o)
                0x000000000000d7c8                TimerMatchGet
 .text.TimerIntEnable
                0x000000000000d7d4        0x8 ../../Common/drivers/LuminaryMicro/arm-none-eabi-gcc/libdriver.a(timer.o)
                0x000000000000d7d4                TimerIntEnable
 .text.TimerIntDisable
                0x000000000000d7dc        0xc ../../Common/drivers/LuminaryMicro/arm-none-eabi-gcc/libdriver.a(timer.o)
                0x000000000000d7dc                TimerIntDisable
 .text.TimerIntStatus
                0x000000000000d7e8        0xc ../../Common/drivers/LuminaryMicro/arm-none-eabi-gcc/libdriver.a(timer.o)
                0x000000000000d7e8                TimerIntStatus
 .text.TimerIntClear
                0x000000000000d7f4        0x4 ../../Common/drivers/LuminaryMicro/arm-none-eabi-gcc/libdriver.a(timer.o)
                0x000000000000d7f4                TimerIntClear
 .text.TimerIntUnregister
                0x000000000000d7f8       0x58 ../../Common/drivers/LuminaryMicro/arm-none-eabi-gcc/libdriver.a(timer.o)
                0x000000000000d7f8                TimerIntUnregister
 .text.TimerQuiesce
                0x000000000000d850       0x44 ../../Common/drivers/LuminaryMicro/arm-none-eabi-gcc/libdriver.a(timer.o)
                0x000000000000d850                TimerQuiesce
 .text.TimerIntRegister
                0x000000000000d894       0x60 ../../Common/drivers/LuminaryMicro/arm-none-eabi-gcc/libdriver.a(timer.o)
                0x000000000000d894                TimerIntRegister
 .text          0x000000000000d8f4       0x14 ../../Common/drivers/LuminaryMicro/arm-none-eabi-gcc/libdriver.a(cpu.o)
                0x000000000000d8f4                CPUcpsid
                0x000000000000d904                CPUwfi
                0x000000000000d8fc                CPUcpsie
 .text          0x000000000000d908        0x0 ../../Common/drivers/LuminaryMicro/arm-none-eabi-gcc/libgr.a(context.o)
 .text.GrContextInit
                0x000000000000d908       0x24 ../../Common/drivers/LuminaryMicro/arm-none-eabi-gcc/libgr.a(context.o)
                0x000000000000d908                GrContextInit
 .text.GrContextClipRegionSet
                0x000000000000d92c       0x88 ../../Common/drivers/LuminaryMicro/arm-none-eabi-gcc/libgr.a(context.o)
                0x000000000000d92c                GrContextClipRegionSet
 .text          0x000000000000d9b4        0x0 ../../Common/drivers/LuminaryMicro/arm-none-eabi-gcc/libgr.a(fontcmss12.o)
 .text          0x000000000000d9b4        0x0 ../../Common/drivers/LuminaryMicro/arm-none-eabi-gcc/libgr.a(image.o)
 .text.GrImageDraw
                0x000000000000d9b4      0x37c ../../Common/drivers/LuminaryMicro/arm-none-eabi-gcc/libgr.a(image.o)
                0x000000000000d9b4                GrImageDraw
 .text          0x000000000000dd30        0x0 ../../Common/drivers/LuminaryMicro/arm-none-eabi-gcc/libgr.a(rectangle.o)
 .text.GrRectFill
                0x000000000000dd30       0xb4 ../../Common/drivers/LuminaryMicro/arm-none-eabi-gcc/libgr.a(rectangle.o)
                0x000000000000dd30                GrRectFill
 .text.GrRectDraw
                0x000000000000dde4       0x64 ../../Common/drivers/LuminaryMicro/arm-none-eabi-gcc/libgr.a(rectangle.o)
                0x000000000000dde4                GrRectDraw
 .text          0x000000000000de48        0x0 ../../Common/drivers/LuminaryMicro/arm-none-eabi-gcc/libgr.a(string.o)
 .text.GrStringWidthGet
                0x000000000000de48       0x58 ../../Common/drivers/LuminaryMicro/arm-none-eabi-gcc/libgr.a(string.o)
                0x000000000000de48                GrStringWidthGet
 .text.GrStringDraw
                0x000000000000dea0      0x34c ../../Common/drivers/LuminaryMicro/arm-none-eabi-gcc/libgr.a(string.o)
                0x000000000000dea0                GrStringDraw
 .text          0x000000000000e1ec        0x0 ../../Common/drivers/LuminaryMicro/arm-none-eabi-gcc/libgr.a(line.o)
 .text.GrLineDrawH
                0x000000000000e1ec       0x58 ../../Common/drivers/LuminaryMicro/arm-none-eabi-gcc/libgr.a(line.o)
                0x000000000000e1ec                GrLineDrawH
 .text.GrLineDrawV
                0x000000000000e244       0x58 ../../Common/drivers/LuminaryMicro/arm-none-eabi-gcc/libgr.a(line.o)
                0x000000000000e244                GrLineDrawV
 .text.GrClipCodeGet
                0x000000000000e29c       0x38 ../../Common/drivers/LuminaryMicro/arm-none-eabi-gcc/libgr.a(line.o)
 .text.GrLineDraw
                0x000000000000e2d4      0x19c ../../Common/drivers/LuminaryMicro/arm-none-eabi-gcc/libgr.a(line.o)
                0x000000000000e2d4                GrLineDraw
 .text          0x000000000000e470       0x58 /opt/arm-cortex-toolchain/lib/gcc/arm-none-eabi/4.3.3/../../../../arm-none-eabi/lib/thumb/libg.a(lib_a-memcmp.o)
                0x000000000000e470                memcmp
 .text          0x000000000000e4c8       0x88 /opt/arm-cortex-toolchain/lib/gcc/arm-none-eabi/4.3.3/../../../../arm-none-eabi/lib/thumb/libg.a(lib_a-memcpy.o)
                0x000000000000e4c8                memcpy
 .text          0x000000000000e550       0xb0 /opt/arm-cortex-toolchain/lib/gcc/arm-none-eabi/4.3.3/../../../../arm-none-eabi/lib/thumb/libg.a(lib_a-memset.o)
                0x000000000000e550                memset
 .text          0x000000000000e600       0x4c /opt/arm-cortex-toolchain/lib/gcc/arm-none-eabi/4.3.3/../../../../arm-none-eabi/lib/thumb/libg.a(lib_a-strcat.o)
                0x000000000000e600                strcat
 .text          0x000000000000e64c       0xc4 /opt/arm-cortex-toolchain/lib/gcc/arm-none-eabi/4.3.3/../../../../arm-none-eabi/lib/thumb/libg.a(lib_a-strchr.o)
                0x000000000000e64c                strchr
 .text          0x000000000000e710       0x48 /opt/arm-cortex-toolchain/lib/gcc/arm-none-eabi/4.3.3/../../../../arm-none-eabi/lib/thumb/libg.a(lib_a-strcpy.o)
                0x000000000000e710                strcpy
 .text          0x000000000000e758       0x60 /opt/arm-cortex-toolchain/lib/gcc/arm-none-eabi/4.3.3/../../../../arm-none-eabi/lib/thumb/libg.a(lib_a-strlen.o)
                0x000000000000e758                strlen
 .text          0x000000000000e7b8       0x9c /opt/arm-cortex-toolchain/lib/gcc/arm-none-eabi/4.3.3/../../../../arm-none-eabi/lib/thumb/libg.a(lib_a-strncmp.o)
                0x000000000000e7b8                strncmp
 .text          0x000000000000e854       0x74 /opt/arm-cortex-toolchain/lib/gcc/arm-none-eabi/4.3.3/../../../../arm-none-eabi/lib/thumb/libg.a(lib_a-strncpy.o)
                0x000000000000e854                strncpy
 .text          0x000000000000e8c8       0x34 /opt/arm-cortex-toolchain/lib/gcc/arm-none-eabi/4.3.3/../../../../arm-none-eabi/lib/thumb/libg.a(lib_a-strrchr.o)
                0x000000000000e8c8                strrchr
 .text          0x000000000000e8fc      0x5a4 /opt/arm-cortex-toolchain/lib/gcc/arm-none-eabi/4.3.3/../../../../arm-none-eabi/lib/thumb/libg.a(lib_a-strstr.o)
                0x000000000000ec48                strstr
 .text          0x000000000000eea0       0x8c /opt/arm-cortex-toolchain/lib/gcc/arm-none-eabi/4.3.3/../../../../arm-none-eabi/lib/thumb/libg.a(lib_a-memchr.o)
                0x000000000000eea0                memchr
 *(.rodata*)
 .rodata.pucBasicBitmap
                0x000000000000ef2c      0xc81 main.o
                0x000000000000ef2c                pucBasicBitmap
 .rodata.pucGrLibBitmap
                0x000000000000fbad      0x6a7 main.o
                0x000000000000fbad                pucGrLibBitmap
 .rodata        0x0000000000010254      0x10c main.o
 .rodata.pcWelcomeMessage
                0x0000000000010360        0x4 main.o
                0x0000000000010360                pcWelcomeMessage
 .rodata.g_pucRIT128x96x4VerticalInc
                0x0000000000010364        0x2 rit128x96x4.o
 .rodata.g_pucRIT128x96x4HorizontalInc
                0x0000000000010366        0x2 rit128x96x4.o
 .rodata.g_pucFont
                0x0000000000010368      0x1e0 rit128x96x4.o
 .rodata.g_pucRIT128x96x4Init
                0x0000000000010548       0x4f rit128x96x4.o
 .rodata.pucCommand2.1537
                0x0000000000010597        0x3 rit128x96x4.o
 .rodata.pucCommand1.1536
                0x000000000001059a        0x3 rit128x96x4.o
 .rodata.pucCommand1.1721
                0x000000000001059d        0x2 rit128x96x4.o
 .rodata.g_pucOSRAM128x64x4VerticalInc
                0x000000000001059f        0x2 osram128x64x4.o
 .rodata.g_pucOSRAM128x64x4HorizontalInc
                0x00000000000105a1        0x2 osram128x64x4.o
 .rodata.g_pucFont
                0x00000000000105a3      0x1e0 osram128x64x4.o
 .rodata.g_pucOSRAM128x64x4Init
                0x0000000000010783       0x4e osram128x64x4.o
 .rodata.pucCommand2.1524
                0x00000000000107d1        0x3 osram128x64x4.o
 .rodata.pucCommand1.1523
                0x00000000000107d4        0x3 osram128x64x4.o
 .rodata.pucCommand1.1681
                0x00000000000107d7        0x3 osram128x64x4.o
 *fill*         0x00000000000107da        0x2 00
 .rodata.g_sFormike128x128x16
                0x00000000000107dc       0x28 formike128x128x16.o
                0x00000000000107dc                g_sFormike128x128x16
 .rodata.xRectangle.2307
                0x0000000000010804        0x8 formike128x128x16.o
 .rodata        0x000000000001080c       0x14 formike128x128x16.o
 .rodata        0x0000000000010820       0x1c ../../Common/drivers/LuminaryMicro/ustdlib.o
 .rodata.g_pcHex
                0x000000000001083c        0x4 ../../Common/drivers/LuminaryMicro/ustdlib.o
 .rodata        0x0000000000010840       0x30 ../../Common/Minimal/BlockQ.o
 .rodata        0x0000000000010870       0x24 ../../Common/Minimal/blocktim.o
 .rodata.uxMaxNumberOfExtraTasksRunning
                0x0000000000010894        0x4 ../../Common/Minimal/death.o
 .rodata        0x0000000000010898       0x18 ../../Common/Minimal/death.o
 .rodata        0x00000000000108b0        0x8 ../../Common/Minimal/integer.o
 .rodata        0x00000000000108b8       0x20 ../../Common/Minimal/PollQ.o
 .rodata        0x00000000000108d8       0x40 ../../Common/Minimal/semtest.o
 .rodata        0x0000000000010918       0x40 ../../Common/Minimal/GenQTest.o
 .rodata        0x0000000000010958       0x34 ../../Common/Minimal/QPeek.o
 .rodata        0x000000000001098c       0x28 ../../Common/Minimal/recmutex.o
 .rodata        0x00000000000109b4       0x40 ../../Common/Minimal/IntQueue.o
 .rodata        0x00000000000109f4       0x10 ./webserver/uIP_Task.o
 .rodata        0x0000000000010a04        0x4 ./webserver/emac.o
 .rodata        0x0000000000010a08      0x154 ./webserver/httpd-cgi.o
 .rodata.file   0x0000000000010b5c        0x8 ./webserver/httpd-cgi.o
 .rodata.tcp    0x0000000000010b64        0x8 ./webserver/httpd-cgi.o
 .rodata.net    0x0000000000010b6c        0x8 ./webserver/httpd-cgi.o
 .rodata.rtos   0x0000000000010b74        0x8 ./webserver/httpd-cgi.o
 .rodata.run    0x0000000000010b7c        0x8 ./webserver/httpd-cgi.o
 .rodata.io     0x0000000000010b84        0x8 ./webserver/httpd-cgi.o
 .rodata.closed
                0x0000000000010b8c        0x7 ./webserver/httpd-cgi.o
 .rodata.syn_rcvd
                0x0000000000010b93        0x9 ./webserver/httpd-cgi.o
 .rodata.syn_sent
                0x0000000000010b9c        0x9 ./webserver/httpd-cgi.o
 .rodata.established
                0x0000000000010ba5        0xc ./webserver/httpd-cgi.o
 .rodata.fin_wait_1
                0x0000000000010bb1        0xb ./webserver/httpd-cgi.o
 .rodata.fin_wait_2
                0x0000000000010bbc        0xb ./webserver/httpd-cgi.o
 .rodata.closing
                0x0000000000010bc7        0x8 ./webserver/httpd-cgi.o
 .rodata.time_wait
                0x0000000000010bcf        0xa ./webserver/httpd-cgi.o
 .rodata.last_ack
                0x0000000000010bd9        0x9 ./webserver/httpd-cgi.o
 .rodata.data_404_html
                0x0000000000010be2       0xab ./webserver/httpd-fs.o
 .rodata.data_index_html
                0x0000000000010c8d      0x1a4 ./webserver/httpd-fs.o
 .rodata.data_index_shtml
                0x0000000000010e31      0x347 ./webserver/httpd-fs.o
 .rodata.data_io_shtml
                0x0000000000011178      0x32f ./webserver/httpd-fs.o
 .rodata.data_runtime_shtml
                0x00000000000114a7      0x33f ./webserver/httpd-fs.o
 .rodata.data_stats_shtml
                0x00000000000117e6      0x559 ./webserver/httpd-fs.o
 .rodata.data_tcp_shtml
                0x0000000000011d3f      0x2d8 ./webserver/httpd-fs.o
 *fill*         0x0000000000012017        0x1 00
 .rodata.file_404_html
                0x0000000000012018       0x14 ./webserver/httpd-fs.o
                0x0000000000012018                file_404_html
 .rodata.file_index_html
                0x000000000001202c       0x14 ./webserver/httpd-fs.o
                0x000000000001202c                file_index_html
 .rodata.file_index_shtml
                0x0000000000012040       0x14 ./webserver/httpd-fs.o
                0x0000000000012040                file_index_shtml
 .rodata.file_io_shtml
                0x0000000000012054       0x14 ./webserver/httpd-fs.o
                0x0000000000012054                file_io_shtml
 .rodata.file_runtime_shtml
                0x0000000000012068       0x14 ./webserver/httpd-fs.o
                0x0000000000012068                file_runtime_shtml
 .rodata.file_stats_shtml
                0x000000000001207c       0x14 ./webserver/httpd-fs.o
                0x000000000001207c                file_stats_shtml
 .rodata.file_tcp_shtml
                0x0000000000012090       0x14 ./webserver/httpd-fs.o
                0x0000000000012090                file_tcp_shtml
 .rodata.http_http
                0x00000000000120a4        0x8 ./webserver/http-strings.o
                0x00000000000120a4                http_http
 .rodata.http_200
                0x00000000000120ac        0x5 ./webserver/http-strings.o
                0x00000000000120ac                http_200
 .rodata.http_301
                0x00000000000120b1        0x5 ./webserver/http-strings.o
                0x00000000000120b1                http_301
 .rodata.http_302
                0x00000000000120b6        0x5 ./webserver/http-strings.o
                0x00000000000120b6                http_302
 .rodata.http_get
                0x00000000000120bb        0x5 ./webserver/http-strings.o
                0x00000000000120bb                http_get
 .rodata.http_10
                0x00000000000120c0        0x9 ./webserver/http-strings.o
                0x00000000000120c0                http_10
 .rodata.http_11
                0x00000000000120c9        0x9 ./webserver/http-strings.o
                0x00000000000120c9                http_11
 .rodata.http_content_type
                0x00000000000120d2        0xf ./webserver/http-strings.o
                0x00000000000120d2                http_content_type
 .rodata.http_texthtml
                0x00000000000120e1        0xa ./webserver/http-strings.o
                0x00000000000120e1                http_texthtml
 .rodata.http_location
                0x00000000000120eb        0xb ./webserver/http-strings.o
                0x00000000000120eb                http_location
 .rodata.http_host
                0x00000000000120f6        0x7 ./webserver/http-strings.o
                0x00000000000120f6                http_host
 .rodata.http_crnl
                0x00000000000120fd        0x3 ./webserver/http-strings.o
                0x00000000000120fd                http_crnl
 .rodata.http_index_html
                0x0000000000012100        0xc ./webserver/http-strings.o
                0x0000000000012100                http_index_html
 .rodata.http_404_html
                0x000000000001210c        0xa ./webserver/http-strings.o
                0x000000000001210c                http_404_html
 .rodata.http_referer
                0x0000000000012116        0x9 ./webserver/http-strings.o
                0x0000000000012116                http_referer
 .rodata.http_header_200
                0x000000000001211f       0x54 ./webserver/http-strings.o
                0x000000000001211f                http_header_200
 .rodata.http_header_404
                0x0000000000012173       0x5b ./webserver/http-strings.o
                0x0000000000012173                http_header_404
 .rodata.http_content_type_plain
                0x00000000000121ce       0x1d ./webserver/http-strings.o
                0x00000000000121ce                http_content_type_plain
 .rodata.http_content_type_html
                0x00000000000121eb       0x1c ./webserver/http-strings.o
                0x00000000000121eb                http_content_type_html
 .rodata.http_content_type_css
                0x0000000000012207       0x1b ./webserver/http-strings.o
                0x0000000000012207                http_content_type_css
 .rodata.http_content_type_text
                0x0000000000012222       0x1c ./webserver/http-strings.o
                0x0000000000012222                http_content_type_text
 .rodata.http_content_type_png
                0x000000000001223e       0x1c ./webserver/http-strings.o
                0x000000000001223e                http_content_type_png
 .rodata.http_content_type_gif
                0x000000000001225a       0x1c ./webserver/http-strings.o
                0x000000000001225a                http_content_type_gif
 .rodata.http_content_type_jpg
                0x0000000000012276       0x1d ./webserver/http-strings.o
                0x0000000000012276                http_content_type_jpg
 .rodata.http_content_type_binary
                0x0000000000012293       0x2b ./webserver/http-strings.o
                0x0000000000012293                http_content_type_binary
 .rodata.http_html
                0x00000000000122be        0x6 ./webserver/http-strings.o
                0x00000000000122be                http_html
 .rodata.http_shtml
                0x00000000000122c4        0x7 ./webserver/http-strings.o
                0x00000000000122c4                http_shtml
 .rodata.http_htm
                0x00000000000122cb        0x5 ./webserver/http-strings.o
                0x00000000000122cb                http_htm
 .rodata.http_css
                0x00000000000122d0        0x5 ./webserver/http-strings.o
                0x00000000000122d0                http_css
 .rodata.http_png
                0x00000000000122d5        0x5 ./webserver/http-strings.o
                0x00000000000122d5                http_png
 .rodata.http_gif
                0x00000000000122da        0x5 ./webserver/http-strings.o
                0x00000000000122da                http_gif
 .rodata.http_jpg
                0x00000000000122df        0x5 ./webserver/http-strings.o
                0x00000000000122df                http_jpg
 .rodata.http_text
                0x00000000000122e4        0x5 ./webserver/http-strings.o
                0x00000000000122e4                http_text
 .rodata.http_txt
                0x00000000000122e9        0x5 ./webserver/http-strings.o
                0x00000000000122e9                http_txt
 .rodata.broadcast_ethaddr
                0x00000000000122ee        0x6 ../../Common/ethernet/uIP/uip-1.0/uip/uip_arp.o
 .rodata.broadcast_ipaddr
                0x00000000000122f4        0x4 ../../Common/ethernet/uIP/uip-1.0/uip/uip_arp.o
 .rodata        0x00000000000122f8       0x14 ../../Common/ethernet/uIP/uip-1.0/uip/psock.o
 .rodata.all_ones_addr
                0x000000000001230c        0x4 ../../Common/ethernet/uIP/uip-1.0/uip/uip.o
 .rodata.all_zeroes_addr
                0x0000000000012310        0x4 ../../Common/ethernet/uIP/uip-1.0/uip/uip.o
 .rodata        0x0000000000012314       0x50 ../../Source/tasks.o
 .rodata.ucExpectedStackBytes.3404
                0x0000000000012364       0x14 ../../Source/tasks.o
 .rodata.ulKernelPriority