Archive member included because of file (symbol)

../Common/drivers/LuminaryMicro/arm-none-eabi-gcc/libdriver.a(ethernet.o)
                              ./webserver/emac.o (EthernetInitExpClk)
../Common/drivers/LuminaryMicro/arm-none-eabi-gcc/libdriver.a(flash.o)
                              ./webserver/uIP_Task.o (FlashUserGet)
../Common/drivers/LuminaryMicro/arm-none-eabi-gcc/libdriver.a(gpio.o)
                              main.o (GPIODirModeSet)
../Common/drivers/LuminaryMicro/arm-none-eabi-gcc/libdriver.a(interrupt.o)
                              ../Common/drivers/LuminaryMicro/arm-none-eabi-gcc/libdriver.a(ethernet.o) (IntRegister)
../Common/drivers/LuminaryMicro/arm-none-eabi-gcc/libdriver.a(ssi.o)
                              rit128x96x4.o (SSIConfigSetExpClk)
../Common/drivers/LuminaryMicro/arm-none-eabi-gcc/libdriver.a(sysctl.o)
                              main.o (SysCtlPeripheralPresent)
../Common/drivers/LuminaryMicro/arm-none-eabi-gcc/libdriver.a(timer.o)
                              timertest.o (TimerEnable)
../Common/drivers/LuminaryMicro/arm-none-eabi-gcc/libdriver.a(cpu.o)
                              ../Common/drivers/LuminaryMicro/arm-none-eabi-gcc/libdriver.a(interrupt.o) (CPUcpsid)
../Common/drivers/LuminaryMicro/arm-none-eabi-gcc/libgr.a(context.o)
                              formike128x128x16.o (GrContextInit)
../Common/drivers/LuminaryMicro/arm-none-eabi-gcc/libgr.a(fontcmss12.o)
                              formike128x128x16.o (g_sFontCmss12)
../Common/drivers/LuminaryMicro/arm-none-eabi-gcc/libgr.a(image.o)
                              formike128x128x16.o (GrImageDraw)
../Common/drivers/LuminaryMicro/arm-none-eabi-gcc/libgr.a(rectangle.o)
                              formike128x128x16.o (GrRectFill)
../Common/drivers/LuminaryMicro/arm-none-eabi-gcc/libgr.a(string.o)
                              formike128x128x16.o (GrStringDraw)
../Common/drivers/LuminaryMicro/arm-none-eabi-gcc/libgr.a(line.o)
                              ../Common/drivers/LuminaryMicro/arm-none-eabi-gcc/libgr.a(rectangle.o) (GrLineDrawH)
/home/anzinger/openocd/arm-2009q1/bin/../lib/gcc/arm-none-eabi/4.3.3/../../../../arm-none-eabi/lib/thumb2/libc.a(lib_a-memcmp.o)
                              ../Source/tasks.o (memcmp)
/home/anzinger/openocd/arm-2009q1/bin/../lib/gcc/arm-none-eabi/4.3.3/../../../../arm-none-eabi/lib/thumb2/libc.a(lib_a-memcpy.o)
                              ../Common/drivers/LuminaryMicro/ustdlib.o (memcpy)
/home/anzinger/openocd/arm-2009q1/bin/../lib/gcc/arm-none-eabi/4.3.3/../../../../arm-none-eabi/lib/thumb2/libc.a(lib_a-memset.o)
                              ../Common/Minimal/IntQueue.o (memset)
/home/anzinger/openocd/arm-2009q1/bin/../lib/gcc/arm-none-eabi/4.3.3/../../../../arm-none-eabi/lib/thumb2/libc.a(lib_a-strcat.o)
                              ./webserver/httpd-cgi.o (strcat)
/home/anzinger/openocd/arm-2009q1/bin/../lib/gcc/arm-none-eabi/4.3.3/../../../../arm-none-eabi/lib/thumb2/libc.a(lib_a-strchr.o)
                              ./webserver/uIP_Task.o (strchr)
/home/anzinger/openocd/arm-2009q1/bin/../lib/gcc/arm-none-eabi/4.3.3/../../../../arm-none-eabi/lib/thumb2/libc.a(lib_a-strcpy.o)
                              ./webserver/uIP_Task.o (strcpy)
/home/anzinger/openocd/arm-2009q1/bin/../lib/gcc/arm-none-eabi/4.3.3/../../../../arm-none-eabi/lib/thumb2/libc.a(lib_a-strlen.o)
                              formike128x128x16.o (strlen)
/home/anzinger/openocd/arm-2009q1/bin/../lib/gcc/arm-none-eabi/4.3.3/../../../../arm-none-eabi/lib/thumb2/libc.a(lib_a-strncmp.o)
                              ./webserver/httpd.o (strncmp)
/home/anzinger/openocd/arm-2009q1/bin/../lib/gcc/arm-none-eabi/4.3.3/../../../../arm-none-eabi/lib/thumb2/libc.a(lib_a-strncpy.o)
                              ../Common/drivers/LuminaryMicro/ustdlib.o (strncpy)
/home/anzinger/openocd/arm-2009q1/bin/../lib/gcc/arm-none-eabi/4.3.3/../../../../arm-none-eabi/lib/thumb2/libc.a(lib_a-strrchr.o)
                              ./webserver/httpd.o (strrchr)
/home/anzinger/openocd/arm-2009q1/bin/../lib/gcc/arm-none-eabi/4.3.3/../../../../arm-none-eabi/lib/thumb2/libc.a(lib_a-strstr.o)
                              ./webserver/uIP_Task.o (strstr)
/home/anzinger/openocd/arm-2009q1/bin/../lib/gcc/arm-none-eabi/4.3.3/../../../../arm-none-eabi/lib/thumb2/libc.a(lib_a-memchr.o)
                              /home/anzinger/openocd/arm-2009q1/bin/../lib/gcc/arm-none-eabi/4.3.3/../../../../arm-none-eabi/lib/thumb2/libc.a(lib_a-strstr.o) (memchr)

Allocating common symbols
Common symbol       size              file

uip_len             0x2               ../Common/ethernet/uIP/uip-1.0/uip/uip.o
xOLEDQueue          0x4               main.o
pcStatus            0x4               ./webserver/httpd-cgi.o
xHighPriorityTask   0x4               ../Common/Minimal/QPeek.o
uip_sappdata        0x4               ../Common/ethernet/uIP/uip-1.0/uip/uip.o
uip_acc32           0x4               ../Common/ethernet/uIP/uip-1.0/uip/uip.o
[...]
Memory Configuration

Name             Origin             Length             Attributes
FLASH            0x00000000         0x00040000         xr
SRAM             0x20000000         0x00010000         xrw
*default*        0x00000000         0xffffffff

Linker script and memory map

LOAD main.o
LOAD timertest.o
LOAD rit128x96x4.o
LOAD osram128x64x4.o
LOAD formike128x128x16.o
LOAD ./ParTest/ParTest.o
LOAD ../Common/drivers/LuminaryMicro/ustdlib.o
LOAD ../Common/Minimal/BlockQ.o
LOAD ../Common/Minimal/blocktim.o
LOAD ../Common/Minimal/death.o
LOAD ../Common/Minimal/integer.o
LOAD ../Common/Minimal/PollQ.o
LOAD ../Common/Minimal/semtest.o
LOAD ../Common/Minimal/GenQTest.o
LOAD ../Common/Minimal/QPeek.o
LOAD ../Common/Minimal/recmutex.o
LOAD ../Common/Minimal/IntQueue.o
LOAD ./IntQueueTimer.o
LOAD ./webserver/uIP_Task.o
LOAD ./webserver/emac.o
LOAD ./webserver/httpd.o
LOAD ./webserver/httpd-cgi.o
LOAD ./webserver/httpd-fs.o
LOAD ./webserver/http-strings.o
LOAD ../Common/ethernet/uIP/uip-1.0/uip/uip_arp.o
LOAD ../Common/ethernet/uIP/uip-1.0/uip/psock.o
LOAD ../Common/ethernet/uIP/uip-1.0/uip/timer.o
LOAD ../Common/ethernet/uIP/uip-1.0/uip/uip.o
LOAD ../Source/list.o
LOAD ../Source/queue.o
LOAD ../Source/tasks.o
LOAD ../Source/portable/GCC/ARM_CM3/port.o
LOAD ../Source/portable/MemMang/heap_2.o
LOAD startup.o
LOAD ../Common/drivers/LuminaryMicro/arm-none-eabi-gcc/libdriver.a
LOAD ../Common/drivers/LuminaryMicro/arm-none-eabi-gcc/libgr.a
START GROUP
LOAD /home/anzinger/openocd/arm-2009q1/bin/../lib/gcc/arm-none-eabi/4.3.3/thumb2/libgcc.a
LOAD /home/anzinger/openocd/arm-2009q1/bin/../lib/gcc/arm-none-eabi/4.3.3/../../../../arm-none-eabi/lib/thumb2/libc.a
END GROUP

.text           0x00000000    0x14960
 *(.isr_vector)
 .isr_vector    0x00000000       0xf0 startup.o
                0x00000000                g_pfnVectors
 *(.text*)
 .text          0x000000f0        0x0 main.o
 .text.main     0x000000f0       0x9c main.o
                0x000000f0                main
 .text.prvSetupHardware
                0x0000018c       0x70 main.o
 .text.vApplicationTickHook
                0x000001fc       0x74 main.o
                0x000001fc                vApplicationTickHook
 .text.vOLEDTask
                0x00000270      0x270 main.o
 .text.vApplicationStackOverflowHook
                0x000004e0        0xc main.o
                0x000004e0                vApplicationStackOverflowHook
 .text          0x000004ec        0x0 timertest.o
 .text.vSetupHighFrequencyTimer
                0x000004ec       0xc0 timertest.o
                0x000004ec                vSetupHighFrequencyTimer
 .text.Timer0IntHandler
                0x000005ac       0xa8 timertest.o
                0x000005ac                Timer0IntHandler
 .text          0x00000654        0x0 rit128x96x4.o
 .text.RITWriteCommand
                0x00000654       0x84 rit128x96x4.o
 .text.RITWriteData
                0x000006d8       0x8c rit128x96x4.o
 .text.RIT128x96x4Clear
                0x00000764       0x94 rit128x96x4.o
                0x00000764                RIT128x96x4Clear
 .text.RIT128x96x4StringDraw
                0x000007f8      0x1e0 rit128x96x4.o
                0x000007f8                RIT128x96x4StringDraw
 .text.RIT128x96x4ImageDraw
                0x000009d8       0xec rit128x96x4.o
                0x000009d8                RIT128x96x4ImageDraw
 .text.RIT128x96x4Enable
                0x00000ac4       0x9c rit128x96x4.o
                0x00000ac4                RIT128x96x4Enable
 .text.RIT128x96x4Disable
                0x00000b60       0x7c rit128x96x4.o
                0x00000b60                RIT128x96x4Disable
 .text.RIT128x96x4Init
                0x00000bdc      0x208 rit128x96x4.o
                0x00000bdc                RIT128x96x4Init
 .text.RIT128x96x4DisplayOn
                0x00000de4       0x60 rit128x96x4.o
                0x00000de4                RIT128x96x4DisplayOn
 .text.RIT128x96x4DisplayOff
                0x00000e44       0x18 rit128x96x4.o
                0x00000e44                RIT128x96x4DisplayOff
 .text          0x00000e5c        0x0 osram128x64x4.o
 .text.OSRAMWriteCommand
                0x00000e5c       0x74 osram128x64x4.o
 .text.OSRAMWriteData
                0x00000ed0       0x74 osram128x64x4.o
 .text.OSRAM128x64x4Clear
                0x00000f44       0x7c osram128x64x4.o
                0x00000f44                OSRAM128x64x4Clear
 .text.OSRAM128x64x4StringDraw
                0x00000fc0      0x1e0 osram128x64x4.o
                0x00000fc0                OSRAM128x64x4StringDraw
 .text.OSRAM128x64x4ImageDraw
                0x000011a0       0xec osram128x64x4.o
                0x000011a0                OSRAM128x64x4ImageDraw
 .text.OSRAM128x64x4Enable
                0x0000128c       0x9c osram128x64x4.o
                0x0000128c                OSRAM128x64x4Enable
 .text.OSRAM128x64x4Disable
                0x00001328       0x80 osram128x64x4.o
                0x00001328                OSRAM128x64x4Disable
 .text.OSRAM128x64x4Init
                0x000013a8      0x128 osram128x64x4.o
                0x000013a8                OSRAM128x64x4Init
 .text.OSRAM128x64x4DisplayOn
                0x000014d0       0x60 osram128x64x4.o
                0x000014d0                OSRAM128x64x4DisplayOn
 .text.OSRAM128x64x4DisplayOff
                0x00001530       0x18 osram128x64x4.o
                0x00001530                OSRAM128x64x4DisplayOff
 .text          0x00001548        0x0 formike128x128x16.o
 .text.WriteData
                0x00001548       0x3c formike128x128x16.o
 .text.WriteCommand
                0x00001584       0x58 formike128x128x16.o
 .text.Formike128x128x16Init
                0x000015dc      0x264 formike128x128x16.o
                0x000015dc                Formike128x128x16Init
 .text.Formike128x128x16BacklightOn
                0x00001840       0x18 formike128x128x16.o
                0x00001840                Formike128x128x16BacklightOn
 .text.Formike128x128x16BacklightOff
                0x00001858       0x18 formike128x128x16.o
                0x00001858                Formike128x128x16BacklightOff
 .text.Formike128x128x16PixelDraw
                0x00001870       0x7c formike128x128x16.o
 .text.Formike128x128x16PixelDrawMultiple
                0x000018ec      0x284 formike128x128x16.o
 .text.Formike128x128x16Flush
                0x00001b70       0x14 formike128x128x16.o
 .text.Formike128x128x16LineDrawH
                0x00001b84       0x98 formike128x128x16.o
 .text.Formike128x128x16LineDrawV
                0x00001c1c       0x98 formike128x128x16.o
 .text.Formike128x128x16RectFill
                0x00001cb4       0xc0 formike128x128x16.o
 .text.Formike128x128x16ColorTranslate
                0x00001d74       0x40 formike128x128x16.o
 .text.vFormike128x128x16Clear
                0x00001db4       0x6c formike128x128x16.o
                0x00001db4                vFormike128x128x16Clear
 .text.vFormike128x128x16StringDraw
                0x00001e20       0x60 formike128x128x16.o
                0x00001e20                vFormike128x128x16StringDraw
 .text.vFormike128x128x16Init
                0x00001e80       0xb8 formike128x128x16.o
                0x00001e80                vFormike128x128x16Init
 .text.vFormike128x128x16ImageDraw
                0x00001f38       0x2c formike128x128x16.o
                0x00001f38                vFormike128x128x16ImageDraw
 .text          0x00001f64        0x0 ./ParTest/ParTest.o
 .text.vParTestInitialise
                0x00001f64       0x48 ./ParTest/ParTest.o
                0x00001f64                vParTestInitialise
 .text.vParTestSetLED
                0x00001fac       0x28 ./ParTest/ParTest.o
                0x00001fac                vParTestSetLED
 .text.uxParTestGetLED
                0x00001fd4       0x24 ./ParTest/ParTest.o
                0x00001fd4                uxParTestGetLED
 .text          0x00001ff8        0x0 ../Common/drivers/LuminaryMicro/ustdlib.o
 .text.uvsnprintf
                0x00001ff8      0x508 ../Common/drivers/LuminaryMicro/ustdlib.o
                0x00001ff8                uvsnprintf
 .text.usprintf
                0x00002500       0x34 ../Common/drivers/LuminaryMicro/ustdlib.o
                0x00002500                usprintf
 .text.usnprintf
                0x00002534       0x34 ../Common/drivers/LuminaryMicro/ustdlib.o
                0x00002534                usnprintf
 .text          0x00002568        0x0 ../Common/Minimal/BlockQ.o
 .text.vStartBlockingQueueTasks
                0x00002568      0x208 ../Common/Minimal/BlockQ.o
                0x00002568                vStartBlockingQueueTasks
 .text.vBlockingQueueProducer
                0x00002770       0x64 ../Common/Minimal/BlockQ.o
 .text.vBlockingQueueConsumer
                0x000027d4       0x70 ../Common/Minimal/BlockQ.o
 .text.xAreBlockingQueuesStillRunning
                0x00002844       0xc4 ../Common/Minimal/BlockQ.o
                0x00002844                xAreBlockingQueuesStillRunning
 .text          0x00002908        0x0 ../Common/Minimal/blocktim.o
 .text.vCreateBlockTimeTasks
                0x00002908       0x94 ../Common/Minimal/blocktim.o
                0x00002908                vCreateBlockTimeTasks
 .text.vPrimaryBlockTimeTestTask
                0x0000299c      0x470 ../Common/Minimal/blocktim.o
 .text.vSecondaryBlockTimeTestTask
                0x00002e0c      0x150 ../Common/Minimal/blocktim.o
 .text.xAreBlockTimeTestTasksStillRunning
                0x00002f5c       0x94 ../Common/Minimal/blocktim.o
                0x00002f5c                xAreBlockTimeTestTasksStillRunning
 .text          0x00002ff0        0x0 ../Common/Minimal/death.o
 .text.vCreateSuicidalTasks
                0x00002ff0       0x70 ../Common/Minimal/death.o
                0x00002ff0                vCreateSuicidalTasks
 .text.vSuicidalTask
                0x00003060       0x5c ../Common/Minimal/death.o
 .text.vCreateTasks
                0x000030bc       0xa4 ../Common/Minimal/death.o
 .text.xIsCreateTaskStillRunning
                0x00003160       0xac ../Common/Minimal/death.o
                0x00003160                xIsCreateTaskStillRunning
 .text          0x0000320c        0x0 ../Common/Minimal/integer.o
 .text.vStartIntegerMathTasks
                0x0000320c       0x64 ../Common/Minimal/integer.o
                0x0000320c                vStartIntegerMathTasks
 .text.vCompeteingIntMathTask
                0x00003270       0x84 ../Common/Minimal/integer.o
 .text.xAreIntegerMathsTaskStillRunning
                0x000032f4       0x60 ../Common/Minimal/integer.o
                0x000032f4                xAreIntegerMathsTaskStillRunning
 .text          0x00003354        0x0 ../Common/Minimal/PollQ.o
 .text.vStartPolledQueueTasks
                0x00003354       0x9c ../Common/Minimal/PollQ.o
                0x00003354                vStartPolledQueueTasks
 .text.vPolledQueueProducer
                0x000033f0       0x8c ../Common/Minimal/PollQ.o
 .text.vPolledQueueConsumer
                0x0000347c       0x90 ../Common/Minimal/PollQ.o
 .text.xArePollingQueuesStillRunning
                0x0000350c       0x5c ../Common/Minimal/PollQ.o
                0x0000350c                xArePollingQueuesStillRunning
 .text          0x00003568        0x0 ../Common/Minimal/semtest.o
 .text.vStartSemaphoreTasks
                0x00003568      0x1b0 ../Common/Minimal/semtest.o
                0x00003568                vStartSemaphoreTasks
 .text.prvSemaphoreTest
                0x00003718      0x138 ../Common/Minimal/semtest.o
 .text.xAreSemaphoreTasksStillRunning
                0x00003850       0x7c ../Common/Minimal/semtest.o
                0x00003850                xAreSemaphoreTasksStillRunning
 .text          0x000038cc        0x0 ../Common/Minimal/GenQTest.o
 .text.vStartGenericQueueTasks
                0x000038cc       0xf0 ../Common/Minimal/GenQTest.o
                0x000038cc                vStartGenericQueueTasks
 .text.prvSendFrontAndBackTest
                0x000039bc      0x468 ../Common/Minimal/GenQTest.o
 .text.prvLowPriorityMutexTask
                0x00003e24      0x160 ../Common/Minimal/GenQTest.o
 .text.prvMediumPriorityMutexTask
                0x00003f84       0x2c ../Common/Minimal/GenQTest.o
 .text.prvHighPriorityMutexTask
                0x00003fb0       0x64 ../Common/Minimal/GenQTest.o
 .text.xAreGenericQueueTasksStillRunning
                0x00004014       0x94 ../Common/Minimal/GenQTest.o
                0x00004014                xAreGenericQueueTasksStillRunning
 .text          0x000040a8        0x0 ../Common/Minimal/QPeek.o
 .text.vStartQueuePeekTasks
                0x000040a8       0xdc ../Common/Minimal/QPeek.o
                0x000040a8                vStartQueuePeekTasks
 .text.prvHighestPriorityPeekTask
                0x00004184      0x168 ../Common/Minimal/QPeek.o
 .text.prvHighPriorityPeekTask
                0x000042ec       0xc0 ../Common/Minimal/QPeek.o
 .text.prvMediumPriorityPeekTask
                0x000043ac       0x8c ../Common/Minimal/QPeek.o
 .text.prvLowPriorityPeekTask
                0x00004438      0x174 ../Common/Minimal/QPeek.o
 .text.xAreQueuePeekTasksStillRunning
                0x000045ac       0x58 ../Common/Minimal/QPeek.o
                0x000045ac                xAreQueuePeekTasksStillRunning
 .text          0x00004604        0x0 ../Common/Minimal/recmutex.o
 .text.vStartRecursiveMutexTasks
                0x00004604       0xc8 ../Common/Minimal/recmutex.o
                0x00004604                vStartRecursiveMutexTasks
 .text.prvRecursiveMutexControllingTask
                0x000046cc      0x118 ../Common/Minimal/recmutex.o
 .text.prvRecursiveMutexBlockingTask
                0x000047e4       0xdc ../Common/Minimal/recmutex.o
 .text.prvRecursiveMutexPollingTask
                0x000048c0       0xa0 ../Common/Minimal/recmutex.o
 .text.xAreRecursiveMutexTasksStillRunning
                0x00004960       0xe4 ../Common/Minimal/recmutex.o
                0x00004960                xAreRecursiveMutexTasksStillRunning
 .text          0x00004a44        0x0 ../Common/Minimal/IntQueue.o
 .text.vStartInterruptQueueTasks
                0x00004a44      0x17c ../Common/Minimal/IntQueue.o
                0x00004a44                vStartInterruptQueueTasks
 .text.prvRecordValue_NormallyFull
                0x00004bc0       0x40 ../Common/Minimal/IntQueue.o
 .text.prvRecordValue_NormallyEmpty
                0x00004c00       0x40 ../Common/Minimal/IntQueue.o
 .text.prvQueueAccessLogError
                0x00004c40       0x2c ../Common/Minimal/IntQueue.o
 .text.prvHigherPriorityNormallyEmptyTask
                0x00004c6c      0x18c ../Common/Minimal/IntQueue.o
 .text.prvLowerPriorityNormallyEmptyTask
                0x00004df8       0xf8 ../Common/Minimal/IntQueue.o
 .text.prv1stHigherPriorityNormallyFullTask
                0x00004ef0      0x18c ../Common/Minimal/IntQueue.o
 .text.prv2ndHigherPriorityNormallyFullTask
                0x0000507c       0xe8 ../Common/Minimal/IntQueue.o
 .text.prvLowerPriorityNormallyFullTask
                0x00005164       0xd4 ../Common/Minimal/IntQueue.o
 .text.xFirstTimerHandler
                0x00005238      0x200 ../Common/Minimal/IntQueue.o
                0x00005238                xFirstTimerHandler
 .text.xSecondTimerHandler
                0x00005438      0x32c ../Common/Minimal/IntQueue.o
                0x00005438                xSecondTimerHandler
 .text.xAreIntQueueTasksStillRunning
                0x00005764       0xe4 ../Common/Minimal/IntQueue.o
                0x00005764                xAreIntQueueTasksStillRunning
 .text          0x00005848        0x0 ./IntQueueTimer.o
 .text.vInitialiseTimerForIntQueueTest
                0x00005848       0xe8 ./IntQueueTimer.o
                0x00005848                vInitialiseTimerForIntQueueTest
 .text.vT2InterruptHandler
                0x00005930       0x28 ./IntQueueTimer.o
                0x00005930                vT2InterruptHandler
 .text.vT3InterruptHandler
                0x00005958       0x28 ./IntQueueTimer.o
                0x00005958                vT3InterruptHandler
 .text          0x00005980        0x0 ./webserver/uIP_Task.o
 .text.clock_init
                0x00005980        0xc ./webserver/uIP_Task.o
                0x00005980                clock_init
 .text.clock_time
                0x0000598c       0x10 ./webserver/uIP_Task.o
                0x0000598c                clock_time
 .text.vuIP_Task
                0x0000599c      0x220 ./webserver/uIP_Task.o
                0x0000599c                vuIP_Task
 .text.prvENET_Send
                0x00005bbc       0x20 ./webserver/uIP_Task.o
 .text.prvSetMACAddress
                0x00005bdc       0xc4 ./webserver/uIP_Task.o
 .text.vApplicationProcessFormInput
                0x00005ca0       0xe8 ./webserver/uIP_Task.o
                0x00005ca0                vApplicationProcessFormInput
 .text          0x00005d88        0x0 ./webserver/emac.o
 .text.vInitEMAC
                0x00005d88      0x154 ./webserver/emac.o
                0x00005d88                vInitEMAC
 .text.uiGetEMACRxData
                0x00005edc       0xb4 ./webserver/emac.o
                0x00005edc                uiGetEMACRxData
 .text.vInitialiseSend
                0x00005f90       0x18 ./webserver/emac.o
                0x00005f90                vInitialiseSend
 .text.vIncrementTxLength
                0x00005fa8       0x2c ./webserver/emac.o
                0x00005fa8                vIncrementTxLength
 .text.vSendBufferToMAC
                0x00005fd4       0x98 ./webserver/emac.o
                0x00005fd4                vSendBufferToMAC
 .text.vEMAC_ISR
                0x0000606c       0x78 ./webserver/emac.o
                0x0000606c                vEMAC_ISR
 .text.vMACHandleTask
                0x000060e4      0x188 ./webserver/emac.o
                0x000060e4                vMACHandleTask
 .text          0x0000626c        0x0 ./webserver/httpd.o
 .text.generate_part_of_file
                0x0000626c       0x78 ./webserver/httpd.o
 .text.send_file
                0x000062e4       0xa4 ./webserver/httpd.o
 .text.send_part_of_file
                0x00006388       0x74 ./webserver/httpd.o
 .text.next_scriptstate
                0x000063fc       0x54 ./webserver/httpd.o
 .text.handle_script
                0x00006450      0x248 ./webserver/httpd.o
 .text.send_headers
                0x00006698      0x304 ./webserver/httpd.o
 .text.handle_output
                0x0000699c      0x19c ./webserver/httpd.o
 .text.handle_input
                0x00006b38      0x1f4 ./webserver/httpd.o
 .text.handle_connection
                0x00006d2c       0x28 ./webserver/httpd.o
 .text.httpd_appcall
                0x00006d54      0x114 ./webserver/httpd.o
                0x00006d54                httpd_appcall
 .text.httpd_init
                0x00006e68       0x10 ./webserver/httpd.o
                0x00006e68                httpd_init
 .text          0x00006e78        0x0 ./webserver/httpd-cgi.o
 .text.nullfunction
                0x00006e78       0x30 ./webserver/httpd-cgi.o
 .text.httpd_cgi
                0x00006ea8       0x6c ./webserver/httpd-cgi.o
                0x00006ea8                httpd_cgi
 .text.generate_file_stats
                0x00006f14       0x40 ./webserver/httpd-cgi.o
 .text.file_stats
                0x00006f54       0x80 ./webserver/httpd-cgi.o
 .text.generate_tcp_stats
                0x00006fd4      0x138 ./webserver/httpd-cgi.o
 .text.tcp_stats
                0x0000710c       0xc0 ./webserver/httpd-cgi.o
 .text.generate_net_stats
                0x000071cc       0x50 ./webserver/httpd-cgi.o
 .text.net_stats
                0x0000721c       0x98 ./webserver/httpd-cgi.o
 .text.generate_rtos_stats
                0x000072b4       0x88 ./webserver/httpd-cgi.o
 .text.rtos_stats
                0x0000733c       0x74 ./webserver/httpd-cgi.o
 .text.generate_io_state
                0x000073b0       0x80 ./webserver/httpd-cgi.o
 .text.generate_runtime_stats
                0x00007430       0x88 ./webserver/httpd-cgi.o
 .text.run_time
                0x000074b8       0x78 ./webserver/httpd-cgi.o
 .text.led_io   0x00007530       0x78 ./webserver/httpd-cgi.o
 .text          0x000075a8        0x0 ./webserver/httpd-fs.o
 .text.httpd_fs_strcmp
                0x000075a8       0x70 ./webserver/httpd-fs.o
 .text.httpd_fs_open
                0x00007618       0x8c ./webserver/httpd-fs.o
                0x00007618                httpd_fs_open
 .text.httpd_fs_init
                0x000076a4       0x38 ./webserver/httpd-fs.o
                0x000076a4                httpd_fs_init
 .text.httpd_fs_count
                0x000076dc       0x64 ./webserver/httpd-fs.o
                0x000076dc                httpd_fs_count
 .text          0x00007740        0x0 ./webserver/http-strings.o
 .text          0x00007740        0x0 ../Common/ethernet/uIP/uip-1.0/uip/uip_arp.o
 .text.uip_arp_init
                0x00007740       0x70 ../Common/ethernet/uIP/uip-1.0/uip/uip_arp.o
                0x00007740                uip_arp_init
 .text.uip_arp_timer
                0x000077b0       0xc0 ../Common/ethernet/uIP/uip-1.0/uip/uip_arp.o
                0x000077b0                uip_arp_timer
 .text.uip_arp_update
                0x00007870      0x278 ../Common/ethernet/uIP/uip-1.0/uip/uip_arp.o
 .text.uip_arp_ipin
                0x00007ae8       0xc0 ../Common/ethernet/uIP/uip-1.0/uip/uip_arp.o
                0x00007ae8                uip_arp_ipin
 .text.uip_arp_arpin
                0x00007ba8      0x32c ../Common/ethernet/uIP/uip-1.0/uip/uip_arp.o
                0x00007ba8                uip_arp_arpin
 .text.uip_arp_out
                0x00007ed4      0x41c ../Common/ethernet/uIP/uip-1.0/uip/uip_arp.o
                0x00007ed4                uip_arp_out
 .text          0x000082f0        0x0 ../Common/ethernet/uIP/uip-1.0/uip/psock.o
 .text.buf_setup
                0x000082f0       0x24 ../Common/ethernet/uIP/uip-1.0/uip/psock.o
 .text.buf_bufdata
                0x00008314      0x124 ../Common/ethernet/uIP/uip-1.0/uip/psock.o
 .text.buf_bufto
                0x00008438       0xd4 ../Common/ethernet/uIP/uip-1.0/uip/psock.o
 .text.send_data
                0x0000850c       0x88 ../Common/ethernet/uIP/uip-1.0/uip/psock.o
 .text.data_acked
                0x00008594       0xa8 ../Common/ethernet/uIP/uip-1.0/uip/psock.o
 .text.psock_send
                0x0000863c       0xb4 ../Common/ethernet/uIP/uip-1.0/uip/psock.o
                0x0000863c                psock_send
 .text.psock_generator_send
                0x000086f0       0xd8 ../Common/ethernet/uIP/uip-1.0/uip/psock.o
                0x000086f0                psock_generator_send
 .text.psock_datalen
                0x000087c8       0x24 ../Common/ethernet/uIP/uip-1.0/uip/psock.o
                0x000087c8                psock_datalen
 .text.psock_newdata
                0x000087ec       0x64 ../Common/ethernet/uIP/uip-1.0/uip/psock.o
                0x000087ec                psock_newdata
 .text.psock_readto
                0x00008850       0xfc ../Common/ethernet/uIP/uip-1.0/uip/psock.o
                0x00008850                psock_readto
 .text.psock_readbuf
                0x0000894c      0x104 ../Common/ethernet/uIP/uip-1.0/uip/psock.o
                0x0000894c                psock_readbuf
 .text.psock_init
                0x00008a50       0x48 ../Common/ethernet/uIP/uip-1.0/uip/psock.o
                0x00008a50                psock_init
 .text          0x00008a98        0x0 ../Common/ethernet/uIP/uip-1.0/uip/timer.o
 .text.timer_set
                0x00008a98       0x24 ../Common/ethernet/uIP/uip-1.0/uip/timer.o
                0x00008a98                timer_set
 .text.timer_reset
                0x00008abc       0x20 ../Common/ethernet/uIP/uip-1.0/uip/timer.o
                0x00008abc                timer_reset
 .text.timer_restart
                0x00008adc       0x1c ../Common/ethernet/uIP/uip-1.0/uip/timer.o
                0x00008adc                timer_restart
 .text.timer_expired
                0x00008af8       0x2c ../Common/ethernet/uIP/uip-1.0/uip/timer.o
                0x00008af8                timer_expired
 .text          0x00008b24        0x0 ../Common/ethernet/uIP/uip-1.0/uip/uip.o
 .text.uip_setipid
                0x00008b24       0x20 ../Common/ethernet/uIP/uip-1.0/uip/uip.o
                0x00008b24                uip_setipid
 .text.uip_add32
                0x00008b44      0x14c ../Common/ethernet/uIP/uip-1.0/uip/uip.o
                0x00008b44                uip_add32
 .text.chksum   0x00008c90       0x98 ../Common/ethernet/uIP/uip-1.0/uip/uip.o
 .text.uip_chksum
                0x00008d28       0x30 ../Common/ethernet/uIP/uip-1.0/uip/uip.o
                0x00008d28                uip_chksum
 .text.uip_ipchksum
                0x00008d58       0x4c ../Common/ethernet/uIP/uip-1.0/uip/uip.o
                0x00008d58                uip_ipchksum
 .text.upper_layer_chksum
                0x00008da4       0xac ../Common/ethernet/uIP/uip-1.0/uip/uip.o
 .text.uip_tcpchksum
                0x00008e50       0x14 ../Common/ethernet/uIP/uip-1.0/uip/uip.o
                0x00008e50                uip_tcpchksum
 .text.uip_udpchksum
                0x00008e64       0x14 ../Common/ethernet/uIP/uip-1.0/uip/uip.o
                0x00008e64                uip_udpchksum
 .text.uip_init
                0x00008e78       0xcc ../Common/ethernet/uIP/uip-1.0/uip/uip.o
                0x00008e78                uip_init
 .text.uip_connect
                0x00008f44      0x21c ../Common/ethernet/uIP/uip-1.0/uip/uip.o
                0x00008f44                uip_connect
 .text.uip_unlisten
                0x00009160       0x88 ../Common/ethernet/uIP/uip-1.0/uip/uip.o
                0x00009160                uip_unlisten
 .text.uip_listen
                0x000091e8       0x84 ../Common/ethernet/uIP/uip-1.0/uip/uip.o
                0x000091e8                uip_listen
 .text.uip_add_rcv_nxt
                0x0000926c       0x84 ../Common/ethernet/uIP/uip-1.0/uip/uip.o
 .text.uip_process
                0x000092f0     0x2258 ../Common/ethernet/uIP/uip-1.0/uip/uip.o
                0x000092f0                uip_process
 .text.htons    0x0000b548       0x30 ../Common/ethernet/uIP/uip-1.0/uip/uip.o
                0x0000b548                htons
 .text.uip_send
                0x0000b578       0x54 ../Common/ethernet/uIP/uip-1.0/uip/uip.o
                0x0000b578                uip_send
 .text          0x0000b5cc        0x0 ../Source/list.o
 .text.vListInitialise
                0x0000b5cc       0x48 ../Source/list.o
                0x0000b5cc                vListInitialise
 .text.vListInitialiseItem
                0x0000b614       0x1c ../Source/list.o
                0x0000b614                vListInitialiseItem
 .text.vListInsertEnd
                0x0000b630       0x50 ../Source/list.o
                0x0000b630                vListInsertEnd
 .text.vListInsert
                0x0000b680       0x74 ../Source/list.o
                0x0000b680                vListInsert
 .text.vListRemove
                0x0000b6f4       0x54 ../Source/list.o
                0x0000b6f4                vListRemove
 .text          0x0000b748        0x0 ../Source/queue.o
 .text.xQueueCreate
                0x0000b748       0xd4 ../Source/queue.o
                0x0000b748                xQueueCreate
 .text.xQueueCreateMutex
                0x0000b81c       0x98 ../Source/queue.o
                0x0000b81c                xQueueCreateMutex
 .text.xQueueGiveMutexRecursive
                0x0000b8b4       0x58 ../Source/queue.o
                0x0000b8b4                xQueueGiveMutexRecursive
 .text.xQueueTakeMutexRecursive
                0x0000b90c       0x60 ../Source/queue.o
                0x0000b90c                xQueueTakeMutexRecursive
 .text.xQueueGenericSend
                0x0000b96c      0x124 ../Source/queue.o
                0x0000b96c                xQueueGenericSend
 .text.xQueueGenericSendFromISR
                0x0000ba90       0x90 ../Source/queue.o
                0x0000ba90                xQueueGenericSendFromISR
 .text.xQueueGenericReceive
                0x0000bb20      0x18c ../Source/queue.o
                0x0000bb20                xQueueGenericReceive
 .text.xQueueReceiveFromISR
                0x0000bcac       0x94 ../Source/queue.o
                0x0000bcac                xQueueReceiveFromISR
 .text.uxQueueMessagesWaiting
                0x0000bd40       0x24 ../Source/queue.o
                0x0000bd40                uxQueueMessagesWaiting
 .text.uxQueueMessagesWaitingFromISR
                0x0000bd64       0x1c ../Source/queue.o
                0x0000bd64                uxQueueMessagesWaitingFromISR
 .text.vQueueDelete
                0x0000bd80       0x28 ../Source/queue.o
                0x0000bd80                vQueueDelete
 .text.prvCopyDataToQueue
                0x0000bda8       0xc4 ../Source/queue.o
 .text.prvCopyDataFromQueue
                0x0000be6c       0x50 ../Source/queue.o
 .text.prvUnlockQueue
                0x0000bebc       0x98 ../Source/queue.o
 .text.prvIsQueueEmpty
                0x0000bf54       0x2c ../Source/queue.o
 .text.xQueueIsQueueEmptyFromISR
                0x0000bf80       0x24 ../Source/queue.o
                0x0000bf80                xQueueIsQueueEmptyFromISR
 .text.prvIsQueueFull
                0x0000bfa4       0x30 ../Source/queue.o
 .text.xQueueIsQueueFullFromISR
                0x0000bfd4       0x28 ../Source/queue.o
                0x0000bfd4                xQueueIsQueueFullFromISR
 .text.vQueueAddToRegistry
                0x0000bffc       0x64 ../Source/queue.o
                0x0000bffc                vQueueAddToRegistry
 .text.vQueueUnregisterQueue
                0x0000c060       0x54 ../Source/queue.o
 .text          0x0000c0b4        0x0 ../Source/tasks.o
 .text.xTaskCreate
                0x0000c0b4      0x1a4 ../Source/tasks.o
                0x0000c0b4                xTaskCreate
 .text.vTaskDelete
                0x0000c258       0xc8 ../Source/tasks.o
                0x0000c258                vTaskDelete
 .text.vTaskDelayUntil
                0x0000c320      0x10c ../Source/tasks.o
                0x0000c320                vTaskDelayUntil
 .text.vTaskDelay
                0x0000c42c       0xb8 ../Source/tasks.o
                0x0000c42c                vTaskDelay
 .text.uxTaskPriorityGet
                0x0000c4e4       0x40 ../Source/tasks.o
                0x0000c4e4                uxTaskPriorityGet
 .text.vTaskPrioritySet
                0x0000c524      0x134 ../Source/tasks.o
                0x0000c524                vTaskPrioritySet
 .text.vTaskSuspend
                0x0000c658       0x88 ../Source/tasks.o
                0x0000c658                vTaskSuspend
 .text.xTaskIsTaskSuspended
                0x0000c6e0       0x50 ../Source/tasks.o
                0x0000c6e0                xTaskIsTaskSuspended
 .text.vTaskResume
                0x0000c730       0xac ../Source/tasks.o
                0x0000c730                vTaskResume
 .text.xTaskResumeFromISR
                0x0000c7dc       0xc0 ../Source/tasks.o
                0x0000c7dc                xTaskResumeFromISR
 .text.vTaskStartScheduler
                0x0000c89c       0x78 ../Source/tasks.o
                0x0000c89c                vTaskStartScheduler
 .text.vTaskEndScheduler
                0x0000c914       0x24 ../Source/tasks.o
                0x0000c914                vTaskEndScheduler
 .text.vTaskSuspendAll
                0x0000c938       0x24 ../Source/tasks.o
                0x0000c938                vTaskSuspendAll
 .text.xTaskResumeAll
                0x0000c95c      0x178 ../Source/tasks.o
                0x0000c95c                xTaskResumeAll
 .text.xTaskGetTickCount
                0x0000cad4       0x28 ../Source/tasks.o
                0x0000cad4                xTaskGetTickCount
 .text.uxTaskGetNumberOfTasks
                0x0000cafc       0x18 ../Source/tasks.o
                0x0000cafc                uxTaskGetNumberOfTasks
 .text.vTaskList
                0x0000cb14      0x130 ../Source/tasks.o
                0x0000cb14                vTaskList
 .text.vTaskGetRunTimeStats
                0x0000cc44      0x130 ../Source/tasks.o
                0x0000cc44                vTaskGetRunTimeStats
 .text.vTaskStartTrace
                0x0000cd74       0x54 ../Source/tasks.o
                0x0000cd74                vTaskStartTrace
 .text.ulTaskEndTrace
                0x0000cdc8       0x44 ../Source/tasks.o
                0x0000cdc8                ulTaskEndTrace
 .text.vTaskIncrementTick
                0x0000ce0c      0x168 ../Source/tasks.o
                0x0000ce0c                vTaskIncrementTick
 .text.vTaskSwitchContext
                0x0000cf74      0x24c ../Source/tasks.o
                0x0000cf74                vTaskSwitchContext
 .text.vTaskPlaceOnEventList
                0x0000d1c0       0xd4 ../Source/tasks.o
                0x0000d1c0                vTaskPlaceOnEventList
 .text.xTaskRemoveFromEventList
                0x0000d294       0xd8 ../Source/tasks.o
                0x0000d294                xTaskRemoveFromEventList
 .text.vTaskSetTimeOutState
                0x0000d36c       0x30 ../Source/tasks.o
                0x0000d36c                vTaskSetTimeOutState
 .text.xTaskCheckForTimeOut
                0x0000d39c       0xa8 ../Source/tasks.o
                0x0000d39c                xTaskCheckForTimeOut
 .text.vTaskMissedYield
                0x0000d444       0x18 ../Source/tasks.o
                0x0000d444                vTaskMissedYield
 .text.prvIdleTask
                0x0000d45c       0x10 ../Source/tasks.o
 .text.prvInitialiseTCBVariables
                0x0000d46c       0x80 ../Source/tasks.o
 .text.prvInitialiseTaskLists
                0x0000d4ec       0xa4 ../Source/tasks.o
 .text.prvCheckTasksWaitingTermination
                0x0000d590       0xb0 ../Source/tasks.o
 .text.prvAllocateTCBAndStack
                0x0000d640       0x68 ../Source/tasks.o
 .text.prvListTaskWithinSingleList
                0x0000d6a8       0xcc ../Source/tasks.o
 .text.prvGenerateRunTimeStatsForTasksInList
                0x0000d774      0x114 ../Source/tasks.o
 .text.usTaskCheckFreeStackSpace
                0x0000d888       0x44 ../Source/tasks.o
                0x0000d888                usTaskCheckFreeStackSpace
 .text.uxTaskGetStackHighWaterMark
                0x0000d8cc       0x3c ../Source/tasks.o
                0x0000d8cc                uxTaskGetStackHighWaterMark
 .text.prvDeleteTCB
                0x0000d908       0x20 ../Source/tasks.o
 .text.xTaskGetCurrentTaskHandle
                0x0000d928       0x18 ../Source/tasks.o
                0x0000d928                xTaskGetCurrentTaskHandle
 .text.vTaskPriorityInherit
                0x0000d940       0xd8 ../Source/tasks.o
                0x0000d940                vTaskPriorityInherit
 .text.vTaskPriorityDisinherit
                0x0000da18       0x90 ../Source/tasks.o
                0x0000da18                vTaskPriorityDisinherit
 .text          0x0000daa8        0x0 ../Source/portable/GCC/ARM_CM3/port.o
 .text.pxPortInitialiseStack
                0x0000daa8       0x58 ../Source/portable/GCC/ARM_CM3/port.o
                0x0000daa8                pxPortInitialiseStack
 .text.vPortSVCHandler
                0x0000db00       0x20 ../Source/portable/GCC/ARM_CM3/port.o
                0x0000db00                vPortSVCHandler
 .text.vPortStartFirstTask
                0x0000db20       0x10 ../Source/portable/GCC/ARM_CM3/port.o
                0x0000db20                vPortStartFirstTask
 .text.xPortStartScheduler
                0x0000db30       0x54 ../Source/portable/GCC/ARM_CM3/port.o
                0x0000db30                xPortStartScheduler
 .text.vPortEndScheduler
                0x0000db84        0xc ../Source/portable/GCC/ARM_CM3/port.o
                0x0000db84                vPortEndScheduler
 .text.vPortYieldFromISR
                0x0000db90       0x18 ../Source/portable/GCC/ARM_CM3/port.o
                0x0000db90                vPortYieldFromISR
 .text.vPortEnterCritical
                0x0000dba8       0x2c ../Source/portable/GCC/ARM_CM3/port.o
                0x0000dba8                vPortEnterCritical
 .text.vPortExitCritical
                0x0000dbd4       0x38 ../Source/portable/GCC/ARM_CM3/port.o
                0x0000dbd4                vPortExitCritical
 .text.xPortPendSVHandler
                0x0000dc0c       0x3c ../Source/portable/GCC/ARM_CM3/port.o
                0x0000dc0c                xPortPendSVHandler
 .text.xPortSysTickHandler
                0x0000dc48       0x38 ../Source/portable/GCC/ARM_CM3/port.o
                0x0000dc48                xPortSysTickHandler
 .text.prvSetupTimerInterrupt
                0x0000dc80       0x28 ../Source/portable/GCC/ARM_CM3/port.o
 .text          0x0000dca8        0x0 ../Source/portable/MemMang/heap_2.o
 .text.pvPortMalloc
                0x0000dca8      0x19c ../Source/portable/MemMang/heap_2.o
                0x0000dca8                pvPortMalloc
 .text.vPortFree
                0x0000de44       0x6c ../Source/portable/MemMang/heap_2.o
                0x0000de44                vPortFree
 .text          0x0000deb0        0x0 startup.o
 .text.NmiSR    0x0000deb0        0x4 startup.o
 .text.FaultISR
                0x0000deb4        0x4 startup.o
 .text.IntDefaultHandler
                0x0000deb8        0x4 startup.o
 .text.uipprintf
                0x0000debc        0xc startup.o
                0x0000debc                uipprintf
 .text.ResetISR
                0x0000dec8       0x70 startup.o
                0x0000dec8                ResetISR
 .text          0x0000df38        0x0 ../Common/drivers/LuminaryMicro/arm-none-eabi-gcc/libdriver.a(ethernet.o)
 .text.EthernetInitExpClk
                0x0000df38       0x14 ../Common/drivers/LuminaryMicro/arm-none-eabi-gcc/libdriver.a(ethernet.o)
                0x0000df38                EthernetInitExpClk
 .text.EthernetConfigSet
                0x0000df4c       0x30 ../Common/drivers/LuminaryMicro/arm-none-eabi-gcc/libdriver.a(ethernet.o)
                0x0000df4c                EthernetConfigSet
 .text.EthernetConfigGet
                0x0000df7c       0x18 ../Common/drivers/LuminaryMicro/arm-none-eabi-gcc/libdriver.a(ethernet.o)
                0x0000df7c                EthernetConfigGet
 .text.EthernetMACAddrSet
                0x0000df94       0x38 ../Common/drivers/LuminaryMicro/arm-none-eabi-gcc/libdriver.a(ethernet.o)
                0x0000df94                EthernetMACAddrSet
 .text.EthernetMACAddrGet
                0x0000dfcc       0x34 ../Common/drivers/LuminaryMicro/arm-none-eabi-gcc/libdriver.a(ethernet.o)
                0x0000dfcc                EthernetMACAddrGet
 .text.EthernetEnable
                0x0000e000       0x24 ../Common/drivers/LuminaryMicro/arm-none-eabi-gcc/libdriver.a(ethernet.o)
                0x0000e000                EthernetEnable
 .text.EthernetDisable
                0x0000e024       0x24 ../Common/drivers/LuminaryMicro/arm-none-eabi-gcc/libdriver.a(ethernet.o)
                0x0000e024                EthernetDisable
 .text.EthernetPacketAvail
                0x0000e048        0xc ../Common/drivers/LuminaryMicro/arm-none-eabi-gcc/libdriver.a(ethernet.o)
                0x0000e048                EthernetPacketAvail
 .text.EthernetSpaceAvail
                0x0000e054        0xc ../Common/drivers/LuminaryMicro/arm-none-eabi-gcc/libdriver.a(ethernet.o)
                0x0000e054                EthernetSpaceAvail
 .text.EthernetPacketGetInternal
                0x0000e060       0xa4 ../Common/drivers/LuminaryMicro/arm-none-eabi-gcc/libdriver.a(ethernet.o)
 .text.EthernetPacketGetNonBlocking
                0x0000e104       0x18 ../Common/drivers/LuminaryMicro/arm-none-eabi-gcc/libdriver.a(ethernet.o)
                0x0000e104                EthernetPacketGetNonBlocking
 .text.EthernetPacketGet
                0x0000e11c       0x18 ../Common/drivers/LuminaryMicro/arm-none-eabi-gcc/libdriver.a(ethernet.o)
                0x0000e11c                EthernetPacketGet
 .text.EthernetPacketPutInternal
                0x0000e134       0x98 ../Common/drivers/LuminaryMicro/arm-none-eabi-gcc/libdriver.a(ethernet.o)
 .text.EthernetPacketPutNonBlocking
                0x0000e1cc       0x14 ../Common/drivers/LuminaryMicro/arm-none-eabi-gcc/libdriver.a(ethernet.o)
                0x0000e1cc                EthernetPacketPutNonBlocking
 .text.EthernetPacketPut
                0x0000e1e0       0x18 ../Common/drivers/LuminaryMicro/arm-none-eabi-gcc/libdriver.a(ethernet.o)
                0x0000e1e0                EthernetPacketPut
 .text.EthernetIntEnable
                0x0000e1f8        0x8 ../Common/drivers/LuminaryMicro/arm-none-eabi-gcc/libdriver.a(ethernet.o)
                0x0000e1f8                EthernetIntEnable
 .text.EthernetIntDisable
                0x0000e200        0xc ../Common/drivers/LuminaryMicro/arm-none-eabi-gcc/libdriver.a(ethernet.o)
                0x0000e200                EthernetIntDisable
 .text.EthernetIntStatus
                0x0000e20c        0xc ../Common/drivers/LuminaryMicro/arm-none-eabi-gcc/libdriver.a(ethernet.o)
                0x0000e20c                EthernetIntStatus
 .text.EthernetIntClear
                0x0000e218        0x4 ../Common/drivers/LuminaryMicro/arm-none-eabi-gcc/libdriver.a(ethernet.o)
                0x0000e218                EthernetIntClear
 .text.EthernetPHYWrite
                0x0000e21c       0x30 ../Common/drivers/LuminaryMicro/arm-none-eabi-gcc/libdriver.a(ethernet.o)
                0x0000e21c                EthernetPHYWrite
 .text.EthernetPHYRead
                0x0000e24c       0x28 ../Common/drivers/LuminaryMicro/arm-none-eabi-gcc/libdriver.a(ethernet.o)
                0x0000e24c                EthernetPHYRead
 .text.EthernetIntUnregister
                0x0000e274       0x10 ../Common/drivers/LuminaryMicro/arm-none-eabi-gcc/libdriver.a(ethernet.o)
                0x0000e274                EthernetIntUnregister
 .text.EthernetIntRegister
                0x0000e284       0x10 ../Common/drivers/LuminaryMicro/arm-none-eabi-gcc/libdriver.a(ethernet.o)
                0x0000e284                EthernetIntRegister
 .text          0x0000e294        0x0 ../Common/drivers/LuminaryMicro/arm-none-eabi-gcc/libdriver.a(flash.o)
 .text.FlashUsecGet
                0x0000e294        0xc ../Common/drivers/LuminaryMicro/arm-none-eabi-gcc/libdriver.a(flash.o)
                0x0000e294                FlashUsecGet
 .text.FlashUsecSet
                0x0000e2a0        0xc ../Common/drivers/LuminaryMicro/arm-none-eabi-gcc/libdriver.a(flash.o)
                0x0000e2a0                FlashUsecSet
 .text.FlashErase
                0x0000e2ac       0x3c ../Common/drivers/LuminaryMicro/arm-none-eabi-gcc/libdriver.a(flash.o)
                0x0000e2ac                FlashErase
 .text.FlashProgram
                0x0000e2e8       0x58 ../Common/drivers/LuminaryMicro/arm-none-eabi-gcc/libdriver.a(flash.o)
                0x0000e2e8                FlashProgram
 .text.FlashProtectGet
                0x0000e340       0xb0 ../Common/drivers/LuminaryMicro/arm-none-eabi-gcc/libdriver.a(flash.o)
                0x0000e340                FlashProtectGet
 .text.FlashProtectSet
                0x0000e3f0      0x120 ../Common/drivers/LuminaryMicro/arm-none-eabi-gcc/libdriver.a(flash.o)
                0x0000e3f0                FlashProtectSet
 .text.FlashProtectSave
                0x0000e510       0x58 ../Common/drivers/LuminaryMicro/arm-none-eabi-gcc/libdriver.a(flash.o)
                0x0000e510                FlashProtectSave
 .text.FlashUserGet
                0x0000e568       0x3c ../Common/drivers/LuminaryMicro/arm-none-eabi-gcc/libdriver.a(flash.o)
                0x0000e568                FlashUserGet
 .text.FlashUserSet
                0x0000e5a4       0x3c ../Common/drivers/LuminaryMicro/arm-none-eabi-gcc/libdriver.a(flash.o)
                0x0000e5a4                FlashUserSet
 .text.FlashUserSave
                0x0000e5e0       0x64 ../Common/drivers/LuminaryMicro/arm-none-eabi-gcc/libdriver.a(flash.o)
                0x0000e5e0                FlashUserSave
 .text.FlashIntEnable
                0x0000e644       0x10 ../Common/drivers/LuminaryMicro/arm-none-eabi-gcc/libdriver.a(flash.o)
                0x0000e644                FlashIntEnable
 .text.FlashIntDisable
                0x0000e654       0x10 ../Common/drivers/LuminaryMicro/arm-none-eabi-gcc/libdriver.a(flash.o)
                0x0000e654                FlashIntDisable
 .text.FlashIntGetStatus
                0x0000e664       0x18 ../Common/drivers/LuminaryMicro/arm-none-eabi-gcc/libdriver.a(flash.o)
                0x0000e664                FlashIntGetStatus
 .text.FlashIntClear
                0x0000e67c        0xc ../Common/drivers/LuminaryMicro/arm-none-eabi-gcc/libdriver.a(flash.o)
                0x0000e67c                FlashIntClear
 .text.FlashIntUnregister
                0x0000e688       0x10 ../Common/drivers/LuminaryMicro/arm-none-eabi-gcc/libdriver.a(flash.o)
                0x0000e688                FlashIntUnregister
 .text.FlashIntRegister
                0x0000e698       0x14 ../Common/drivers/LuminaryMicro/arm-none-eabi-gcc/libdriver.a(flash.o)
                0x0000e698                FlashIntRegister
 .text          0x0000e6ac        0x0 ../Common/drivers/LuminaryMicro/arm-none-eabi-gcc/libdriver.a(gpio.o)
 .text.GPIOGetIntNumber
                0x0000e6ac       0xa4 ../Common/drivers/LuminaryMicro/arm-none-eabi-gcc/libdriver.a(gpio.o)
 .text.GPIODirModeSet
                0x0000e750       0x44 ../Common/drivers/LuminaryMicro/arm-none-eabi-gcc/libdriver.a(gpio.o)
                0x0000e750                GPIODirModeSet
 .text.GPIODirModeGet
                0x0000e794       0x20 ../Common/drivers/LuminaryMicro/arm-none-eabi-gcc/libdriver.a(gpio.o)
                0x0000e794                GPIODirModeGet
 .text.GPIOIntTypeSet
                0x0000e7b4       0x70 ../Common/drivers/LuminaryMicro/arm-none-eabi-gcc/libdriver.a(gpio.o)
                0x0000e7b4                GPIOIntTypeSet
 .text.GPIOIntTypeGet
                0x0000e824       0x30 ../Common/drivers/LuminaryMicro/arm-none-eabi-gcc/libdriver.a(gpio.o)
                0x0000e824                GPIOIntTypeGet
 .text.GPIOPadConfigSet
                0x0000e854      0x130 ../Common/drivers/LuminaryMicro/arm-none-eabi-gcc/libdriver.a(gpio.o)
                0x0000e854                GPIOPadConfigSet
 .text.GPIOPadConfigGet
                0x0000e984       0x78 ../Common/drivers/LuminaryMicro/arm-none-eabi-gcc/libdriver.a(gpio.o)
                0x0000e984                GPIOPadConfigGet
 .text.GPIOPinIntEnable
                0x0000e9fc        0xc ../Common/drivers/LuminaryMicro/arm-none-eabi-gcc/libdriver.a(gpio.o)
                0x0000e9fc                GPIOPinIntEnable
 .text.GPIOPinIntDisable
                0x0000ea08       0x10 ../Common/drivers/LuminaryMicro/arm-none-eabi-gcc/libdriver.a(gpio.o)
                0x0000ea08                GPIOPinIntDisable
 .text.GPIOPinIntStatus
                0x0000ea18       0x10 ../Common/drivers/LuminaryMicro/arm-none-eabi-gcc/libdriver.a(gpio.o)
                0x0000ea18                GPIOPinIntStatus
 .text.GPIOPinIntClear
                0x0000ea28        0x8 ../Common/drivers/LuminaryMicro/arm-none-eabi-gcc/libdriver.a(gpio.o)
                0x0000ea28                GPIOPinIntClear
 .text.GPIOPinRead
                0x0000ea30        0x8 ../Common/drivers/LuminaryMicro/arm-none-eabi-gcc/libdriver.a(gpio.o)
                0x0000ea30                GPIOPinRead
 .text.GPIOPinWrite
                0x0000ea38        0x8 ../Common/drivers/LuminaryMicro/arm-none-eabi-gcc/libdriver.a(gpio.o)
                0x0000ea38                GPIOPinWrite
 .text.GPIOPinTypeADC
                0x0000ea40       0x1c ../Common/drivers/LuminaryMicro/arm-none-eabi-gcc/libdriver.a(gpio.o)
                0x0000ea40                GPIOPinTypeADC
 .text.GPIOPinTypeCAN
                0x0000ea5c       0x1c ../Common/drivers/LuminaryMicro/arm-none-eabi-gcc/libdriver.a(gpio.o)
                0x0000ea5c                GPIOPinTypeCAN
 .text.GPIOPinTypeComparator
                0x0000ea78       0x1c ../Common/drivers/LuminaryMicro/arm-none-eabi-gcc/libdriver.a(gpio.o)
                0x0000ea78                GPIOPinTypeComparator
 .text.GPIOPinTypeGPIOInput
                0x0000ea94       0x1c ../Common/drivers/LuminaryMicro/arm-none-eabi-gcc/libdriver.a(gpio.o)
                0x0000ea94                GPIOPinTypeGPIOInput
 .text.GPIOPinTypeGPIOOutput
                0x0000eab0       0x1c ../Common/drivers/LuminaryMicro/arm-none-eabi-gcc/libdriver.a(gpio.o)
                0x0000eab0                GPIOPinTypeGPIOOutput
 .text.GPIOPinTypeGPIOOutputOD
                0x0000eacc       0x1c ../Common/drivers/LuminaryMicro/arm-none-eabi-gcc/libdriver.a(gpio.o)
                0x0000eacc                GPIOPinTypeGPIOOutputOD
 .text.GPIOPinTypeI2C
                0x0000eae8       0x1c ../Common/drivers/LuminaryMicro/arm-none-eabi-gcc/libdriver.a(gpio.o)
                0x0000eae8                GPIOPinTypeI2C
 .text.GPIOPinTypePWM
                0x0000eb04       0x1c ../Common/drivers/LuminaryMicro/arm-none-eabi-gcc/libdriver.a(gpio.o)
                0x0000eb04                GPIOPinTypePWM
 .text.GPIOPinTypeQEI
                0x0000eb20       0x1c ../Common/drivers/LuminaryMicro/arm-none-eabi-gcc/libdriver.a(gpio.o)
                0x0000eb20                GPIOPinTypeQEI
 .text.GPIOPinTypeSSI
                0x0000eb3c       0x1c ../Common/drivers/LuminaryMicro/arm-none-eabi-gcc/libdriver.a(gpio.o)
                0x0000eb3c                GPIOPinTypeSSI
 .text.GPIOPinTypeTimer
                0x0000eb58       0x1c ../Common/drivers/LuminaryMicro/arm-none-eabi-gcc/libdriver.a(gpio.o)
                0x0000eb58                GPIOPinTypeTimer
 .text.GPIOPinTypeUART
                0x0000eb74       0x1c ../Common/drivers/LuminaryMicro/arm-none-eabi-gcc/libdriver.a(gpio.o)
                0x0000eb74                GPIOPinTypeUART
 .text.GPIOPinTypeUSBDigital
                0x0000eb90       0x1c ../Common/drivers/LuminaryMicro/arm-none-eabi-gcc/libdriver.a(gpio.o)
                0x0000eb90                GPIOPinTypeUSBDigital
 .text.GPIOPortIntUnregister
                0x0000ebac       0x14 ../Common/drivers/LuminaryMicro/arm-none-eabi-gcc/libdriver.a(gpio.o)
                0x0000ebac                GPIOPortIntUnregister
 .text.GPIOPortIntRegister
                0x0000ebc0       0x18 ../Common/drivers/LuminaryMicro/arm-none-eabi-gcc/libdriver.a(gpio.o)
                0x0000ebc0                GPIOPortIntRegister
 .text          0x0000ebd8        0x0 ../Common/drivers/LuminaryMicro/arm-none-eabi-gcc/libdriver.a(interrupt.o)
 .text.IntDefaultHandler
                0x0000ebd8        0x4 ../Common/drivers/LuminaryMicro/arm-none-eabi-gcc/libdriver.a(interrupt.o)
 .text.IntRegister
                0x0000ebdc       0x3c ../Common/drivers/LuminaryMicro/arm-none-eabi-gcc/libdriver.a(interrupt.o)
                0x0000ebdc                IntRegister
 .text.IntUnregister
                0x0000ec18       0x14 ../Common/drivers/LuminaryMicro/arm-none-eabi-gcc/libdriver.a(interrupt.o)
                0x0000ec18                IntUnregister
 .text.IntPriorityGroupingSet
                0x0000ec2c       0x1c ../Common/drivers/LuminaryMicro/arm-none-eabi-gcc/libdriver.a(interrupt.o)
                0x0000ec2c                IntPriorityGroupingSet
 .text.IntPriorityGroupingGet
                0x0000ec48       0x24 ../Common/drivers/LuminaryMicro/arm-none-eabi-gcc/libdriver.a(interrupt.o)
                0x0000ec48                IntPriorityGroupingGet
 .text.IntPrioritySet
                0x0000ec6c       0x28 ../Common/drivers/LuminaryMicro/arm-none-eabi-gcc/libdriver.a(interrupt.o)
                0x0000ec6c                IntPrioritySet
 .text.IntPriorityGet
                0x0000ec94       0x20 ../Common/drivers/LuminaryMicro/arm-none-eabi-gcc/libdriver.a(interrupt.o)
                0x0000ec94                IntPriorityGet
 .text.IntEnable
                0x0000ecb4       0x74 ../Common/drivers/LuminaryMicro/arm-none-eabi-gcc/libdriver.a(interrupt.o)
                0x0000ecb4                IntEnable
 .text.IntDisable
                0x0000ed28       0x74 ../Common/drivers/LuminaryMicro/arm-none-eabi-gcc/libdriver.a(interrupt.o)
                0x0000ed28                IntDisable
 .text.IntMasterDisable
                0x0000ed9c        0xc ../Common/drivers/LuminaryMicro/arm-none-eabi-gcc/libdriver.a(interrupt.o)
                0x0000ed9c                IntMasterDisable
 .text.IntMasterEnable
                0x0000eda8        0xc ../Common/drivers/LuminaryMicro/arm-none-eabi-gcc/libdriver.a(interrupt.o)
                0x0000eda8                IntMasterEnable
 .text          0x0000edb4        0x0 ../Common/drivers/LuminaryMicro/arm-none-eabi-gcc/libdriver.a(ssi.o)
 .text.SSIConfigSetExpClk
                0x0000edb4       0x48 ../Common/drivers/LuminaryMicro/arm-none-eabi-gcc/libdriver.a(ssi.o)
                0x0000edb4                SSIConfigSetExpClk
 .text.SSIEnable
                0x0000edfc        0xc ../Common/drivers/LuminaryMicro/arm-none-eabi-gcc/libdriver.a(ssi.o)
                0x0000edfc                SSIEnable
 .text.SSIDisable
                0x0000ee08        0xc ../Common/drivers/LuminaryMicro/arm-none-eabi-gcc/libdriver.a(ssi.o)
                0x0000ee08                SSIDisable
 .text.SSIIntEnable
                0x0000ee14        0x8 ../Common/drivers/LuminaryMicro/arm-none-eabi-gcc/libdriver.a(ssi.o)
                0x0000ee14                SSIIntEnable
 .text.SSIIntDisable
                0x0000ee1c        0xc ../Common/drivers/LuminaryMicro/arm-none-eabi-gcc/libdriver.a(ssi.o)
                0x0000ee1c                SSIIntDisable
 .text.SSIIntStatus
                0x0000ee28        0xc ../Common/drivers/LuminaryMicro/arm-none-eabi-gcc/libdriver.a(ssi.o)
                0x0000ee28                SSIIntStatus
 .text.SSIIntClear
                0x0000ee34        0x4 ../Common/drivers/LuminaryMicro/arm-none-eabi-gcc/libdriver.a(ssi.o)
                0x0000ee34                SSIIntClear
 .text.SSIDataPut
                0x0000ee38       0x10 ../Common/drivers/LuminaryMicro/arm-none-eabi-gcc/libdriver.a(ssi.o)
                0x0000ee38                SSIDataPut
 .text.SSIDataPutNonBlocking
                0x0000ee48       0x10 ../Common/drivers/LuminaryMicro/arm-none-eabi-gcc/libdriver.a(ssi.o)
                0x0000ee48                SSIDataPutNonBlocking
 .text.SSIDataGet
                0x0000ee58       0x14 ../Common/drivers/LuminaryMicro/arm-none-eabi-gcc/libdriver.a(ssi.o)
                0x0000ee58                SSIDataGet
 .text.SSIDataGetNonBlocking
                0x0000ee6c       0x14 ../Common/drivers/LuminaryMicro/arm-none-eabi-gcc/libdriver.a(ssi.o)
                0x0000ee6c                SSIDataGetNonBlocking
 .text.SSIDMAEnable
                0x0000ee80        0x8 ../Common/drivers/LuminaryMicro/arm-none-eabi-gcc/libdriver.a(ssi.o)
                0x0000ee80                SSIDMAEnable
 .text.SSIDMADisable
                0x0000ee88        0xc ../Common/drivers/LuminaryMicro/arm-none-eabi-gcc/libdriver.a(ssi.o)
                0x0000ee88                SSIDMADisable
 .text.SSIIntUnregister
                0x0000ee94       0x20 ../Common/drivers/LuminaryMicro/arm-none-eabi-gcc/libdriver.a(ssi.o)
                0x0000ee94                SSIIntUnregister
 .text.SSIIntRegister
                0x0000eeb4       0x20 ../Common/drivers/LuminaryMicro/arm-none-eabi-gcc/libdriver.a(ssi.o)
                0x0000eeb4                SSIIntRegister
 .text          0x0000eed4        0x0 ../Common/drivers/LuminaryMicro/arm-none-eabi-gcc/libdriver.a(sysctl.o)
 .text.SysCtlSRAMSizeGet
                0x0000eed4       0x14 ../Common/drivers/LuminaryMicro/arm-none-eabi-gcc/libdriver.a(sysctl.o)
                0x0000eed4                SysCtlSRAMSizeGet
 .text.SysCtlFlashSizeGet
                0x0000eee8       0x14 ../Common/drivers/LuminaryMicro/arm-none-eabi-gcc/libdriver.a(sysctl.o)
                0x0000eee8                SysCtlFlashSizeGet
 .text.SysCtlPinPresent
                0x0000eefc       0x14 ../Common/drivers/LuminaryMicro/arm-none-eabi-gcc/libdriver.a(sysctl.o)
                0x0000eefc                SysCtlPinPresent
 .text.SysCtlPeripheralPresent
                0x0000ef10       0x28 ../Common/drivers/LuminaryMicro/arm-none-eabi-gcc/libdriver.a(sysctl.o)
                0x0000ef10                SysCtlPeripheralPresent
 .text.SysCtlPeripheralReset
                0x0000ef38       0x44 ../Common/drivers/LuminaryMicro/arm-none-eabi-gcc/libdriver.a(sysctl.o)
                0x0000ef38                SysCtlPeripheralReset
 .text.SysCtlPeripheralEnable
                0x0000ef7c       0x24 ../Common/drivers/LuminaryMicro/arm-none-eabi-gcc/libdriver.a(sysctl.o)
                0x0000ef7c                SysCtlPeripheralEnable
 .text.SysCtlPeripheralDisable
                0x0000efa0       0x24 ../Common/drivers/LuminaryMicro/arm-none-eabi-gcc/libdriver.a(sysctl.o)
                0x0000efa0                SysCtlPeripheralDisable
 .text.SysCtlPeripheralSleepEnable
                0x0000efc4       0x24 ../Common/drivers/LuminaryMicro/arm-none-eabi-gcc/libdriver.a(sysctl.o)
                0x0000efc4                SysCtlPeripheralSleepEnable
 .text.SysCtlPeripheralSleepDisable
                0x0000efe8       0x24 ../Common/drivers/LuminaryMicro/arm-none-eabi-gcc/libdriver.a(sysctl.o)
                0x0000efe8                SysCtlPeripheralSleepDisable
 .text.SysCtlPeripheralDeepSleepEnable
                0x0000f00c       0x24 ../Common/drivers/LuminaryMicro/arm-none-eabi-gcc/libdriver.a(sysctl.o)
                0x0000f00c                SysCtlPeripheralDeepSleepEnable
 .text.SysCtlPeripheralDeepSleepDisable
                0x0000f030       0x24 ../Common/drivers/LuminaryMicro/arm-none-eabi-gcc/libdriver.a(sysctl.o)
                0x0000f030                SysCtlPeripheralDeepSleepDisable
 .text.SysCtlPeripheralClockGating
                0x0000f054       0x20 ../Common/drivers/LuminaryMicro/arm-none-eabi-gcc/libdriver.a(sysctl.o)
                0x0000f054                SysCtlPeripheralClockGating
 .text.SysCtlIntEnable
                0x0000f074       0x10 ../Common/drivers/LuminaryMicro/arm-none-eabi-gcc/libdriver.a(sysctl.o)
                0x0000f074                SysCtlIntEnable
 .text.SysCtlIntDisable
                0x0000f084       0x10 ../Common/drivers/LuminaryMicro/arm-none-eabi-gcc/libdriver.a(sysctl.o)
                0x0000f084                SysCtlIntDisable
 .text.SysCtlIntClear
                0x0000f094        0xc ../Common/drivers/LuminaryMicro/arm-none-eabi-gcc/libdriver.a(sysctl.o)
                0x0000f094                SysCtlIntClear
 .text.SysCtlIntStatus
                0x0000f0a0       0x18 ../Common/drivers/LuminaryMicro/arm-none-eabi-gcc/libdriver.a(sysctl.o)
                0x0000f0a0                SysCtlIntStatus
 .text.SysCtlLDOSet
                0x0000f0b8        0xc ../Common/drivers/LuminaryMicro/arm-none-eabi-gcc/libdriver.a(sysctl.o)
                0x0000f0b8                SysCtlLDOSet
 .text.SysCtlLDOGet
                0x0000f0c4        0xc ../Common/drivers/LuminaryMicro/arm-none-eabi-gcc/libdriver.a(sysctl.o)
                0x0000f0c4                SysCtlLDOGet
 .text.SysCtlLDOConfigSet
                0x0000f0d0        0xc ../Common/drivers/LuminaryMicro/arm-none-eabi-gcc/libdriver.a(sysctl.o)
                0x0000f0d0                SysCtlLDOConfigSet
 .text.SysCtlReset
                0x0000f0dc       0x10 ../Common/drivers/LuminaryMicro/arm-none-eabi-gcc/libdriver.a(sysctl.o)
                0x0000f0dc                SysCtlReset
 .text.SysCtlResetCauseGet
                0x0000f0ec        0xc ../Common/drivers/LuminaryMicro/arm-none-eabi-gcc/libdriver.a(sysctl.o)
                0x0000f0ec                SysCtlResetCauseGet
 .text.SysCtlResetCauseClear
                0x0000f0f8       0x10 ../Common/drivers/LuminaryMicro/arm-none-eabi-gcc/libdriver.a(sysctl.o)
                0x0000f0f8                SysCtlResetCauseClear
 .text.SysCtlBrownOutConfigSet
                0x0000f108       0x10 ../Common/drivers/LuminaryMicro/arm-none-eabi-gcc/libdriver.a(sysctl.o)
                0x0000f108                SysCtlBrownOutConfigSet
 .text.SysCtlDelay
                0x0000f118        0x8 ../Common/drivers/LuminaryMicro/arm-none-eabi-gcc/libdriver.a(sysctl.o)
                0x0000f118                SysCtlDelay
 .text.SysCtlClockSet
                0x0000f120      0x168 ../Common/drivers/LuminaryMicro/arm-none-eabi-gcc/libdriver.a(sysctl.o)
                0x0000f120                SysCtlClockSet
 .text.SysCtlClockGet
                0x0000f288      0x150 ../Common/drivers/LuminaryMicro/arm-none-eabi-gcc/libdriver.a(sysctl.o)
                0x0000f288                SysCtlClockGet
 .text.SysCtlPWMClockSet
                0x0000f3d8       0x14 ../Common/drivers/LuminaryMicro/arm-none-eabi-gcc/libdriver.a(sysctl.o)
                0x0000f3d8                SysCtlPWMClockSet
 .text.SysCtlPWMClockGet
                0x0000f3ec       0x18 ../Common/drivers/LuminaryMicro/arm-none-eabi-gcc/libdriver.a(sysctl.o)
                0x0000f3ec                SysCtlPWMClockGet
 .text.SysCtlADCSpeedSet
                0x0000f404       0x34 ../Common/drivers/LuminaryMicro/arm-none-eabi-gcc/libdriver.a(sysctl.o)
                0x0000f404                SysCtlADCSpeedSet
 .text.SysCtlADCSpeedGet
                0x0000f438       0x10 ../Common/drivers/LuminaryMicro/arm-none-eabi-gcc/libdriver.a(sysctl.o)
                0x0000f438                SysCtlADCSpeedGet
 .text.SysCtlIOSCVerificationSet
                0x0000f448       0x20 ../Common/drivers/LuminaryMicro/arm-none-eabi-gcc/libdriver.a(sysctl.o)
                0x0000f448                SysCtlIOSCVerificationSet
 .text.SysCtlMOSCVerificationSet
                0x0000f468       0x20 ../Common/drivers/LuminaryMicro/arm-none-eabi-gcc/libdriver.a(sysctl.o)
                0x0000f468                SysCtlMOSCVerificationSet
 .text.SysCtlPLLVerificationSet
                0x0000f488       0x20 ../Common/drivers/LuminaryMicro/arm-none-eabi-gcc/libdriver.a(sysctl.o)
                0x0000f488                SysCtlPLLVerificationSet
 .text.SysCtlClkVerificationClear
                0x0000f4a8       0x10 ../Common/drivers/LuminaryMicro/arm-none-eabi-gcc/libdriver.a(sysctl.o)
                0x0000f4a8                SysCtlClkVerificationClear
 .text.SysCtlGPIOAHBEnable
                0x0000f4b8       0x10 ../Common/drivers/LuminaryMicro/arm-none-eabi-gcc/libdriver.a(sysctl.o)
                0x0000f4b8                SysCtlGPIOAHBEnable
 .text.SysCtlGPIOAHBDisable
                0x0000f4c8       0x14 ../Common/drivers/LuminaryMicro/arm-none-eabi-gcc/libdriver.a(sysctl.o)
                0x0000f4c8                SysCtlGPIOAHBDisable
 .text.SysCtlUSBPLLEnable
                0x0000f4dc       0x10 ../Common/drivers/LuminaryMicro/arm-none-eabi-gcc/libdriver.a(sysctl.o)
                0x0000f4dc                SysCtlUSBPLLEnable
 .text.SysCtlUSBPLLDisable
                0x0000f4ec       0x10 ../Common/drivers/LuminaryMicro/arm-none-eabi-gcc/libdriver.a(sysctl.o)
                0x0000f4ec                SysCtlUSBPLLDisable
 .text.SysCtlDeepSleep
                0x0000f4fc       0x20 ../Common/drivers/LuminaryMicro/arm-none-eabi-gcc/libdriver.a(sysctl.o)
                0x0000f4fc                SysCtlDeepSleep
 .text.SysCtlSleep
                0x0000f51c        0x8 ../Common/drivers/LuminaryMicro/arm-none-eabi-gcc/libdriver.a(sysctl.o)
                0x0000f51c                SysCtlSleep
 .text.SysCtlIntUnregister
                0x0000f524       0x10 ../Common/drivers/LuminaryMicro/arm-none-eabi-gcc/libdriver.a(sysctl.o)
                0x0000f524                SysCtlIntUnregister
 .text.SysCtlIntRegister
                0x0000f534       0x14 ../Common/drivers/LuminaryMicro/arm-none-eabi-gcc/libdriver.a(sysctl.o)
                0x0000f534                SysCtlIntRegister
 .text          0x0000f548        0x0 ../Common/drivers/LuminaryMicro/arm-none-eabi-gcc/libdriver.a(timer.o)
 .text.TimerEnable
                0x0000f548       0x10 ../Common/drivers/LuminaryMicro/arm-none-eabi-gcc/libdriver.a(timer.o)
                0x0000f548                TimerEnable
 .text.TimerDisable
                0x0000f558       0x14 ../Common/drivers/LuminaryMicro/arm-none-eabi-gcc/libdriver.a(timer.o)
                0x0000f558                TimerDisable
 .text.TimerConfigure
                0x0000f56c       0x20 ../Common/drivers/LuminaryMicro/arm-none-eabi-gcc/libdriver.a(timer.o)
                0x0000f56c                TimerConfigure
 .text.TimerControlLevel
                0x0000f58c       0x28 ../Common/drivers/LuminaryMicro/arm-none-eabi-gcc/libdriver.a(timer.o)
                0x0000f58c                TimerControlLevel
 .text.TimerControlTrigger
                0x0000f5b4       0x28 ../Common/drivers/LuminaryMicro/arm-none-eabi-gcc/libdriver.a(timer.o)
                0x0000f5b4                TimerControlTrigger
 .text.TimerControlEvent
                0x0000f5dc       0x20 ../Common/drivers/LuminaryMicro/arm-none-eabi-gcc/libdriver.a(timer.o)
                0x0000f5dc                TimerControlEvent
 .text.TimerControlStall
                0x0000f5fc       0x28 ../Common/drivers/LuminaryMicro/arm-none-eabi-gcc/libdriver.a(timer.o)
                0x0000f5fc                TimerControlStall
 .text.TimerRTCEnable
                0x0000f624        0xc ../Common/drivers/LuminaryMicro/arm-none-eabi-gcc/libdriver.a(timer.o)
                0x0000f624                TimerRTCEnable
 .text.TimerRTCDisable
                0x0000f630        0xc ../Common/drivers/LuminaryMicro/arm-none-eabi-gcc/libdriver.a(timer.o)
                0x0000f630                TimerRTCDisable
 .text.TimerPrescaleSet
                0x0000f63c       0x14 ../Common/drivers/LuminaryMicro/arm-none-eabi-gcc/libdriver.a(timer.o)
                0x0000f63c                TimerPrescaleSet
 .text.TimerPrescaleGet
                0x0000f650        0xc ../Common/drivers/LuminaryMicro/arm-none-eabi-gcc/libdriver.a(timer.o)
                0x0000f650                TimerPrescaleGet
 .text.TimerLoadSet
                0x0000f65c       0x14 ../Common/drivers/LuminaryMicro/arm-none-eabi-gcc/libdriver.a(timer.o)
                0x0000f65c                TimerLoadSet
 .text.TimerLoadGet
                0x0000f670        0xc ../Common/drivers/LuminaryMicro/arm-none-eabi-gcc/libdriver.a(timer.o)
                0x0000f670                TimerLoadGet
 .text.TimerValueGet
                0x0000f67c        0xc ../Common/drivers/LuminaryMicro/arm-none-eabi-gcc/libdriver.a(timer.o)
                0x0000f67c                TimerValueGet
 .text.TimerMatchSet
                0x0000f688       0x14 ../Common/drivers/LuminaryMicro/arm-none-eabi-gcc/libdriver.a(timer.o)
                0x0000f688                TimerMatchSet
 .text.TimerMatchGet
                0x0000f69c        0xc ../Common/drivers/LuminaryMicro/arm-none-eabi-gcc/libdriver.a(timer.o)
                0x0000f69c                TimerMatchGet
 .text.TimerIntEnable
                0x0000f6a8        0x8 ../Common/drivers/LuminaryMicro/arm-none-eabi-gcc/libdriver.a(timer.o)
                0x0000f6a8                TimerIntEnable
 .text.TimerIntDisable
                0x0000f6b0        0xc ../Common/drivers/LuminaryMicro/arm-none-eabi-gcc/libdriver.a(timer.o)
                0x0000f6b0                TimerIntDisable
 .text.TimerIntStatus
                0x0000f6bc        0xc ../Common/drivers/LuminaryMicro/arm-none-eabi-gcc/libdriver.a(timer.o)
                0x0000f6bc                TimerIntStatus
 .text.TimerIntClear
                0x0000f6c8        0x4 ../Common/drivers/LuminaryMicro/arm-none-eabi-gcc/libdriver.a(timer.o)
                0x0000f6c8                TimerIntClear
 .text.TimerIntUnregister
                0x0000f6cc       0x58 ../Common/drivers/LuminaryMicro/arm-none-eabi-gcc/libdriver.a(timer.o)
                0x0000f6cc                TimerIntUnregister
 .text.TimerQuiesce
                0x0000f724       0x44 ../Common/drivers/LuminaryMicro/arm-none-eabi-gcc/libdriver.a(timer.o)
                0x0000f724                TimerQuiesce
 .text.TimerIntRegister
                0x0000f768       0x60 ../Common/drivers/LuminaryMicro/arm-none-eabi-gcc/libdriver.a(timer.o)
                0x0000f768                TimerIntRegister
 .text          0x0000f7c8       0x14 ../Common/drivers/LuminaryMicro/arm-none-eabi-gcc/libdriver.a(cpu.o)
                0x0000f7c8                CPUcpsid
                0x0000f7d8                CPUwfi
                0x0000f7d0                CPUcpsie
 .text          0x0000f7dc        0x0 ../Common/drivers/LuminaryMicro/arm-none-eabi-gcc/libgr.a(context.o)
 .text.GrContextInit
                0x0000f7dc       0x24 ../Common/drivers/LuminaryMicro/arm-none-eabi-gcc/libgr.a(context.o)
                0x0000f7dc                GrContextInit
 .text.GrContextClipRegionSet
                0x0000f800       0x88 ../Common/drivers/LuminaryMicro/arm-none-eabi-gcc/libgr.a(context.o)
                0x0000f800                GrContextClipRegionSet
 .text          0x0000f888        0x0 ../Common/drivers/LuminaryMicro/arm-none-eabi-gcc/libgr.a(fontcmss12.o)
 .text          0x0000f888        0x0 ../Common/drivers/LuminaryMicro/arm-none-eabi-gcc/libgr.a(image.o)
 .text.GrImageDraw
                0x0000f888      0x37c ../Common/drivers/LuminaryMicro/arm-none-eabi-gcc/libgr.a(image.o)
                0x0000f888                GrImageDraw
 .text          0x0000fc04        0x0 ../Common/drivers/LuminaryMicro/arm-none-eabi-gcc/libgr.a(rectangle.o)
 .text.GrRectFill
                0x0000fc04       0xb4 ../Common/drivers/LuminaryMicro/arm-none-eabi-gcc/libgr.a(rectangle.o)
                0x0000fc04                GrRectFill
 .text.GrRectDraw
                0x0000fcb8       0x64 ../Common/drivers/LuminaryMicro/arm-none-eabi-gcc/libgr.a(rectangle.o)
                0x0000fcb8                GrRectDraw
 .text          0x0000fd1c        0x0 ../Common/drivers/LuminaryMicro/arm-none-eabi-gcc/libgr.a(string.o)
 .text.GrStringWidthGet
                0x0000fd1c       0x58 ../Common/drivers/LuminaryMicro/arm-none-eabi-gcc/libgr.a(string.o)
                0x0000fd1c                GrStringWidthGet
 .text.GrStringDraw
                0x0000fd74      0x34c ../Common/drivers/LuminaryMicro/arm-none-eabi-gcc/libgr.a(string.o)
                0x0000fd74                GrStringDraw
 .text          0x000100c0        0x0 ../Common/drivers/LuminaryMicro/arm-none-eabi-gcc/libgr.a(line.o)
 .text.GrLineDrawH
                0x000100c0       0x58 ../Common/drivers/LuminaryMicro/arm-none-eabi-gcc/libgr.a(line.o)
                0x000100c0                GrLineDrawH
 .text.GrLineDrawV
                0x00010118       0x58 ../Common/drivers/LuminaryMicro/arm-none-eabi-gcc/libgr.a(line.o)
                0x00010118                GrLineDrawV
 .text.GrClipCodeGet
                0x00010170       0x38 ../Common/drivers/LuminaryMicro/arm-none-eabi-gcc/libgr.a(line.o)
 .text.GrLineDraw
                0x000101a8      0x19c ../Common/drivers/LuminaryMicro/arm-none-eabi-gcc/libgr.a(line.o)
                0x000101a8                GrLineDraw
 .text          0x00010344       0x60 /home/anzinger/openocd/arm-2009q1/bin/../lib/gcc/arm-none-eabi/4.3.3/../../../../arm-none-eabi/lib/thumb2/libc.a(lib_a-memcmp.o)
                0x00010344                memcmp
 .text          0x000103a4      0x12c /home/anzinger/openocd/arm-2009q1/bin/../lib/gcc/arm-none-eabi/4.3.3/../../../../arm-none-eabi/lib/thumb2/libc.a(lib_a-memcpy.o)
                0x000103a4                memcpy
 .text          0x000104d0       0xb0 /home/anzinger/openocd/arm-2009q1/bin/../lib/gcc/arm-none-eabi/4.3.3/../../../../arm-none-eabi/lib/thumb2/libc.a(lib_a-memset.o)
                0x000104d0                memset
 .text          0x00010580       0x48 /home/anzinger/openocd/arm-2009q1/bin/../lib/gcc/arm-none-eabi/4.3.3/../../../../arm-none-eabi/lib/thumb2/libc.a(lib_a-strcat.o)
                0x00010580                strcat
 .text          0x000105c8       0xa8 /home/anzinger/openocd/arm-2009q1/bin/../lib/gcc/arm-none-eabi/4.3.3/../../../../arm-none-eabi/lib/thumb2/libc.a(lib_a-strchr.o)
                0x000105c8                strchr
 .text          0x00010670       0xbc /home/anzinger/openocd/arm-2009q1/bin/../lib/gcc/arm-none-eabi/4.3.3/../../../../arm-none-eabi/lib/thumb2/libc.a(lib_a-strcpy.o)
                0x00010670                strcpy
 .text          0x0001072c       0x60 /home/anzinger/openocd/arm-2009q1/bin/../lib/gcc/arm-none-eabi/4.3.3/../../../../arm-none-eabi/lib/thumb2/libc.a(lib_a-strlen.o)
                0x0001072c                strlen
 .text          0x0001078c       0x88 /home/anzinger/openocd/arm-2009q1/bin/../lib/gcc/arm-none-eabi/4.3.3/../../../../arm-none-eabi/lib/thumb2/libc.a(lib_a-strncmp.o)
                0x0001078c                strncmp
 .text          0x00010814       0x80 /home/anzinger/openocd/arm-2009q1/bin/../lib/gcc/arm-none-eabi/4.3.3/../../../../arm-none-eabi/lib/thumb2/libc.a(lib_a-strncpy.o)
                0x00010814                strncpy
 .text          0x00010894       0x2c /home/anzinger/openocd/arm-2009q1/bin/../lib/gcc/arm-none-eabi/4.3.3/../../../../arm-none-eabi/lib/thumb2/libc.a(lib_a-strrchr.o)
                0x00010894                strrchr
 .text          0x000108c0      0x570 /home/anzinger/openocd/arm-2009q1/bin/../lib/gcc/arm-none-eabi/4.3.3/../../../../arm-none-eabi/lib/thumb2/libc.a(lib_a-strstr.o)
                0x00010bf0                strstr
 .text          0x00010e30       0x7c /home/anzinger/openocd/arm-2009q1/bin/../lib/gcc/arm-none-eabi/4.3.3/../../../../arm-none-eabi/lib/thumb2/libc.a(lib_a-memchr.o)
                0x00010e30                memchr
 *(.rodata*)
 .rodata.pucBasicBitmap
                0x00010eac      0xc81 main.o
                0x00010eac                pucBasicBitmap
 .rodata.pucGrLibBitmap
                0x00011b2d      0x6a7 main.o
                0x00011b2d                pucGrLibBitmap
 .rodata        0x000121d4       0x74 main.o
 .rodata.pcWelcomeMessage
                0x00012248        0x4 main.o
                0x00012248                pcWelcomeMessage
 .rodata.g_pucRIT128x96x4VerticalInc
                0x0001224c        0x2 rit128x96x4.o
 .rodata.g_pucRIT128x96x4HorizontalInc
                0x0001224e        0x2 rit128x96x4.o
 .rodata.g_pucFont
                0x00012250      0x1e0 rit128x96x4.o
 .rodata.g_pucRIT128x96x4Init
                0x00012430       0x4f rit128x96x4.o
 .rodata.pucCommand2.1541
                0x0001247f        0x3 rit128x96x4.o
 .rodata.pucCommand1.1540
                0x00012482        0x3 rit128x96x4.o
 .rodata.pucCommand1.1725
                0x00012485        0x2 rit128x96x4.o
 .rodata.g_pucOSRAM128x64x4VerticalInc
                0x00012487        0x2 osram128x64x4.o
 .rodata.g_pucOSRAM128x64x4HorizontalInc
                0x00012489        0x2 osram128x64x4.o
 .rodata.g_pucFont
                0x0001248b      0x1e0 osram128x64x4.o
 .rodata.g_pucOSRAM128x64x4Init
                0x0001266b       0x4e osram128x64x4.o
 .rodata.pucCommand2.1528
                0x000126b9        0x3 osram128x64x4.o
 .rodata.pucCommand1.1527
                0x000126bc        0x3 osram128x64x4.o
 .rodata.pucCommand1.1685
                0x000126bf        0x3 osram128x64x4.o
 *fill*         0x000126c2        0x2 00
 .rodata.g_sFormike128x128x16
                0x000126c4       0x28 formike128x128x16.o
                0x000126c4                g_sFormike128x128x16
 .rodata.xRectangle.2311
                0x000126ec        0x8 formike128x128x16.o
 .rodata        0x000126f4       0x14 formike128x128x16.o
 .rodata        0x00012708       0x1c ../Common/drivers/LuminaryMicro/ustdlib.o
 .rodata.g_pcHex
                0x00012724        0x4 ../Common/drivers/LuminaryMicro/ustdlib.o
 .rodata        0x00012728       0x30 ../Common/Minimal/BlockQ.o
 .rodata        0x00012758       0x24 ../Common/Minimal/blocktim.o
 .rodata.uxMaxNumberOfExtraTasksRunning
                0x0001277c        0x4 ../Common/Minimal/death.o
 .rodata        0x00012780       0x18 ../Common/Minimal/death.o
 .rodata        0x00012798        0x8 ../Common/Minimal/integer.o
 .rodata        0x000127a0       0x20 ../Common/Minimal/PollQ.o
 .rodata        0x000127c0       0x40 ../Common/Minimal/semtest.o
 .rodata        0x00012800       0x40 ../Common/Minimal/GenQTest.o
 .rodata        0x00012840       0x34 ../Common/Minimal/QPeek.o
 .rodata        0x00012874       0x28 ../Common/Minimal/recmutex.o
 .rodata        0x0001289c       0x40 ../Common/Minimal/IntQueue.o
 .rodata        0x000128dc       0x10 ./webserver/uIP_Task.o
 .rodata        0x000128ec        0x4 ./webserver/emac.o
 .rodata        0x000128f0      0x154 ./webserver/httpd-cgi.o
 .rodata.file   0x00012a44        0x8 ./webserver/httpd-cgi.o
 .rodata.tcp    0x00012a4c        0x8 ./webserver/httpd-cgi.o
 .rodata.net    0x00012a54        0x8 ./webserver/httpd-cgi.o
 .rodata.rtos   0x00012a5c        0x8 ./webserver/httpd-cgi.o
 .rodata.run    0x00012a64        0x8 ./webserver/httpd-cgi.o
 .rodata.io     0x00012a6c        0x8 ./webserver/httpd-cgi.o
 .rodata.closed
                0x00012a74        0x7 ./webserver/httpd-cgi.o
 .rodata.syn_rcvd
                0x00012a7b        0x9 ./webserver/httpd-cgi.o
 .rodata.syn_sent
                0x00012a84        0x9 ./webserver/httpd-cgi.o
 .rodata.established
                0x00012a8d        0xc ./webserver/httpd-cgi.o
 .rodata.fin_wait_1
                0x00012a99        0xb ./webserver/httpd-cgi.o
 .rodata.fin_wait_2
                0x00012aa4        0xb ./webserver/httpd-cgi.o
 .rodata.closing
                0x00012aaf        0x8 ./webserver/httpd-cgi.o
 .rodata.time_wait
                0x00012ab7        0xa ./webserver/httpd-cgi.o
 .rodata.last_ack
                0x00012ac1        0x9 ./webserver/httpd-cgi.o
 .rodata.data_404_html
                0x00012aca       0xab ./webserver/httpd-fs.o
 .rodata.data_index_html
                0x00012b75      0x1a4 ./webserver/httpd-fs.o
 .rodata.data_index_shtml
                0x00012d19      0x347 ./webserver/httpd-fs.o
 .rodata.data_io_shtml
                0x00013060      0x32f ./webserver/httpd-fs.o
 .rodata.data_runtime_shtml
                0x0001338f      0x33f ./webserver/httpd-fs.o
 .rodata.data_stats_shtml
                0x000136ce      0x559 ./webserver/httpd-fs.o
 .rodata.data_tcp_shtml
                0x00013c27      0x2d8 ./webserver/httpd-fs.o
 *fill*         0x00013eff        0x1 00
 .rodata.file_404_html
                0x00013f00       0x14 ./webserver/httpd-fs.o
                0x00013f00                file_404_html
 .rodata.file_index_html
                0x00013f14       0x14 ./webserver/httpd-fs.o
                0x00013f14                file_index_html
 .rodata.file_index_shtml
                0x00013f28       0x14 ./webserver/httpd-fs.o
                0x00013f28                file_index_shtml
 .rodata.file_io_shtml
                0x00013f3c       0x14 ./webserver/httpd-fs.o
                0x00013f3c                file_io_shtml
 .rodata.file_runtime_shtml
                0x00013f50       0x14 ./webserver/httpd-fs.o
                0x00013f50                file_runtime_shtml
 .rodata.file_stats_shtml
                0x00013f64       0x14 ./webserver/httpd-fs.o
                0x00013f64                file_stats_shtml
 .rodata.file_tcp_shtml
                0x00013f78       0x14 ./webserver/httpd-fs.o
                0x00013f78                file_tcp_shtml
 .rodata.http_http
                0x00013f8c        0x8 ./webserver/http-strings.o
                0x00013f8c                http_http
 .rodata.http_200
                0x00013f94        0x5 ./webserver/http-strings.o
                0x00013f94                http_200
 .rodata.http_301
                0x00013f99        0x5 ./webserver/http-strings.o
                0x00013f99                http_301
 .rodata.http_302
                0x00013f9e        0x5 ./webserver/http-strings.o
                0x00013f9e                http_302
 .rodata.http_get
                0x00013fa3        0x5 ./webserver/http-strings.o
                0x00013fa3                http_get
 .rodata.http_10
                0x00013fa8        0x9 ./webserver/http-strings.o
                0x00013fa8                http_10
 .rodata.http_11
                0x00013fb1        0x9 ./webserver/http-strings.o
                0x00013fb1                http_11
 .rodata.http_content_type
                0x00013fba        0xf ./webserver/http-strings.o
                0x00013fba                http_content_type
 .rodata.http_texthtml
                0x00013fc9        0xa ./webserver/http-strings.o
                0x00013fc9                http_texthtml
 .rodata.http_location
                0x00013fd3        0xb ./webserver/http-strings.o
                0x00013fd3                http_location
 .rodata.http_host
                0x00013fde        0x7 ./webserver/http-strings.o
                0x00013fde                http_host
 .rodata.http_crnl
                0x00013fe5        0x3 ./webserver/http-strings.o
                0x00013fe5                http_crnl
 .rodata.http_index_html
                0x00013fe8        0xc ./webserver/http-strings.o
                0x00013fe8                http_index_html
 .rodata.http_404_html
                0x00013ff4        0xa ./webserver/http-strings.o
                0x00013ff4                http_404_html
 .rodata.http_referer
                0x00013ffe        0x9 ./webserver/http-strings.o
                0x00013ffe                http_referer
 .rodata.http_header_200
                0x00014007       0x54 ./webserver/http-strings.o
                0x00014007                http_header_200
 .rodata.http_header_404
                0x0001405b       0x5b ./webserver/http-strings.o
                0x0001405b                http_header_404
 .rodata.http_content_type_plain
                0x000140b6       0x1d ./webserver/http-strings.o
                0x000140b6                http_content_type_plain
 .rodata.http_content_type_html
                0x000140d3       0x1c ./webserver/http-strings.o
                0x000140d3                http_content_type_html
 .rodata.http_content_type_css
                0x000140ef       0x1b ./webserver/http-strings.o
                0x000140ef                http_content_type_css
 .rodata.http_content_type_text
                0x0001410a       0x1c ./webserver/http-strings.o
                0x0001410a                http_content_type_text
 .rodata.http_content_type_png
                0x00014126       0x1c ./webserver/http-strings.o
                0x00014126                http_content_type_png
 .rodata.http_content_type_gif
                0x00014142       0x1c ./webserver/http-strings.o
                0x00014142                http_content_type_gif
 .rodata.http_content_type_jpg
                0x0001415e       0x1d ./webserver/http-strings.o
                0x0001415e                http_content_type_jpg
 .rodata.http_content_type_binary
                0x0001417b       0x2b ./webserver/http-strings.o
                0x0001417b                http_content_type_binary
 .rodata.http_html
                0x000141a6        0x6 ./webserver/http-strings.o
                0x000141a6                http_html
 .rodata.http_shtml
                0x000141ac        0x7 ./webserver/http-strings.o
                0x000141ac                http_shtml
 .rodata.http_htm
                0x000141b3        0x5 ./webserver/http-strings.o
                0x000141b3                http_htm
 .rodata.http_css
                0x000141b8        0x5 ./webserver/http-strings.o
                0x000141b8                http_css
 .rodata.http_png
                0x000141bd        0x5 ./webserver/http-strings.o
                0x000141bd                http_png
 .rodata.http_gif
                0x000141c2        0x5 ./webserver/http-strings.o
                0x000141c2                http_gif
 .rodata.http_jpg
                0x000141c7        0x5 ./webserver/http-strings.o
                0x000141c7                http_jpg
 .rodata.http_text
                0x000141cc        0x5 ./webserver/http-strings.o
                0x000141cc                http_text
 .rodata.http_txt
                0x000141d1        0x5 ./webserver/http-strings.o
                0x000141d1                http_txt
 .rodata.broadcast_ethaddr
                0x000141d6        0x6 ../Common/ethernet/uIP/uip-1.0/uip/uip_arp.o
 .rodata.broadcast_ipaddr
                0x000141dc        0x4 ../Common/ethernet/uIP/uip-1.0/uip/uip_arp.o
 .rodata        0x000141e0       0x14 ../Common/ethernet/uIP/uip-1.0/uip/psock.o
 .rodata.all_ones_addr
                0x000141f4        0x4 ../Common/ethernet/uIP/uip-1.0/uip/uip.o
 .rodata.all_zeroes_addr
                0x000141f8        0x4 ../Common/ethernet/uIP/uip-1.0/uip/uip.o
 .rodata        0x000141fc       0x50 ../Source/tasks.o
 .rodata.ucExpectedStackBytes.3408
                0x0001424c       0x14 ../Source/tasks.o
 .rodata.ulKernelPriority
                0x00014260        0x4 ../Source/portable/GCC/ARM_CM3/port.o
                0x00014260                ulKernelPriority
 .rodata.heapSTRUCT_SIZE
                0x00014264        0x2 ../Source/portable/MemMang/heap_2.o
 *fill*         0x00014266        0x2 00
 .rodata.g_pulFMPPERegs
                0x00014268       0x10 ../Common/drivers/LuminaryMicro/arm-none-eabi-gcc/libdriver.a(flash.o)
 .rodata.g_pulFMPRERegs
                0x00014278       0x10 ../Common/drivers/LuminaryMicro/arm-none-eabi-gcc/libdriver.a(flash.o)
 .rodata.g_pulPriority
                0x00014288       0x20 ../Common/drivers/LuminaryMicro/arm-none-eabi-gcc/libdriver.a(interrupt.o)
 .rodata.g_pulRegs
                0x000142a8       0x40 ../Common/drivers/LuminaryMicro/arm-none-eabi-gcc/libdriver.a(interrupt.o)
 .rodata.g_pulDCRegs
                0x000142e8       0x10 ../Common/drivers/LuminaryMicro/arm-none-eabi-gcc/libdriver.a(sysctl.o)
 .rodata.g_pulXtals
                0x000142f8       0x5c ../Common/drivers/LuminaryMicro/arm-none-eabi-gcc/libdriver.a(sysctl.o)
 .rodata.g_pulDCGCRegs
                0x00014354        0xc ../Common/drivers/LuminaryMicro/arm-none-eabi-gcc/libdriver.a(sysctl.o)
 .rodata.g_pulRCGCRegs
                0x00014360        0xc ../Common/drivers/LuminaryMicro/arm-none-eabi-gcc/libdriver.a(sysctl.o)
 .rodata.g_pulSCGCRegs
                0x0001436c        0xc ../Common/drivers/LuminaryMicro/arm-none-eabi-gcc/libdriver.a(sysctl.o)
 .rodata.g_pulSRCRRegs
                0x00014378        0xc ../Common/drivers/LuminaryMicro/arm-none-eabi-gcc/libdriver.a(sysctl.o)
 .rodata.g_sFontCmss12
                0x00014384       0xc8 ../Common/drivers/LuminaryMicro/arm-none-eabi-gcc/libgr.a(fontcmss12.o)
                0x00014384                g_sFontCmss12
 .rodata.g_pucCmss12Data
                0x0001444c      0x514 ../Common/drivers/LuminaryMicro/arm-none-eabi-gcc/libgr.a(fontcmss12.o)
                0x00014960                _etext = .

.glue_7         0x00014960        0x0
 .glue_7        0x00000000        0x0 linker stubs

.glue_7t        0x00014960        0x0
 .glue_7t       0x00000000        0x0 linker stubs

.vfp11_veneer   0x00014960        0x0
 .vfp11_veneer  0x00000000        0x0 linker stubs

.v4_bx          0x00014960        0x0
 .v4_bx         0x00000000        0x0 linker stubs

.data           0x20000000      0x154 load address 0x00014960
                0x20000000                _data = .
 *(vtable)
 vtable         0x20000000      0x100 ../Common/drivers/LuminaryMicro/arm-none-eabi-gcc/libdriver.a(interrupt.o)
 *(.data*)
 .data          0x20000100        0x0 main.o
 .data.xMessage.2925
                0x20000100        0x4 main.o
 .data          0x20000104        0x0 timertest.o
 .data          0x20000104        0x0 rit128x96x4.o
 .data          0x20000104        0x0 osram128x64x4.o
 .data          0x20000104        0x0 formike128x128x16.o
 .data          0x20000104        0x0 ./ParTest/ParTest.o
 .data          0x20000104        0x0 ../Common/drivers/LuminaryMicro/ustdlib.o
 .data          0x20000104        0x0 ../Common/Minimal/BlockQ.o
 .data          0x20000104        0x0 ../Common/Minimal/blocktim.o
 .data          0x20000104        0x0 ../Common/Minimal/death.o
 .data.usLastCreationCount.1977
                0x20000104        0x2 ../Common/Minimal/death.o
 .data          0x20000106        0x0 ../Common/Minimal/integer.o
 .data          0x20000106        0x0 ../Common/Minimal/PollQ.o
 .data          0x20000106        0x0 ../Common/Minimal/semtest.o
 .data          0x20000106        0x0 ../Common/Minimal/GenQTest.o
 .data          0x20000106        0x0 ../Common/Minimal/QPeek.o
 .data          0x20000106        0x0 ../Common/Minimal/recmutex.o
 .data          0x20000106        0x0 ../Common/Minimal/IntQueue.o
 *fill*         0x20000106        0x2 00
 .data.xErrorStatus
                0x20000108        0x4 ../Common/Minimal/IntQueue.o
 .data          0x2000010c        0x0 ./IntQueueTimer.o
 .data          0x2000010c        0x0 ./webserver/uIP_Task.o
 .data          0x2000010c        0x0 ./webserver/emac.o
 .data          0x2000010c        0x0 ./webserver/httpd.o
 .data          0x2000010c        0x0 ./webserver/httpd-cgi.o
 .data.calls    0x2000010c       0x1c ./webserver/httpd-cgi.o
 .data.states   0x20000128       0x24 ./webserver/httpd-cgi.o
 .data          0x2000014c        0x0 ./webserver/httpd-fs.o
 .data          0x2000014c        0x0 ./webserver/http-strings.o
 .data          0x2000014c        0x0 ../Common/ethernet/uIP/uip-1.0/uip/uip_arp.o
 .data          0x2000014c        0x0 ../Common/ethernet/uIP/uip-1.0/uip/psock.o
 .data          0x2000014c        0x0 ../Common/ethernet/uIP/uip-1.0/uip/timer.o
 .data          0x2000014c        0x0 ../Common/ethernet/uIP/uip-1.0/uip/uip.o
 .data          0x2000014c        0x0 ../Source/list.o
 .data          0x2000014c        0x0 ../Source/queue.o
 .data          0x2000014c        0x0 ../Source/tasks.o
 .data.uxPreviousTask
                0x2000014c        0x4 ../Source/tasks.o
 .data          0x20000150        0x0 ../Source/portable/GCC/ARM_CM3/port.o
 .data.uxCriticalNesting
                0x20000150        0x4 ../Source/portable/GCC/ARM_CM3/port.o
 .data          0x20000154        0x0 ../Source/portable/MemMang/heap_2.o
 .data          0x20000154        0x0 startup.o
 .data          0x20000154        0x0 ../Common/drivers/LuminaryMicro/arm-none-eabi-gcc/libdriver.a(ethernet.o)
 .data          0x20000154        0x0 ../Common/drivers/LuminaryMicro/arm-none-eabi-gcc/libdriver.a(flash.o)
 .data          0x20000154        0x0 ../Common/drivers/LuminaryMicro/arm-none-eabi-gcc/libdriver.a(gpio.o)
 .data          0x20000154        0x0 ../Common/drivers/LuminaryMicro/arm-none-eabi-gcc/libdriver.a(interrupt.o)
 .data          0x20000154        0x0 ../Common/drivers/LuminaryMicro/arm-none-eabi-gcc/libdriver.a(ssi.o)
 .data          0x20000154        0x0 ../Common/drivers/LuminaryMicro/arm-none-eabi-gcc/libdriver.a(sysctl.o)
 .data          0x20000154        0x0 ../Common/drivers/LuminaryMicro/arm-none-eabi-gcc/libdriver.a(timer.o)
 .data          0x20000154        0x0 ../Common/drivers/LuminaryMicro/arm-none-eabi-gcc/libdriver.a(cpu.o)
 .data          0x20000154        0x0 ../Common/drivers/LuminaryMicro/arm-none-eabi-gcc/libgr.a(context.o)
 .data          0x20000154        0x0 ../Common/drivers/LuminaryMicro/arm-none-eabi-gcc/libgr.a(fontcmss12.o)
 .data          0x20000154        0x0 ../Common/drivers/LuminaryMicro/arm-none-eabi-gcc/libgr.a(image.o)
 .data          0x20000154        0x0 ../Common/drivers/LuminaryMicro/arm-none-eabi-gcc/libgr.a(rectangle.o)
 .data          0x20000154        0x0 ../Common/drivers/LuminaryMicro/arm-none-eabi-gcc/libgr.a(string.o)
 .data          0x20000154        0x0 ../Common/drivers/LuminaryMicro/arm-none-eabi-gcc/libgr.a(line.o)
 .data          0x20000154        0x0 /home/anzinger/openocd/arm-2009q1/bin/../lib/gcc/arm-none-eabi/4.3.3/../../../../arm-none-eabi/lib/thumb2/libc.a(lib_a-memcmp.o)
 .data          0x20000154        0x0 /home/anzinger/openocd/arm-2009q1/bin/../lib/gcc/arm-none-eabi/4.3.3/../../../../arm-none-eabi/lib/thumb2/libc.a(lib_a-memcpy.o)
 .data          0x20000154        0x0 /home/anzinger/openocd/arm-2009q1/bin/../lib/gcc/arm-none-eabi/4.3.3/../../../../arm-none-eabi/lib/thumb2/libc.a(lib_a-memset.o)
 .data          0x20000154        0x0 /home/anzinger/openocd/arm-2009q1/bin/../lib/gcc/arm-none-eabi/4.3.3/../../../../arm-none-eabi/lib/thumb2/libc.a(lib_a-strcat.o)
 .data          0x20000154        0x0 /home/anzinger/openocd/arm-2009q1/bin/../lib/gcc/arm-none-eabi/4.3.3/../../../../arm-none-eabi/lib/thumb2/libc.a(lib_a-strchr.o)
 .data          0x20000154        0x0 /home/anzinger/openocd/arm-2009q1/bin/../lib/gcc/arm-none-eabi/4.3.3/../../../../arm-none-eabi/lib/thumb2/libc.a(lib_a-strcpy.o)
 .data          0x20000154        0x0 /home/anzinger/openocd/arm-2009q1/bin/../lib/gcc/arm-none-eabi/4.3.3/../../../../arm-none-eabi/lib/thumb2/libc.a(lib_a-strlen.o)
 .data          0x20000154        0x0 /home/anzinger/openocd/arm-2009q1/bin/../lib/gcc/arm-none-eabi/4.3.3/../../../../arm-none-eabi/lib/thumb2/libc.a(lib_a-strncmp.o)
 .data          0x20000154        0x0 /home/anzinger/openocd/arm-2009q1/bin/../lib/gcc/arm-none-eabi/4.3.3/../../../../arm-none-eabi/lib/thumb2/libc.a(lib_a-strncpy.o)
 .data          0x20000154        0x0 /home/anzinger/openocd/arm-2009q1/bin/../lib/gcc/arm-none-eabi/4.3.3/../../../../arm-none-eabi/lib/thumb2/libc.a(lib_a-strrchr.o)
 .data          0x20000154        0x0 /home/anzinger/openocd/arm-2009q1/bin/../lib/gcc/arm-none-eabi/4.3.3/../../../../arm-none-eabi/lib/thumb2/libc.a(lib_a-strstr.o)
 .data          0x20000154        0x0 /home/anzinger/openocd/arm-2009q1/bin/../lib/gcc/arm-none-eabi/4.3.3/../../../../arm-none-eabi/lib/thumb2/libc.a(lib_a-memchr.o)
                0x20000154                _edata = .

.bss            0x20000154     0xa3d0 load address 0x00014ab4
                0x20000154                _bss = .
 *(.bss*)
 .bss           0x20000154        0x0 main.o
 .bss.ulIdleError
                0x20000154        0x4 main.o
                0x20000154                ulIdleError