Archive member included because of file (symbol)

../Common/drivers/LuminaryMicro/arm-none-eabi-gcc/libdriver.a(ethernet.o)
                              ./webserver/emac.o (EthernetInitExpClk)
../Common/drivers/LuminaryMicro/arm-none-eabi-gcc/libdriver.a(flash.o)
                              ./webserver/uIP_Task.o (FlashUserGet)
../Common/drivers/LuminaryMicro/arm-none-eabi-gcc/libdriver.a(gpio.o)
                              main.o (GPIODirModeSet)
../Common/drivers/LuminaryMicro/arm-none-eabi-gcc/libdriver.a(interrupt.o)
                              ../Common/drivers/LuminaryMicro/arm-none-eabi-gcc/libdriver.a(ethernet.o) (IntRegister)
../Common/drivers/LuminaryMicro/arm-none-eabi-gcc/libdriver.a(ssi.o)
                              rit128x96x4.o (SSIConfigSetExpClk)
../Common/drivers/LuminaryMicro/arm-none-eabi-gcc/libdriver.a(sysctl.o)
                              main.o (SysCtlPeripheralPresent)
../Common/drivers/LuminaryMicro/arm-none-eabi-gcc/libdriver.a(timer.o)
                              timertest.o (TimerEnable)
../Common/drivers/LuminaryMicro/arm-none-eabi-gcc/libdriver.a(cpu.o)
                              ../Common/drivers/LuminaryMicro/arm-none-eabi-gcc/libdriver.a(interrupt.o) (CPUcpsid)
../Common/drivers/LuminaryMicro/arm-none-eabi-gcc/libgr.a(context.o)
                              formike128x128x16.o (GrContextInit)
../Common/drivers/LuminaryMicro/arm-none-eabi-gcc/libgr.a(fontcmss12.o)
                              formike128x128x16.o (g_sFontCmss12)
../Common/drivers/LuminaryMicro/arm-none-eabi-gcc/libgr.a(image.o)
                              formike128x128x16.o (GrImageDraw)
../Common/drivers/LuminaryMicro/arm-none-eabi-gcc/libgr.a(rectangle.o)
                              formike128x128x16.o (GrRectFill)
../Common/drivers/LuminaryMicro/arm-none-eabi-gcc/libgr.a(string.o)
                              formike128x128x16.o (GrStringDraw)
../Common/drivers/LuminaryMicro/arm-none-eabi-gcc/libgr.a(line.o)
                              ../Common/drivers/LuminaryMicro/arm-none-eabi-gcc/libgr.a(rectangle.o) (GrLineDrawH)
/home/anzinger/openocd/arm-2009q1/bin/../lib/gcc/arm-none-eabi/4.3.3/../../../../arm-none-eabi/lib/thumb2/libc.a(lib_a-memcmp.o)
                              ../Source/tasks.o (memcmp)
/home/anzinger/openocd/arm-2009q1/bin/../lib/gcc/arm-none-eabi/4.3.3/../../../../arm-none-eabi/lib/thumb2/libc.a(lib_a-memcpy.o)
                              ../Common/drivers/LuminaryMicro/ustdlib.o (memcpy)
/home/anzinger/openocd/arm-2009q1/bin/../lib/gcc/arm-none-eabi/4.3.3/../../../../arm-none-eabi/lib/thumb2/libc.a(lib_a-memset.o)
                              ../Common/Minimal/IntQueue.o (memset)
/home/anzinger/openocd/arm-2009q1/bin/../lib/gcc/arm-none-eabi/4.3.3/../../../../arm-none-eabi/lib/thumb2/libc.a(lib_a-strcat.o)
                              ./webserver/httpd-cgi.o (strcat)
/home/anzinger/openocd/arm-2009q1/bin/../lib/gcc/arm-none-eabi/4.3.3/../../../../arm-none-eabi/lib/thumb2/libc.a(lib_a-strchr.o)
                              ./webserver/uIP_Task.o (strchr)
/home/anzinger/openocd/arm-2009q1/bin/../lib/gcc/arm-none-eabi/4.3.3/../../../../arm-none-eabi/lib/thumb2/libc.a(lib_a-strcpy.o)
                              ./webserver/uIP_Task.o (strcpy)
/home/anzinger/openocd/arm-2009q1/bin/../lib/gcc/arm-none-eabi/4.3.3/../../../../arm-none-eabi/lib/thumb2/libc.a(lib_a-strlen.o)
                              formike128x128x16.o (strlen)
/home/anzinger/openocd/arm-2009q1/bin/../lib/gcc/arm-none-eabi/4.3.3/../../../../arm-none-eabi/lib/thumb2/libc.a(lib_a-strncmp.o)
                              ./webserver/httpd.o (strncmp)
/home/anzinger/openocd/arm-2009q1/bin/../lib/gcc/arm-none-eabi/4.3.3/../../../../arm-none-eabi/lib/thumb2/libc.a(lib_a-strncpy.o)
                              ../Common/drivers/LuminaryMicro/ustdlib.o (strncpy)
/home/anzinger/openocd/arm-2009q1/bin/../lib/gcc/arm-none-eabi/4.3.3/../../../../arm-none-eabi/lib/thumb2/libc.a(lib_a-strrchr.o)
                              ./webserver/httpd.o (strrchr)
/home/anzinger/openocd/arm-2009q1/bin/../lib/gcc/arm-none-eabi/4.3.3/../../../../arm-none-eabi/lib/thumb2/libc.a(lib_a-strstr.o)
                              ./webserver/uIP_Task.o (strstr)
/home/anzinger/openocd/arm-2009q1/bin/../lib/gcc/arm-none-eabi/4.3.3/../../../../arm-none-eabi/lib/thumb2/libc.a(lib_a-memchr.o)
                              /home/anzinger/openocd/arm-2009q1/bin/../lib/gcc/arm-none-eabi/4.3.3/../../../../arm-none-eabi/lib/thumb2/libc.a(lib_a-strstr.o) (memchr)

Allocating common symbols
Common symbol       size              file

uip_len             0x2               ../Common/ethernet/uIP/uip-1.0/uip/uip.o
xOLEDQueue          0x4               main.o
pcStatus            0x4               ./webserver/httpd-cgi.o
xHighPriorityTask   0x4               ../Common/Minimal/QPeek.o
uip_sappdata        0x4               ../Common/ethernet/uIP/uip-1.0/uip/uip.o
uip_acc32           0x4               ../Common/ethernet/uIP/uip-1.0/uip/uip.o
[...]
Memory Configuration

Name             Origin             Length             Attributes
FLASH            0x00000000         0x00040000         xr
SRAM             0x20000000         0x00010000         xrw
*default*        0x00000000         0xffffffff

Linker script and memory map

LOAD main.o
LOAD timertest.o
LOAD rit128x96x4.o
LOAD osram128x64x4.o
LOAD formike128x128x16.o
LOAD ./ParTest/ParTest.o
LOAD ../Common/drivers/LuminaryMicro/ustdlib.o
LOAD ../Common/Minimal/BlockQ.o
LOAD ../Common/Minimal/blocktim.o
LOAD ../Common/Minimal/death.o
LOAD ../Common/Minimal/integer.o
LOAD ../Common/Minimal/PollQ.o
LOAD ../Common/Minimal/semtest.o
LOAD ../Common/Minimal/GenQTest.o
LOAD ../Common/Minimal/QPeek.o
LOAD ../Common/Minimal/recmutex.o
LOAD ../Common/Minimal/IntQueue.o
LOAD ./IntQueueTimer.o
LOAD ./webserver/uIP_Task.o
LOAD ./webserver/emac.o
LOAD ./webserver/httpd.o
LOAD ./webserver/httpd-cgi.o
LOAD ./webserver/httpd-fs.o
LOAD ./webserver/http-strings.o
LOAD ../Common/ethernet/uIP/uip-1.0/uip/uip_arp.o
LOAD ../Common/ethernet/uIP/uip-1.0/uip/psock.o
LOAD ../Common/ethernet/uIP/uip-1.0/uip/timer.o
LOAD ../Common/ethernet/uIP/uip-1.0/uip/uip.o
LOAD ../Source/list.o
LOAD ../Source/queue.o
LOAD ../Source/tasks.o
LOAD ../Source/portable/GCC/ARM_CM3/port.o
LOAD ../Source/portable/MemMang/heap_2.o
LOAD startup.o
LOAD ../Common/drivers/LuminaryMicro/arm-none-eabi-gcc/libdriver.a
LOAD ../Common/drivers/LuminaryMicro/arm-none-eabi-gcc/libgr.a
START GROUP
LOAD /home/anzinger/openocd/arm-2009q1/bin/../lib/gcc/arm-none-eabi/4.3.3/thumb2/libgcc.a
LOAD /home/anzinger/openocd/arm-2009q1/bin/../lib/gcc/arm-none-eabi/4.3.3/../../../../arm-none-eabi/lib/thumb2/libc.a
END GROUP

.text           0x00000000    0x14ba8
 *(.isr_vector)
 .isr_vector    0x00000000       0xf0 startup.o
                0x00000000                g_pfnVectors
 *(.text*)
 .text          0x000000f0        0x0 main.o
 .text.main     0x000000f0       0xd4 main.o
                0x000000f0                main
 .text.prvSetupHardware
                0x000001c4       0x70 main.o
 .text.vApplicationTickHook
                0x00000234      0x1c0 main.o
                0x00000234                vApplicationTickHook
 .text.vOLEDTask
                0x000003f4      0x270 main.o
 .text.vApplicationStackOverflowHook
                0x00000664        0xc main.o
                0x00000664                vApplicationStackOverflowHook
 .text          0x00000670        0x0 timertest.o
 .text.vSetupHighFrequencyTimer
                0x00000670       0xc0 timertest.o
                0x00000670                vSetupHighFrequencyTimer
 .text.Timer0IntHandler
                0x00000730       0xa8 timertest.o
                0x00000730                Timer0IntHandler
 .text          0x000007d8        0x0 rit128x96x4.o
 .text.RITWriteCommand
                0x000007d8       0x84 rit128x96x4.o
 .text.RITWriteData
                0x0000085c       0x8c rit128x96x4.o
 .text.RIT128x96x4Clear
                0x000008e8       0x94 rit128x96x4.o
                0x000008e8                RIT128x96x4Clear
 .text.RIT128x96x4StringDraw
                0x0000097c      0x1e0 rit128x96x4.o
                0x0000097c                RIT128x96x4StringDraw
 .text.RIT128x96x4ImageDraw
                0x00000b5c       0xec rit128x96x4.o
                0x00000b5c                RIT128x96x4ImageDraw
 .text.RIT128x96x4Enable
                0x00000c48       0x9c rit128x96x4.o
                0x00000c48                RIT128x96x4Enable
 .text.RIT128x96x4Disable
                0x00000ce4       0x7c rit128x96x4.o
                0x00000ce4                RIT128x96x4Disable
 .text.RIT128x96x4Init
                0x00000d60      0x208 rit128x96x4.o
                0x00000d60                RIT128x96x4Init
 .text.RIT128x96x4DisplayOn
                0x00000f68       0x60 rit128x96x4.o
                0x00000f68                RIT128x96x4DisplayOn
 .text.RIT128x96x4DisplayOff
                0x00000fc8       0x18 rit128x96x4.o
                0x00000fc8                RIT128x96x4DisplayOff
 .text          0x00000fe0        0x0 osram128x64x4.o
 .text.OSRAMWriteCommand
                0x00000fe0       0x74 osram128x64x4.o
 .text.OSRAMWriteData
                0x00001054       0x74 osram128x64x4.o
 .text.OSRAM128x64x4Clear
                0x000010c8       0x7c osram128x64x4.o
                0x000010c8                OSRAM128x64x4Clear
 .text.OSRAM128x64x4StringDraw
                0x00001144      0x1e0 osram128x64x4.o
                0x00001144                OSRAM128x64x4StringDraw
 .text.OSRAM128x64x4ImageDraw
                0x00001324       0xec osram128x64x4.o
                0x00001324                OSRAM128x64x4ImageDraw
 .text.OSRAM128x64x4Enable
                0x00001410       0x9c osram128x64x4.o
                0x00001410                OSRAM128x64x4Enable
 .text.OSRAM128x64x4Disable
                0x000014ac       0x80 osram128x64x4.o
                0x000014ac                OSRAM128x64x4Disable
 .text.OSRAM128x64x4Init
                0x0000152c      0x128 osram128x64x4.o
                0x0000152c                OSRAM128x64x4Init
 .text.OSRAM128x64x4DisplayOn
                0x00001654       0x60 osram128x64x4.o
                0x00001654                OSRAM128x64x4DisplayOn
 .text.OSRAM128x64x4DisplayOff
                0x000016b4       0x18 osram128x64x4.o
                0x000016b4                OSRAM128x64x4DisplayOff
 .text          0x000016cc        0x0 formike128x128x16.o
 .text.WriteData
                0x000016cc       0x3c formike128x128x16.o
 .text.WriteCommand
                0x00001708       0x58 formike128x128x16.o
 .text.Formike128x128x16Init
                0x00001760      0x264 formike128x128x16.o
                0x00001760                Formike128x128x16Init
 .text.Formike128x128x16BacklightOn
                0x000019c4       0x18 formike128x128x16.o
                0x000019c4                Formike128x128x16BacklightOn
 .text.Formike128x128x16BacklightOff
                0x000019dc       0x18 formike128x128x16.o
                0x000019dc                Formike128x128x16BacklightOff
 .text.Formike128x128x16PixelDraw
                0x000019f4       0x7c formike128x128x16.o
 .text.Formike128x128x16PixelDrawMultiple
                0x00001a70      0x284 formike128x128x16.o
 .text.Formike128x128x16Flush
                0x00001cf4       0x14 formike128x128x16.o
 .text.Formike128x128x16LineDrawH
                0x00001d08       0x98 formike128x128x16.o
 .text.Formike128x128x16LineDrawV
                0x00001da0       0x98 formike128x128x16.o
 .text.Formike128x128x16RectFill
                0x00001e38       0xc0 formike128x128x16.o
 .text.Formike128x128x16ColorTranslate
                0x00001ef8       0x40 formike128x128x16.o
 .text.vFormike128x128x16Clear
                0x00001f38       0x6c formike128x128x16.o
                0x00001f38                vFormike128x128x16Clear
 .text.vFormike128x128x16StringDraw
                0x00001fa4       0x60 formike128x128x16.o
                0x00001fa4                vFormike128x128x16StringDraw
 .text.vFormike128x128x16Init
                0x00002004       0xb8 formike128x128x16.o
                0x00002004                vFormike128x128x16Init
 .text.vFormike128x128x16ImageDraw
                0x000020bc       0x2c formike128x128x16.o
                0x000020bc                vFormike128x128x16ImageDraw
 .text          0x000020e8        0x0 ./ParTest/ParTest.o
 .text.vParTestInitialise
                0x000020e8       0x48 ./ParTest/ParTest.o
                0x000020e8                vParTestInitialise
 .text.vParTestSetLED
                0x00002130       0x28 ./ParTest/ParTest.o
                0x00002130                vParTestSetLED
 .text.uxParTestGetLED
                0x00002158       0x24 ./ParTest/ParTest.o
                0x00002158                uxParTestGetLED
 .text          0x0000217c        0x0 ../Common/drivers/LuminaryMicro/ustdlib.o
 .text.uvsnprintf
                0x0000217c      0x508 ../Common/drivers/LuminaryMicro/ustdlib.o
                0x0000217c                uvsnprintf
 .text.usprintf
                0x00002684       0x34 ../Common/drivers/LuminaryMicro/ustdlib.o
                0x00002684                usprintf
 .text.usnprintf
                0x000026b8       0x34 ../Common/drivers/LuminaryMicro/ustdlib.o
                0x000026b8                usnprintf
 .text          0x000026ec        0x0 ../Common/Minimal/BlockQ.o
 .text.vStartBlockingQueueTasks
                0x000026ec      0x208 ../Common/Minimal/BlockQ.o
                0x000026ec                vStartBlockingQueueTasks
 .text.vBlockingQueueProducer
                0x000028f4       0x64 ../Common/Minimal/BlockQ.o
 .text.vBlockingQueueConsumer
                0x00002958       0x70 ../Common/Minimal/BlockQ.o
 .text.xAreBlockingQueuesStillRunning
                0x000029c8       0xc4 ../Common/Minimal/BlockQ.o
                0x000029c8                xAreBlockingQueuesStillRunning
 .text          0x00002a8c        0x0 ../Common/Minimal/blocktim.o
 .text.vCreateBlockTimeTasks
                0x00002a8c       0x94 ../Common/Minimal/blocktim.o
                0x00002a8c                vCreateBlockTimeTasks
 .text.vPrimaryBlockTimeTestTask
                0x00002b20      0x470 ../Common/Minimal/blocktim.o
 .text.vSecondaryBlockTimeTestTask
                0x00002f90      0x150 ../Common/Minimal/blocktim.o
 .text.xAreBlockTimeTestTasksStillRunning
                0x000030e0       0x94 ../Common/Minimal/blocktim.o
                0x000030e0                xAreBlockTimeTestTasksStillRunning
 .text          0x00003174        0x0 ../Common/Minimal/death.o
 .text.vCreateSuicidalTasks
                0x00003174       0x70 ../Common/Minimal/death.o
                0x00003174                vCreateSuicidalTasks
 .text.vSuicidalTask
                0x000031e4       0x5c ../Common/Minimal/death.o
 .text.vCreateTasks
                0x00003240       0xa4 ../Common/Minimal/death.o
 .text.xIsCreateTaskStillRunning
                0x000032e4       0xac ../Common/Minimal/death.o
                0x000032e4                xIsCreateTaskStillRunning
 .text          0x00003390        0x0 ../Common/Minimal/integer.o
 .text.vStartIntegerMathTasks
                0x00003390       0x64 ../Common/Minimal/integer.o
                0x00003390                vStartIntegerMathTasks
 .text.vCompeteingIntMathTask
                0x000033f4       0x84 ../Common/Minimal/integer.o
 .text.xAreIntegerMathsTaskStillRunning
                0x00003478       0x60 ../Common/Minimal/integer.o
                0x00003478                xAreIntegerMathsTaskStillRunning
 .text          0x000034d8        0x0 ../Common/Minimal/PollQ.o
 .text.vStartPolledQueueTasks
                0x000034d8       0x9c ../Common/Minimal/PollQ.o
                0x000034d8                vStartPolledQueueTasks
 .text.vPolledQueueProducer
                0x00003574       0x8c ../Common/Minimal/PollQ.o
 .text.vPolledQueueConsumer
                0x00003600       0x90 ../Common/Minimal/PollQ.o
 .text.xArePollingQueuesStillRunning
                0x00003690       0x5c ../Common/Minimal/PollQ.o
                0x00003690                xArePollingQueuesStillRunning
 .text          0x000036ec        0x0 ../Common/Minimal/semtest.o
 .text.vStartSemaphoreTasks
                0x000036ec      0x1b0 ../Common/Minimal/semtest.o
                0x000036ec                vStartSemaphoreTasks
 .text.prvSemaphoreTest
                0x0000389c      0x138 ../Common/Minimal/semtest.o
 .text.xAreSemaphoreTasksStillRunning
                0x000039d4       0x7c ../Common/Minimal/semtest.o
                0x000039d4                xAreSemaphoreTasksStillRunning
 .text          0x00003a50        0x0 ../Common/Minimal/GenQTest.o
 .text.vStartGenericQueueTasks
                0x00003a50       0xf0 ../Common/Minimal/GenQTest.o
                0x00003a50                vStartGenericQueueTasks
 .text.prvSendFrontAndBackTest
                0x00003b40      0x468 ../Common/Minimal/GenQTest.o
 .text.prvLowPriorityMutexTask
                0x00003fa8      0x160 ../Common/Minimal/GenQTest.o
 .text.prvMediumPriorityMutexTask
                0x00004108       0x2c ../Common/Minimal/GenQTest.o
 .text.prvHighPriorityMutexTask
                0x00004134       0x64 ../Common/Minimal/GenQTest.o
 .text.xAreGenericQueueTasksStillRunning
                0x00004198       0x94 ../Common/Minimal/GenQTest.o
                0x00004198                xAreGenericQueueTasksStillRunning
 .text          0x0000422c        0x0 ../Common/Minimal/QPeek.o
 .text.vStartQueuePeekTasks
                0x0000422c       0xdc ../Common/Minimal/QPeek.o
                0x0000422c                vStartQueuePeekTasks
 .text.prvHighestPriorityPeekTask
                0x00004308      0x168 ../Common/Minimal/QPeek.o
 .text.prvHighPriorityPeekTask
                0x00004470       0xc0 ../Common/Minimal/QPeek.o
 .text.prvMediumPriorityPeekTask
                0x00004530       0x8c ../Common/Minimal/QPeek.o
 .text.prvLowPriorityPeekTask
                0x000045bc      0x174 ../Common/Minimal/QPeek.o
 .text.xAreQueuePeekTasksStillRunning
                0x00004730       0x58 ../Common/Minimal/QPeek.o
                0x00004730                xAreQueuePeekTasksStillRunning
 .text          0x00004788        0x0 ../Common/Minimal/recmutex.o
 .text.vStartRecursiveMutexTasks
                0x00004788       0xc8 ../Common/Minimal/recmutex.o
                0x00004788                vStartRecursiveMutexTasks
 .text.prvRecursiveMutexControllingTask
                0x00004850      0x118 ../Common/Minimal/recmutex.o
 .text.prvRecursiveMutexBlockingTask
                0x00004968       0xdc ../Common/Minimal/recmutex.o
 .text.prvRecursiveMutexPollingTask
                0x00004a44       0xa0 ../Common/Minimal/recmutex.o
 .text.xAreRecursiveMutexTasksStillRunning
                0x00004ae4       0xe4 ../Common/Minimal/recmutex.o
                0x00004ae4                xAreRecursiveMutexTasksStillRunning
 .text          0x00004bc8        0x0 ../Common/Minimal/IntQueue.o
 .text.vStartInterruptQueueTasks
                0x00004bc8      0x17c ../Common/Minimal/IntQueue.o
                0x00004bc8                vStartInterruptQueueTasks
 .text.prvRecordValue_NormallyFull
                0x00004d44       0x40 ../Common/Minimal/IntQueue.o
 .text.prvRecordValue_NormallyEmpty
                0x00004d84       0x40 ../Common/Minimal/IntQueue.o
 .text.prvQueueAccessLogError
                0x00004dc4       0x2c ../Common/Minimal/IntQueue.o
 .text.prvHigherPriorityNormallyEmptyTask
                0x00004df0      0x18c ../Common/Minimal/IntQueue.o
 .text.prvLowerPriorityNormallyEmptyTask
                0x00004f7c       0xf8 ../Common/Minimal/IntQueue.o
 .text.prv1stHigherPriorityNormallyFullTask
                0x00005074      0x18c ../Common/Minimal/IntQueue.o
 .text.prv2ndHigherPriorityNormallyFullTask
                0x00005200       0xe8 ../Common/Minimal/IntQueue.o
 .text.prvLowerPriorityNormallyFullTask
                0x000052e8       0xd4 ../Common/Minimal/IntQueue.o
 .text.xFirstTimerHandler
                0x000053bc      0x200 ../Common/Minimal/IntQueue.o
                0x000053bc                xFirstTimerHandler
 .text.xSecondTimerHandler
                0x000055bc      0x32c ../Common/Minimal/IntQueue.o
                0x000055bc                xSecondTimerHandler
 .text.xAreIntQueueTasksStillRunning
                0x000058e8       0xe4 ../Common/Minimal/IntQueue.o
                0x000058e8                xAreIntQueueTasksStillRunning
 .text          0x000059cc        0x0 ./IntQueueTimer.o
 .text.vInitialiseTimerForIntQueueTest
                0x000059cc       0xe8 ./IntQueueTimer.o
                0x000059cc                vInitialiseTimerForIntQueueTest
 .text.vT2InterruptHandler
                0x00005ab4       0x28 ./IntQueueTimer.o
                0x00005ab4                vT2InterruptHandler
 .text.vT3InterruptHandler
                0x00005adc       0x28 ./IntQueueTimer.o
                0x00005adc                vT3InterruptHandler
 .text          0x00005b04        0x0 ./webserver/uIP_Task.o
 .text.clock_init
                0x00005b04        0xc ./webserver/uIP_Task.o
                0x00005b04                clock_init
 .text.clock_time
                0x00005b10       0x10 ./webserver/uIP_Task.o
                0x00005b10                clock_time
 .text.vuIP_Task
                0x00005b20      0x220 ./webserver/uIP_Task.o
                0x00005b20                vuIP_Task
 .text.prvENET_Send
                0x00005d40       0x20 ./webserver/uIP_Task.o
 .text.prvSetMACAddress
                0x00005d60       0xc4 ./webserver/uIP_Task.o
 .text.vApplicationProcessFormInput
                0x00005e24       0xe8 ./webserver/uIP_Task.o
                0x00005e24                vApplicationProcessFormInput
 .text          0x00005f0c        0x0 ./webserver/emac.o
 .text.vInitEMAC
                0x00005f0c      0x154 ./webserver/emac.o
                0x00005f0c                vInitEMAC
 .text.uiGetEMACRxData
                0x00006060       0xb4 ./webserver/emac.o
                0x00006060                uiGetEMACRxData
 .text.vInitialiseSend
                0x00006114       0x18 ./webserver/emac.o
                0x00006114                vInitialiseSend
 .text.vIncrementTxLength
                0x0000612c       0x2c ./webserver/emac.o
                0x0000612c                vIncrementTxLength
 .text.vSendBufferToMAC
                0x00006158       0x98 ./webserver/emac.o
                0x00006158                vSendBufferToMAC
 .text.vEMAC_ISR
                0x000061f0       0x78 ./webserver/emac.o
                0x000061f0                vEMAC_ISR
 .text.vMACHandleTask
                0x00006268      0x188 ./webserver/emac.o
                0x00006268                vMACHandleTask
 .text          0x000063f0        0x0 ./webserver/httpd.o
 .text.generate_part_of_file
                0x000063f0       0x78 ./webserver/httpd.o
 .text.send_file
                0x00006468       0xa4 ./webserver/httpd.o
 .text.send_part_of_file
                0x0000650c       0x74 ./webserver/httpd.o
 .text.next_scriptstate
                0x00006580       0x54 ./webserver/httpd.o
 .text.handle_script
                0x000065d4      0x248 ./webserver/httpd.o
 .text.send_headers
                0x0000681c      0x304 ./webserver/httpd.o
 .text.handle_output
                0x00006b20      0x19c ./webserver/httpd.o
 .text.handle_input
                0x00006cbc      0x1f4 ./webserver/httpd.o
 .text.handle_connection
                0x00006eb0       0x28 ./webserver/httpd.o
 .text.httpd_appcall
                0x00006ed8      0x114 ./webserver/httpd.o
                0x00006ed8                httpd_appcall
 .text.httpd_init
                0x00006fec       0x10 ./webserver/httpd.o
                0x00006fec                httpd_init
 .text          0x00006ffc        0x0 ./webserver/httpd-cgi.o
 .text.nullfunction
                0x00006ffc       0x30 ./webserver/httpd-cgi.o
 .text.httpd_cgi
                0x0000702c       0x6c ./webserver/httpd-cgi.o
                0x0000702c                httpd_cgi
 .text.generate_file_stats
                0x00007098       0x40 ./webserver/httpd-cgi.o
 .text.file_stats
                0x000070d8       0x80 ./webserver/httpd-cgi.o
 .text.generate_tcp_stats
                0x00007158      0x138 ./webserver/httpd-cgi.o
 .text.tcp_stats
                0x00007290       0xc0 ./webserver/httpd-cgi.o
 .text.generate_net_stats
                0x00007350       0x50 ./webserver/httpd-cgi.o
 .text.net_stats
                0x000073a0       0x98 ./webserver/httpd-cgi.o
 .text.generate_rtos_stats
                0x00007438       0x88 ./webserver/httpd-cgi.o
 .text.rtos_stats
                0x000074c0       0x74 ./webserver/httpd-cgi.o
 .text.generate_io_state
                0x00007534       0x80 ./webserver/httpd-cgi.o
 .text.generate_runtime_stats
                0x000075b4       0x88 ./webserver/httpd-cgi.o
 .text.run_time
                0x0000763c       0x78 ./webserver/httpd-cgi.o
 .text.led_io   0x000076b4       0x78 ./webserver/httpd-cgi.o
 .text          0x0000772c        0x0 ./webserver/httpd-fs.o
 .text.httpd_fs_strcmp
                0x0000772c       0x70 ./webserver/httpd-fs.o
 .text.httpd_fs_open
                0x0000779c       0x8c ./webserver/httpd-fs.o
                0x0000779c                httpd_fs_open
 .text.httpd_fs_init
                0x00007828       0x38 ./webserver/httpd-fs.o
                0x00007828                httpd_fs_init
 .text.httpd_fs_count
                0x00007860       0x64 ./webserver/httpd-fs.o
                0x00007860                httpd_fs_count
 .text          0x000078c4        0x0 ./webserver/http-strings.o
 .text          0x000078c4        0x0 ../Common/ethernet/uIP/uip-1.0/uip/uip_arp.o
 .text.uip_arp_init
                0x000078c4       0x70 ../Common/ethernet/uIP/uip-1.0/uip/uip_arp.o
                0x000078c4                uip_arp_init
 .text.uip_arp_timer
                0x00007934       0xc0 ../Common/ethernet/uIP/uip-1.0/uip/uip_arp.o
                0x00007934                uip_arp_timer
 .text.uip_arp_update
                0x000079f4      0x278 ../Common/ethernet/uIP/uip-1.0/uip/uip_arp.o
 .text.uip_arp_ipin
                0x00007c6c       0xc0 ../Common/ethernet/uIP/uip-1.0/uip/uip_arp.o
                0x00007c6c                uip_arp_ipin
 .text.uip_arp_arpin
                0x00007d2c      0x32c ../Common/ethernet/uIP/uip-1.0/uip/uip_arp.o
                0x00007d2c                uip_arp_arpin
 .text.uip_arp_out
                0x00008058      0x41c ../Common/ethernet/uIP/uip-1.0/uip/uip_arp.o
                0x00008058                uip_arp_out
 .text          0x00008474        0x0 ../Common/ethernet/uIP/uip-1.0/uip/psock.o
 .text.buf_setup
                0x00008474       0x24 ../Common/ethernet/uIP/uip-1.0/uip/psock.o
 .text.buf_bufdata
                0x00008498      0x124 ../Common/ethernet/uIP/uip-1.0/uip/psock.o
 .text.buf_bufto
                0x000085bc       0xd4 ../Common/ethernet/uIP/uip-1.0/uip/psock.o
 .text.send_data
                0x00008690       0x88 ../Common/ethernet/uIP/uip-1.0/uip/psock.o
 .text.data_acked
                0x00008718       0xa8 ../Common/ethernet/uIP/uip-1.0/uip/psock.o
 .text.psock_send
                0x000087c0       0xb4 ../Common/ethernet/uIP/uip-1.0/uip/psock.o
                0x000087c0                psock_send
 .text.psock_generator_send
                0x00008874       0xd8 ../Common/ethernet/uIP/uip-1.0/uip/psock.o
                0x00008874                psock_generator_send
 .text.psock_datalen
                0x0000894c       0x24 ../Common/ethernet/uIP/uip-1.0/uip/psock.o
                0x0000894c                psock_datalen
 .text.psock_newdata
                0x00008970       0x64 ../Common/ethernet/uIP/uip-1.0/uip/psock.o
                0x00008970                psock_newdata
 .text.psock_readto
                0x000089d4       0xfc ../Common/ethernet/uIP/uip-1.0/uip/psock.o
                0x000089d4                psock_readto
 .text.psock_readbuf
                0x00008ad0      0x104 ../Common/ethernet/uIP/uip-1.0/uip/psock.o
                0x00008ad0                psock_readbuf
 .text.psock_init
                0x00008bd4       0x48 ../Common/ethernet/uIP/uip-1.0/uip/psock.o
                0x00008bd4                psock_init
 .text          0x00008c1c        0x0 ../Common/ethernet/uIP/uip-1.0/uip/timer.o
 .text.timer_set
                0x00008c1c       0x24 ../Common/ethernet/uIP/uip-1.0/uip/timer.o
                0x00008c1c                timer_set
 .text.timer_reset
                0x00008c40       0x20 ../Common/ethernet/uIP/uip-1.0/uip/timer.o
                0x00008c40                timer_reset
 .text.timer_restart
                0x00008c60       0x1c ../Common/ethernet/uIP/uip-1.0/uip/timer.o
                0x00008c60                timer_restart
 .text.timer_expired
                0x00008c7c       0x2c ../Common/ethernet/uIP/uip-1.0/uip/timer.o
                0x00008c7c                timer_expired
 .text          0x00008ca8        0x0 ../Common/ethernet/uIP/uip-1.0/uip/uip.o
 .text.uip_setipid
                0x00008ca8       0x20 ../Common/ethernet/uIP/uip-1.0/uip/uip.o
                0x00008ca8                uip_setipid
 .text.uip_add32
                0x00008cc8      0x14c ../Common/ethernet/uIP/uip-1.0/uip/uip.o
                0x00008cc8                uip_add32
 .text.chksum   0x00008e14       0x98 ../Common/ethernet/uIP/uip-1.0/uip/uip.o
 .text.uip_chksum
                0x00008eac       0x30 ../Common/ethernet/uIP/uip-1.0/uip/uip.o
                0x00008eac                uip_chksum
 .text.uip_ipchksum
                0x00008edc       0x4c ../Common/ethernet/uIP/uip-1.0/uip/uip.o
                0x00008edc                uip_ipchksum
 .text.upper_layer_chksum
                0x00008f28       0xac ../Common/ethernet/uIP/uip-1.0/uip/uip.o
 .text.uip_tcpchksum
                0x00008fd4       0x14 ../Common/ethernet/uIP/uip-1.0/uip/uip.o
                0x00008fd4                uip_tcpchksum
 .text.uip_udpchksum
                0x00008fe8       0x14 ../Common/ethernet/uIP/uip-1.0/uip/uip.o
                0x00008fe8                uip_udpchksum
 .text.uip_init
                0x00008ffc       0xcc ../Common/ethernet/uIP/uip-1.0/uip/uip.o
                0x00008ffc                uip_init
 .text.uip_connect
                0x000090c8      0x21c ../Common/ethernet/uIP/uip-1.0/uip/uip.o
                0x000090c8                uip_connect
 .text.uip_unlisten
                0x000092e4       0x88 ../Common/ethernet/uIP/uip-1.0/uip/uip.o
                0x000092e4                uip_unlisten
 .text.uip_listen
                0x0000936c       0x84 ../Common/ethernet/uIP/uip-1.0/uip/uip.o
                0x0000936c                uip_listen
 .text.uip_add_rcv_nxt
                0x000093f0       0x84 ../Common/ethernet/uIP/uip-1.0/uip/uip.o
 .text.uip_process
                0x00009474     0x2258 ../Common/ethernet/uIP/uip-1.0/uip/uip.o
                0x00009474                uip_process
 .text.htons    0x0000b6cc       0x30 ../Common/ethernet/uIP/uip-1.0/uip/uip.o
                0x0000b6cc                htons
 .text.uip_send
                0x0000b6fc       0x54 ../Common/ethernet/uIP/uip-1.0/uip/uip.o
                0x0000b6fc                uip_send
 .text          0x0000b750        0x0 ../Source/list.o
 .text.vListInitialise
                0x0000b750       0x48 ../Source/list.o
                0x0000b750                vListInitialise
 .text.vListInitialiseItem
                0x0000b798       0x1c ../Source/list.o
                0x0000b798                vListInitialiseItem
 .text.vListInsertEnd
                0x0000b7b4       0x50 ../Source/list.o
                0x0000b7b4                vListInsertEnd
 .text.vListInsert
                0x0000b804       0x74 ../Source/list.o
                0x0000b804                vListInsert
 .text.vListRemove
                0x0000b878       0x54 ../Source/list.o
                0x0000b878                vListRemove
 .text          0x0000b8cc        0x0 ../Source/queue.o
 .text.xQueueCreate
                0x0000b8cc       0xd4 ../Source/queue.o
                0x0000b8cc                xQueueCreate
 .text.xQueueCreateMutex
                0x0000b9a0       0x98 ../Source/queue.o
                0x0000b9a0                xQueueCreateMutex
 .text.xQueueGiveMutexRecursive
                0x0000ba38       0x58 ../Source/queue.o
                0x0000ba38                xQueueGiveMutexRecursive
 .text.xQueueTakeMutexRecursive
                0x0000ba90       0x60 ../Source/queue.o
                0x0000ba90                xQueueTakeMutexRecursive
 .text.xQueueGenericSend
                0x0000baf0      0x124 ../Source/queue.o
                0x0000baf0                xQueueGenericSend
 .text.xQueueGenericSendFromISR
                0x0000bc14       0x90 ../Source/queue.o
                0x0000bc14                xQueueGenericSendFromISR
 .text.xQueueGenericReceive
                0x0000bca4      0x18c ../Source/queue.o
                0x0000bca4                xQueueGenericReceive
 .text.xQueueReceiveFromISR
                0x0000be30       0x94 ../Source/queue.o
                0x0000be30                xQueueReceiveFromISR
 .text.uxQueueMessagesWaiting
                0x0000bec4       0x24 ../Source/queue.o
                0x0000bec4                uxQueueMessagesWaiting
 .text.uxQueueMessagesWaitingFromISR
                0x0000bee8       0x1c ../Source/queue.o
                0x0000bee8                uxQueueMessagesWaitingFromISR
 .text.vQueueDelete
                0x0000bf04       0x28 ../Source/queue.o
                0x0000bf04                vQueueDelete
 .text.prvCopyDataToQueue
                0x0000bf2c       0xc4 ../Source/queue.o
 .text.prvCopyDataFromQueue
                0x0000bff0       0x50 ../Source/queue.o
 .text.prvUnlockQueue
                0x0000c040       0x98 ../Source/queue.o
 .text.prvIsQueueEmpty
                0x0000c0d8       0x2c ../Source/queue.o
 .text.xQueueIsQueueEmptyFromISR
                0x0000c104       0x24 ../Source/queue.o
                0x0000c104                xQueueIsQueueEmptyFromISR
 .text.prvIsQueueFull
                0x0000c128       0x30 ../Source/queue.o
 .text.xQueueIsQueueFullFromISR
                0x0000c158       0x28 ../Source/queue.o
                0x0000c158                xQueueIsQueueFullFromISR
 .text.vQueueAddToRegistry
                0x0000c180       0x64 ../Source/queue.o
                0x0000c180                vQueueAddToRegistry
 .text.vQueueUnregisterQueue
                0x0000c1e4       0x54 ../Source/queue.o
 .text          0x0000c238        0x0 ../Source/tasks.o
 .text.xTaskCreate
                0x0000c238      0x1a4 ../Source/tasks.o
                0x0000c238                xTaskCreate
 .text.vTaskDelete
                0x0000c3dc       0xc8 ../Source/tasks.o
                0x0000c3dc                vTaskDelete
 .text.vTaskDelayUntil
                0x0000c4a4      0x10c ../Source/tasks.o
                0x0000c4a4                vTaskDelayUntil
 .text.vTaskDelay
                0x0000c5b0       0xb8 ../Source/tasks.o
                0x0000c5b0                vTaskDelay
 .text.uxTaskPriorityGet
                0x0000c668       0x40 ../Source/tasks.o
                0x0000c668                uxTaskPriorityGet
 .text.vTaskPrioritySet
                0x0000c6a8      0x134 ../Source/tasks.o
                0x0000c6a8                vTaskPrioritySet
 .text.vTaskSuspend
                0x0000c7dc       0x88 ../Source/tasks.o
                0x0000c7dc                vTaskSuspend
 .text.xTaskIsTaskSuspended
                0x0000c864       0x50 ../Source/tasks.o
                0x0000c864                xTaskIsTaskSuspended
 .text.vTaskResume
                0x0000c8b4       0xac ../Source/tasks.o
                0x0000c8b4                vTaskResume
 .text.xTaskResumeFromISR
                0x0000c960       0xc0 ../Source/tasks.o
                0x0000c960                xTaskResumeFromISR
 .text.vTaskStartScheduler
                0x0000ca20       0x78 ../Source/tasks.o
                0x0000ca20                vTaskStartScheduler
 .text.vTaskEndScheduler
                0x0000ca98       0x24 ../Source/tasks.o
                0x0000ca98                vTaskEndScheduler
 .text.vTaskSuspendAll
                0x0000cabc       0x24 ../Source/tasks.o
                0x0000cabc                vTaskSuspendAll
 .text.xTaskResumeAll
                0x0000cae0      0x178 ../Source/tasks.o
                0x0000cae0                xTaskResumeAll
 .text.xTaskGetTickCount
                0x0000cc58       0x28 ../Source/tasks.o
                0x0000cc58                xTaskGetTickCount
 .text.uxTaskGetNumberOfTasks
                0x0000cc80       0x18 ../Source/tasks.o
                0x0000cc80                uxTaskGetNumberOfTasks
 .text.vTaskList
                0x0000cc98      0x130 ../Source/tasks.o
                0x0000cc98                vTaskList
 .text.vTaskGetRunTimeStats
                0x0000cdc8      0x130 ../Source/tasks.o
                0x0000cdc8                vTaskGetRunTimeStats
 .text.vTaskStartTrace
                0x0000cef8       0x54 ../Source/tasks.o
                0x0000cef8                vTaskStartTrace
 .text.ulTaskEndTrace
                0x0000cf4c       0x44 ../Source/tasks.o
                0x0000cf4c                ulTaskEndTrace
 .text.vTaskIncrementTick
                0x0000cf90      0x168 ../Source/tasks.o
                0x0000cf90                vTaskIncrementTick
 .text.vTaskSwitchContext
                0x0000d0f8      0x24c ../Source/tasks.o
                0x0000d0f8                vTaskSwitchContext
 .text.vTaskPlaceOnEventList
                0x0000d344       0xd4 ../Source/tasks.o
                0x0000d344                vTaskPlaceOnEventList
 .text.xTaskRemoveFromEventList
                0x0000d418       0xd8 ../Source/tasks.o
                0x0000d418                xTaskRemoveFromEventList
 .text.vTaskSetTimeOutState
                0x0000d4f0       0x30 ../Source/tasks.o
                0x0000d4f0                vTaskSetTimeOutState
 .text.xTaskCheckForTimeOut
                0x0000d520       0xa8 ../Source/tasks.o
                0x0000d520                xTaskCheckForTimeOut
 .text.vTaskMissedYield
                0x0000d5c8       0x18 ../Source/tasks.o
                0x0000d5c8                vTaskMissedYield
 .text.prvIdleTask
                0x0000d5e0       0x10 ../Source/tasks.o
 .text.prvInitialiseTCBVariables
                0x0000d5f0       0x80 ../Source/tasks.o
 .text.prvInitialiseTaskLists
                0x0000d670       0xa4 ../Source/tasks.o
 .text.prvCheckTasksWaitingTermination
                0x0000d714       0xb0 ../Source/tasks.o
 .text.prvAllocateTCBAndStack
                0x0000d7c4       0x68 ../Source/tasks.o
 .text.prvListTaskWithinSingleList
                0x0000d82c       0xcc ../Source/tasks.o
 .text.prvGenerateRunTimeStatsForTasksInList
                0x0000d8f8      0x114 ../Source/tasks.o
 .text.usTaskCheckFreeStackSpace
                0x0000da0c       0x44 ../Source/tasks.o
                0x0000da0c                usTaskCheckFreeStackSpace
 .text.uxTaskGetStackHighWaterMark
                0x0000da50       0x3c ../Source/tasks.o
                0x0000da50                uxTaskGetStackHighWaterMark
 .text.prvDeleteTCB
                0x0000da8c       0x20 ../Source/tasks.o
 .text.xTaskGetCurrentTaskHandle
                0x0000daac       0x18 ../Source/tasks.o
                0x0000daac                xTaskGetCurrentTaskHandle
 .text.vTaskPriorityInherit
                0x0000dac4       0xd8 ../Source/tasks.o
                0x0000dac4                vTaskPriorityInherit
 .text.vTaskPriorityDisinherit
                0x0000db9c       0x90 ../Source/tasks.o
                0x0000db9c                vTaskPriorityDisinherit
 .text          0x0000dc2c        0x0 ../Source/portable/GCC/ARM_CM3/port.o
 .text.pxPortInitialiseStack
                0x0000dc2c       0x58 ../Source/portable/GCC/ARM_CM3/port.o
                0x0000dc2c                pxPortInitialiseStack
 .text.vPortSVCHandler
                0x0000dc84       0x20 ../Source/portable/GCC/ARM_CM3/port.o
                0x0000dc84                vPortSVCHandler
 .text.vPortStartFirstTask
                0x0000dca4       0x10 ../Source/portable/GCC/ARM_CM3/port.o
                0x0000dca4                vPortStartFirstTask
 .text.xPortStartScheduler
                0x0000dcb4       0x54 ../Source/portable/GCC/ARM_CM3/port.o
                0x0000dcb4                xPortStartScheduler
 .text.vPortEndScheduler
                0x0000dd08        0xc ../Source/portable/GCC/ARM_CM3/port.o
                0x0000dd08                vPortEndScheduler
 .text.vPortYieldFromISR
                0x0000dd14       0x18 ../Source/portable/GCC/ARM_CM3/port.o
                0x0000dd14                vPortYieldFromISR
 .text.vPortEnterCritical
                0x0000dd2c       0x2c ../Source/portable/GCC/ARM_CM3/port.o
                0x0000dd2c                vPortEnterCritical
 .text.vPortExitCritical
                0x0000dd58       0x38 ../Source/portable/GCC/ARM_CM3/port.o
                0x0000dd58                vPortExitCritical
 .text.xPortPendSVHandler
                0x0000dd90       0x3c ../Source/portable/GCC/ARM_CM3/port.o
                0x0000dd90                xPortPendSVHandler
 .text.xPortSysTickHandler
                0x0000ddcc       0x38 ../Source/portable/GCC/ARM_CM3/port.o
                0x0000ddcc                xPortSysTickHandler
 .text.prvSetupTimerInterrupt
                0x0000de04       0x28 ../Source/portable/GCC/ARM_CM3/port.o
 .text          0x0000de2c        0x0 ../Source/portable/MemMang/heap_2.o
 .text.pvPortMalloc
                0x0000de2c      0x19c ../Source/portable/MemMang/heap_2.o
                0x0000de2c                pvPortMalloc
 .text.vPortFree
                0x0000dfc8       0x6c ../Source/portable/MemMang/heap_2.o
                0x0000dfc8                vPortFree
 .text          0x0000e034        0x0 startup.o
 .text.NmiSR    0x0000e034        0x4 startup.o
 .text.FaultISR
                0x0000e038        0x4 startup.o
 .text.IntDefaultHandler
                0x0000e03c        0x4 startup.o
 .text.uipprintf
                0x0000e040        0xc startup.o
                0x0000e040                uipprintf
 .text.ResetISR
                0x0000e04c       0x70 startup.o
                0x0000e04c                ResetISR
 .text          0x0000e0bc        0x0 ../Common/drivers/LuminaryMicro/arm-none-eabi-gcc/libdriver.a(ethernet.o)
 .text.EthernetInitExpClk
                0x0000e0bc       0x14 ../Common/drivers/LuminaryMicro/arm-none-eabi-gcc/libdriver.a(ethernet.o)
                0x0000e0bc                EthernetInitExpClk
 .text.EthernetConfigSet
                0x0000e0d0       0x30 ../Common/drivers/LuminaryMicro/arm-none-eabi-gcc/libdriver.a(ethernet.o)
                0x0000e0d0                EthernetConfigSet
 .text.EthernetConfigGet
                0x0000e100       0x18 ../Common/drivers/LuminaryMicro/arm-none-eabi-gcc/libdriver.a(ethernet.o)
                0x0000e100                EthernetConfigGet
 .text.EthernetMACAddrSet
                0x0000e118       0x38 ../Common/drivers/LuminaryMicro/arm-none-eabi-gcc/libdriver.a(ethernet.o)
                0x0000e118                EthernetMACAddrSet
 .text.EthernetMACAddrGet
                0x0000e150       0x34 ../Common/drivers/LuminaryMicro/arm-none-eabi-gcc/libdriver.a(ethernet.o)
                0x0000e150                EthernetMACAddrGet
 .text.EthernetEnable
                0x0000e184       0x24 ../Common/drivers/LuminaryMicro/arm-none-eabi-gcc/libdriver.a(ethernet.o)
                0x0000e184                EthernetEnable
 .text.EthernetDisable
                0x0000e1a8       0x24 ../Common/drivers/LuminaryMicro/arm-none-eabi-gcc/libdriver.a(ethernet.o)
                0x0000e1a8                EthernetDisable
 .text.EthernetPacketAvail
                0x0000e1cc        0xc ../Common/drivers/LuminaryMicro/arm-none-eabi-gcc/libdriver.a(ethernet.o)
                0x0000e1cc                EthernetPacketAvail
 .text.EthernetSpaceAvail
                0x0000e1d8        0xc ../Common/drivers/LuminaryMicro/arm-none-eabi-gcc/libdriver.a(ethernet.o)
                0x0000e1d8                EthernetSpaceAvail
 .text.EthernetPacketGetInternal
                0x0000e1e4       0xa4 ../Common/drivers/LuminaryMicro/arm-none-eabi-gcc/libdriver.a(ethernet.o)
 .text.EthernetPacketGetNonBlocking
                0x0000e288       0x18 ../Common/drivers/LuminaryMicro/arm-none-eabi-gcc/libdriver.a(ethernet.o)
                0x0000e288                EthernetPacketGetNonBlocking
 .text.EthernetPacketGet
                0x0000e2a0       0x18 ../Common/drivers/LuminaryMicro/arm-none-eabi-gcc/libdriver.a(ethernet.o)
                0x0000e2a0                EthernetPacketGet
 .text.EthernetPacketPutInternal
                0x0000e2b8       0x98 ../Common/drivers/LuminaryMicro/arm-none-eabi-gcc/libdriver.a(ethernet.o)
 .text.EthernetPacketPutNonBlocking
                0x0000e350       0x14 ../Common/drivers/LuminaryMicro/arm-none-eabi-gcc/libdriver.a(ethernet.o)
                0x0000e350                EthernetPacketPutNonBlocking
 .text.EthernetPacketPut
                0x0000e364       0x18 ../Common/drivers/LuminaryMicro/arm-none-eabi-gcc/libdriver.a(ethernet.o)
                0x0000e364                EthernetPacketPut
 .text.EthernetIntEnable
                0x0000e37c        0x8 ../Common/drivers/LuminaryMicro/arm-none-eabi-gcc/libdriver.a(ethernet.o)
                0x0000e37c                EthernetIntEnable
 .text.EthernetIntDisable
                0x0000e384        0xc ../Common/drivers/LuminaryMicro/arm-none-eabi-gcc/libdriver.a(ethernet.o)
                0x0000e384                EthernetIntDisable
 .text.EthernetIntStatus
                0x0000e390        0xc ../Common/drivers/LuminaryMicro/arm-none-eabi-gcc/libdriver.a(ethernet.o)
                0x0000e390                EthernetIntStatus
 .text.EthernetIntClear
                0x0000e39c        0x4 ../Common/drivers/LuminaryMicro/arm-none-eabi-gcc/libdriver.a(ethernet.o)
                0x0000e39c                EthernetIntClear
 .text.EthernetPHYWrite
                0x0000e3a0       0x30 ../Common/drivers/LuminaryMicro/arm-none-eabi-gcc/libdriver.a(ethernet.o)
                0x0000e3a0                EthernetPHYWrite
 .text.EthernetPHYRead
                0x0000e3d0       0x28 ../Common/drivers/LuminaryMicro/arm-none-eabi-gcc/libdriver.a(ethernet.o)
                0x0000e3d0                EthernetPHYRead
 .text.EthernetIntUnregister
                0x0000e3f8       0x10 ../Common/drivers/LuminaryMicro/arm-none-eabi-gcc/libdriver.a(ethernet.o)
                0x0000e3f8                EthernetIntUnregister
 .text.EthernetIntRegister
                0x0000e408       0x10 ../Common/drivers/LuminaryMicro/arm-none-eabi-gcc/libdriver.a(ethernet.o)
                0x0000e408                EthernetIntRegister
 .text          0x0000e418        0x0 ../Common/drivers/LuminaryMicro/arm-none-eabi-gcc/libdriver.a(flash.o)
 .text.FlashUsecGet
                0x0000e418        0xc ../Common/drivers/LuminaryMicro/arm-none-eabi-gcc/libdriver.a(flash.o)
                0x0000e418                FlashUsecGet
 .text.FlashUsecSet
                0x0000e424        0xc ../Common/drivers/LuminaryMicro/arm-none-eabi-gcc/libdriver.a(flash.o)
                0x0000e424                FlashUsecSet
 .text.FlashErase
                0x0000e430       0x3c ../Common/drivers/LuminaryMicro/arm-none-eabi-gcc/libdriver.a(flash.o)
                0x0000e430                FlashErase
 .text.FlashProgram
                0x0000e46c       0x58 ../Common/drivers/LuminaryMicro/arm-none-eabi-gcc/libdriver.a(flash.o)
                0x0000e46c                FlashProgram
 .text.FlashProtectGet
                0x0000e4c4       0xb0 ../Common/drivers/LuminaryMicro/arm-none-eabi-gcc/libdriver.a(flash.o)
                0x0000e4c4                FlashProtectGet
 .text.FlashProtectSet
                0x0000e574      0x120 ../Common/drivers/LuminaryMicro/arm-none-eabi-gcc/libdriver.a(flash.o)
                0x0000e574                FlashProtectSet
 .text.FlashProtectSave
                0x0000e694       0x58 ../Common/drivers/LuminaryMicro/arm-none-eabi-gcc/libdriver.a(flash.o)
                0x0000e694                FlashProtectSave
 .text.FlashUserGet
                0x0000e6ec       0x3c ../Common/drivers/LuminaryMicro/arm-none-eabi-gcc/libdriver.a(flash.o)
                0x0000e6ec                FlashUserGet
 .text.FlashUserSet
                0x0000e728       0x3c ../Common/drivers/LuminaryMicro/arm-none-eabi-gcc/libdriver.a(flash.o)
                0x0000e728                FlashUserSet
 .text.FlashUserSave
                0x0000e764       0x64 ../Common/drivers/LuminaryMicro/arm-none-eabi-gcc/libdriver.a(flash.o)
                0x0000e764                FlashUserSave
 .text.FlashIntEnable
                0x0000e7c8       0x10 ../Common/drivers/LuminaryMicro/arm-none-eabi-gcc/libdriver.a(flash.o)
                0x0000e7c8                FlashIntEnable
 .text.FlashIntDisable
                0x0000e7d8       0x10 ../Common/drivers/LuminaryMicro/arm-none-eabi-gcc/libdriver.a(flash.o)
                0x0000e7d8                FlashIntDisable
 .text.FlashIntGetStatus
                0x0000e7e8       0x18 ../Common/drivers/LuminaryMicro/arm-none-eabi-gcc/libdriver.a(flash.o)
                0x0000e7e8                FlashIntGetStatus
 .text.FlashIntClear
                0x0000e800        0xc ../Common/drivers/LuminaryMicro/arm-none-eabi-gcc/libdriver.a(flash.o)
                0x0000e800                FlashIntClear
 .text.FlashIntUnregister
                0x0000e80c       0x10 ../Common/drivers/LuminaryMicro/arm-none-eabi-gcc/libdriver.a(flash.o)
                0x0000e80c                FlashIntUnregister
 .text.FlashIntRegister
                0x0000e81c       0x14 ../Common/drivers/LuminaryMicro/arm-none-eabi-gcc/libdriver.a(flash.o)
                0x0000e81c                FlashIntRegister
 .text          0x0000e830        0x0 ../Common/drivers/LuminaryMicro/arm-none-eabi-gcc/libdriver.a(gpio.o)
 .text.GPIOGetIntNumber
                0x0000e830       0xa4 ../Common/drivers/LuminaryMicro/arm-none-eabi-gcc/libdriver.a(gpio.o)
 .text.GPIODirModeSet
                0x0000e8d4       0x44 ../Common/drivers/LuminaryMicro/arm-none-eabi-gcc/libdriver.a(gpio.o)
                0x0000e8d4                GPIODirModeSet
 .text.GPIODirModeGet
                0x0000e918       0x20 ../Common/drivers/LuminaryMicro/arm-none-eabi-gcc/libdriver.a(gpio.o)
                0x0000e918                GPIODirModeGet
 .text.GPIOIntTypeSet
                0x0000e938       0x70 ../Common/drivers/LuminaryMicro/arm-none-eabi-gcc/libdriver.a(gpio.o)
                0x0000e938                GPIOIntTypeSet
 .text.GPIOIntTypeGet
                0x0000e9a8       0x30 ../Common/drivers/LuminaryMicro/arm-none-eabi-gcc/libdriver.a(gpio.o)
                0x0000e9a8                GPIOIntTypeGet
 .text.GPIOPadConfigSet
                0x0000e9d8      0x130 ../Common/drivers/LuminaryMicro/arm-none-eabi-gcc/libdriver.a(gpio.o)
                0x0000e9d8                GPIOPadConfigSet
 .text.GPIOPadConfigGet
                0x0000eb08       0x78 ../Common/drivers/LuminaryMicro/arm-none-eabi-gcc/libdriver.a(gpio.o)
                0x0000eb08                GPIOPadConfigGet
 .text.GPIOPinIntEnable
                0x0000eb80        0xc ../Common/drivers/LuminaryMicro/arm-none-eabi-gcc/libdriver.a(gpio.o)
                0x0000eb80                GPIOPinIntEnable
 .text.GPIOPinIntDisable
                0x0000eb8c       0x10 ../Common/drivers/LuminaryMicro/arm-none-eabi-gcc/libdriver.a(gpio.o)
                0x0000eb8c                GPIOPinIntDisable
 .text.GPIOPinIntStatus
                0x0000eb9c       0x10 ../Common/drivers/LuminaryMicro/arm-none-eabi-gcc/libdriver.a(gpio.o)
                0x0000eb9c                GPIOPinIntStatus
 .text.GPIOPinIntClear
                0x0000ebac        0x8 ../Common/drivers/LuminaryMicro/arm-none-eabi-gcc/libdriver.a(gpio.o)
                0x0000ebac                GPIOPinIntClear
 .text.GPIOPinRead
                0x0000ebb4        0x8 ../Common/drivers/LuminaryMicro/arm-none-eabi-gcc/libdriver.a(gpio.o)
                0x0000ebb4                GPIOPinRead
 .text.GPIOPinWrite
                0x0000ebbc        0x8 ../Common/drivers/LuminaryMicro/arm-none-eabi-gcc/libdriver.a(gpio.o)
                0x0000ebbc                GPIOPinWrite
 .text.GPIOPinTypeADC
                0x0000ebc4       0x1c ../Common/drivers/LuminaryMicro/arm-none-eabi-gcc/libdriver.a(gpio.o)
                0x0000ebc4                GPIOPinTypeADC
 .text.GPIOPinTypeCAN
                0x0000ebe0       0x1c ../Common/drivers/LuminaryMicro/arm-none-eabi-gcc/libdriver.a(gpio.o)
                0x0000ebe0                GPIOPinTypeCAN
 .text.GPIOPinTypeComparator
                0x0000ebfc       0x1c ../Common/drivers/LuminaryMicro/arm-none-eabi-gcc/libdriver.a(gpio.o)
                0x0000ebfc                GPIOPinTypeComparator
 .text.GPIOPinTypeGPIOInput
                0x0000ec18       0x1c ../Common/drivers/LuminaryMicro/arm-none-eabi-gcc/libdriver.a(gpio.o)
                0x0000ec18                GPIOPinTypeGPIOInput
 .text.GPIOPinTypeGPIOOutput
                0x0000ec34       0x1c ../Common/drivers/LuminaryMicro/arm-none-eabi-gcc/libdriver.a(gpio.o)
                0x0000ec34                GPIOPinTypeGPIOOutput
 .text.GPIOPinTypeGPIOOutputOD
                0x0000ec50       0x1c ../Common/drivers/LuminaryMicro/arm-none-eabi-gcc/libdriver.a(gpio.o)
                0x0000ec50                GPIOPinTypeGPIOOutputOD
 .text.GPIOPinTypeI2C
                0x0000ec6c       0x1c ../Common/drivers/LuminaryMicro/arm-none-eabi-gcc/libdriver.a(gpio.o)
                0x0000ec6c                GPIOPinTypeI2C
 .text.GPIOPinTypePWM
                0x0000ec88       0x1c ../Common/drivers/LuminaryMicro/arm-none-eabi-gcc/libdriver.a(gpio.o)
                0x0000ec88                GPIOPinTypePWM
 .text.GPIOPinTypeQEI
                0x0000eca4       0x1c ../Common/drivers/LuminaryMicro/arm-none-eabi-gcc/libdriver.a(gpio.o)
                0x0000eca4                GPIOPinTypeQEI
 .text.GPIOPinTypeSSI
                0x0000ecc0       0x1c ../Common/drivers/LuminaryMicro/arm-none-eabi-gcc/libdriver.a(gpio.o)
                0x0000ecc0                GPIOPinTypeSSI
 .text.GPIOPinTypeTimer
                0x0000ecdc       0x1c ../Common/drivers/LuminaryMicro/arm-none-eabi-gcc/libdriver.a(gpio.o)
                0x0000ecdc                GPIOPinTypeTimer
 .text.GPIOPinTypeUART
                0x0000ecf8       0x1c ../Common/drivers/LuminaryMicro/arm-none-eabi-gcc/libdriver.a(gpio.o)
                0x0000ecf8                GPIOPinTypeUART
 .text.GPIOPinTypeUSBDigital
                0x0000ed14       0x1c ../Common/drivers/LuminaryMicro/arm-none-eabi-gcc/libdriver.a(gpio.o)
                0x0000ed14                GPIOPinTypeUSBDigital
 .text.GPIOPortIntUnregister
                0x0000ed30       0x14 ../Common/drivers/LuminaryMicro/arm-none-eabi-gcc/libdriver.a(gpio.o)
                0x0000ed30                GPIOPortIntUnregister
 .text.GPIOPortIntRegister
                0x0000ed44       0x18 ../Common/drivers/LuminaryMicro/arm-none-eabi-gcc/libdriver.a(gpio.o)
                0x0000ed44                GPIOPortIntRegister
 .text          0x0000ed5c        0x0 ../Common/drivers/LuminaryMicro/arm-none-eabi-gcc/libdriver.a(interrupt.o)
 .text.IntDefaultHandler
                0x0000ed5c        0x4 ../Common/drivers/LuminaryMicro/arm-none-eabi-gcc/libdriver.a(interrupt.o)
 .text.IntRegister
                0x0000ed60       0x3c ../Common/drivers/LuminaryMicro/arm-none-eabi-gcc/libdriver.a(interrupt.o)
                0x0000ed60                IntRegister
 .text.IntUnregister
                0x0000ed9c       0x14 ../Common/drivers/LuminaryMicro/arm-none-eabi-gcc/libdriver.a(interrupt.o)
                0x0000ed9c                IntUnregister
 .text.IntPriorityGroupingSet
                0x0000edb0       0x1c ../Common/drivers/LuminaryMicro/arm-none-eabi-gcc/libdriver.a(interrupt.o)
                0x0000edb0                IntPriorityGroupingSet
 .text.IntPriorityGroupingGet
                0x0000edcc       0x24 ../Common/drivers/LuminaryMicro/arm-none-eabi-gcc/libdriver.a(interrupt.o)
                0x0000edcc                IntPriorityGroupingGet
 .text.IntPrioritySet
                0x0000edf0       0x28 ../Common/drivers/LuminaryMicro/arm-none-eabi-gcc/libdriver.a(interrupt.o)
                0x0000edf0                IntPrioritySet
 .text.IntPriorityGet
                0x0000ee18       0x20 ../Common/drivers/LuminaryMicro/arm-none-eabi-gcc/libdriver.a(interrupt.o)
                0x0000ee18                IntPriorityGet
 .text.IntEnable
                0x0000ee38       0x74 ../Common/drivers/LuminaryMicro/arm-none-eabi-gcc/libdriver.a(interrupt.o)
                0x0000ee38                IntEnable
 .text.IntDisable
                0x0000eeac       0x74 ../Common/drivers/LuminaryMicro/arm-none-eabi-gcc/libdriver.a(interrupt.o)
                0x0000eeac                IntDisable
 .text.IntMasterDisable
                0x0000ef20        0xc ../Common/drivers/LuminaryMicro/arm-none-eabi-gcc/libdriver.a(interrupt.o)
                0x0000ef20                IntMasterDisable
 .text.IntMasterEnable
                0x0000ef2c        0xc ../Common/drivers/LuminaryMicro/arm-none-eabi-gcc/libdriver.a(interrupt.o)
                0x0000ef2c                IntMasterEnable
 .text          0x0000ef38        0x0 ../Common/drivers/LuminaryMicro/arm-none-eabi-gcc/libdriver.a(ssi.o)
 .text.SSIConfigSetExpClk
                0x0000ef38       0x48 ../Common/drivers/LuminaryMicro/arm-none-eabi-gcc/libdriver.a(ssi.o)
                0x0000ef38                SSIConfigSetExpClk
 .text.SSIEnable
                0x0000ef80        0xc ../Common/drivers/LuminaryMicro/arm-none-eabi-gcc/libdriver.a(ssi.o)
                0x0000ef80                SSIEnable
 .text.SSIDisable
                0x0000ef8c        0xc ../Common/drivers/LuminaryMicro/arm-none-eabi-gcc/libdriver.a(ssi.o)
                0x0000ef8c                SSIDisable
 .text.SSIIntEnable
                0x0000ef98        0x8 ../Common/drivers/LuminaryMicro/arm-none-eabi-gcc/libdriver.a(ssi.o)
                0x0000ef98                SSIIntEnable
 .text.SSIIntDisable
                0x0000efa0        0xc ../Common/drivers/LuminaryMicro/arm-none-eabi-gcc/libdriver.a(ssi.o)
                0x0000efa0                SSIIntDisable
 .text.SSIIntStatus
                0x0000efac        0xc ../Common/drivers/LuminaryMicro/arm-none-eabi-gcc/libdriver.a(ssi.o)
                0x0000efac                SSIIntStatus
 .text.SSIIntClear
                0x0000efb8        0x4 ../Common/drivers/LuminaryMicro/arm-none-eabi-gcc/libdriver.a(ssi.o)
                0x0000efb8                SSIIntClear
 .text.SSIDataPut
                0x0000efbc       0x10 ../Common/drivers/LuminaryMicro/arm-none-eabi-gcc/libdriver.a(ssi.o)
                0x0000efbc                SSIDataPut
 .text.SSIDataPutNonBlocking
                0x0000efcc       0x10 ../Common/drivers/LuminaryMicro/arm-none-eabi-gcc/libdriver.a(ssi.o)
                0x0000efcc                SSIDataPutNonBlocking
 .text.SSIDataGet
                0x0000efdc       0x14 ../Common/drivers/LuminaryMicro/arm-none-eabi-gcc/libdriver.a(ssi.o)
                0x0000efdc                SSIDataGet
 .text.SSIDataGetNonBlocking
                0x0000eff0       0x14 ../Common/drivers/LuminaryMicro/arm-none-eabi-gcc/libdriver.a(ssi.o)
                0x0000eff0                SSIDataGetNonBlocking
 .text.SSIDMAEnable
                0x0000f004        0x8 ../Common/drivers/LuminaryMicro/arm-none-eabi-gcc/libdriver.a(ssi.o)
                0x0000f004                SSIDMAEnable
 .text.SSIDMADisable
                0x0000f00c        0xc ../Common/drivers/LuminaryMicro/arm-none-eabi-gcc/libdriver.a(ssi.o)
                0x0000f00c                SSIDMADisable
 .text.SSIIntUnregister
                0x0000f018       0x20 ../Common/drivers/LuminaryMicro/arm-none-eabi-gcc/libdriver.a(ssi.o)
                0x0000f018                SSIIntUnregister
 .text.SSIIntRegister
                0x0000f038       0x20 ../Common/drivers/LuminaryMicro/arm-none-eabi-gcc/libdriver.a(ssi.o)
                0x0000f038                SSIIntRegister
 .text          0x0000f058        0x0 ../Common/drivers/LuminaryMicro/arm-none-eabi-gcc/libdriver.a(sysctl.o)
 .text.SysCtlSRAMSizeGet
                0x0000f058       0x14 ../Common/drivers/LuminaryMicro/arm-none-eabi-gcc/libdriver.a(sysctl.o)
                0x0000f058                SysCtlSRAMSizeGet
 .text.SysCtlFlashSizeGet
                0x0000f06c       0x14 ../Common/drivers/LuminaryMicro/arm-none-eabi-gcc/libdriver.a(sysctl.o)
                0x0000f06c                SysCtlFlashSizeGet
 .text.SysCtlPinPresent
                0x0000f080       0x14 ../Common/drivers/LuminaryMicro/arm-none-eabi-gcc/libdriver.a(sysctl.o)
                0x0000f080                SysCtlPinPresent
 .text.SysCtlPeripheralPresent
                0x0000f094       0x28 ../Common/drivers/LuminaryMicro/arm-none-eabi-gcc/libdriver.a(sysctl.o)
                0x0000f094                SysCtlPeripheralPresent
 .text.SysCtlPeripheralReset
                0x0000f0bc       0x44 ../Common/drivers/LuminaryMicro/arm-none-eabi-gcc/libdriver.a(sysctl.o)
                0x0000f0bc                SysCtlPeripheralReset
 .text.SysCtlPeripheralEnable
                0x0000f100       0x24 ../Common/drivers/LuminaryMicro/arm-none-eabi-gcc/libdriver.a(sysctl.o)
                0x0000f100                SysCtlPeripheralEnable
 .text.SysCtlPeripheralDisable
                0x0000f124       0x24 ../Common/drivers/LuminaryMicro/arm-none-eabi-gcc/libdriver.a(sysctl.o)
                0x0000f124                SysCtlPeripheralDisable
 .text.SysCtlPeripheralSleepEnable
                0x0000f148       0x24 ../Common/drivers/LuminaryMicro/arm-none-eabi-gcc/libdriver.a(sysctl.o)
                0x0000f148                SysCtlPeripheralSleepEnable
 .text.SysCtlPeripheralSleepDisable
                0x0000f16c       0x24 ../Common/drivers/LuminaryMicro/arm-none-eabi-gcc/libdriver.a(sysctl.o)
                0x0000f16c                SysCtlPeripheralSleepDisable
 .text.SysCtlPeripheralDeepSleepEnable
                0x0000f190       0x24 ../Common/drivers/LuminaryMicro/arm-none-eabi-gcc/libdriver.a(sysctl.o)
                0x0000f190                SysCtlPeripheralDeepSleepEnable
 .text.SysCtlPeripheralDeepSleepDisable
                0x0000f1b4       0x24 ../Common/drivers/LuminaryMicro/arm-none-eabi-gcc/libdriver.a(sysctl.o)
                0x0000f1b4                SysCtlPeripheralDeepSleepDisable
 .text.SysCtlPeripheralClockGating
                0x0000f1d8       0x20 ../Common/drivers/LuminaryMicro/arm-none-eabi-gcc/libdriver.a(sysctl.o)
                0x0000f1d8                SysCtlPeripheralClockGating
 .text.SysCtlIntEnable
                0x0000f1f8       0x10 ../Common/drivers/LuminaryMicro/arm-none-eabi-gcc/libdriver.a(sysctl.o)
                0x0000f1f8                SysCtlIntEnable
 .text.SysCtlIntDisable
                0x0000f208       0x10 ../Common/drivers/LuminaryMicro/arm-none-eabi-gcc/libdriver.a(sysctl.o)
                0x0000f208                SysCtlIntDisable
 .text.SysCtlIntClear
                0x0000f218        0xc ../Common/drivers/LuminaryMicro/arm-none-eabi-gcc/libdriver.a(sysctl.o)
                0x0000f218                SysCtlIntClear
 .text.SysCtlIntStatus
                0x0000f224       0x18 ../Common/drivers/LuminaryMicro/arm-none-eabi-gcc/libdriver.a(sysctl.o)
                0x0000f224                SysCtlIntStatus
 .text.SysCtlLDOSet
                0x0000f23c        0xc ../Common/drivers/LuminaryMicro/arm-none-eabi-gcc/libdriver.a(sysctl.o)
                0x0000f23c                SysCtlLDOSet
 .text.SysCtlLDOGet
                0x0000f248        0xc ../Common/drivers/LuminaryMicro/arm-none-eabi-gcc/libdriver.a(sysctl.o)
                0x0000f248                SysCtlLDOGet
 .text.SysCtlLDOConfigSet
                0x0000f254        0xc ../Common/drivers/LuminaryMicro/arm-none-eabi-gcc/libdriver.a(sysctl.o)
                0x0000f254                SysCtlLDOConfigSet
 .text.SysCtlReset
                0x0000f260       0x10 ../Common/drivers/LuminaryMicro/arm-none-eabi-gcc/libdriver.a(sysctl.o)
                0x0000f260                SysCtlReset
 .text.SysCtlResetCauseGet
                0x0000f270        0xc ../Common/drivers/LuminaryMicro/arm-none-eabi-gcc/libdriver.a(sysctl.o)
                0x0000f270                SysCtlResetCauseGet
 .text.SysCtlResetCauseClear
                0x0000f27c       0x10 ../Common/drivers/LuminaryMicro/arm-none-eabi-gcc/libdriver.a(sysctl.o)
                0x0000f27c                SysCtlResetCauseClear
 .text.SysCtlBrownOutConfigSet
                0x0000f28c       0x10 ../Common/drivers/LuminaryMicro/arm-none-eabi-gcc/libdriver.a(sysctl.o)
                0x0000f28c                SysCtlBrownOutConfigSet
 .text.SysCtlDelay
                0x0000f29c        0x8 ../Common/drivers/LuminaryMicro/arm-none-eabi-gcc/libdriver.a(sysctl.o)
                0x0000f29c                SysCtlDelay
 .text.SysCtlClockSet
                0x0000f2a4      0x168 ../Common/drivers/LuminaryMicro/arm-none-eabi-gcc/libdriver.a(sysctl.o)
                0x0000f2a4                SysCtlClockSet
 .text.SysCtlClockGet
                0x0000f40c      0x150 ../Common/drivers/LuminaryMicro/arm-none-eabi-gcc/libdriver.a(sysctl.o)
                0x0000f40c                SysCtlClockGet
 .text.SysCtlPWMClockSet
                0x0000f55c       0x14 ../Common/drivers/LuminaryMicro/arm-none-eabi-gcc/libdriver.a(sysctl.o)
                0x0000f55c                SysCtlPWMClockSet
 .text.SysCtlPWMClockGet
                0x0000f570       0x18 ../Common/drivers/LuminaryMicro/arm-none-eabi-gcc/libdriver.a(sysctl.o)
                0x0000f570                SysCtlPWMClockGet
 .text.SysCtlADCSpeedSet
                0x0000f588       0x34 ../Common/drivers/LuminaryMicro/arm-none-eabi-gcc/libdriver.a(sysctl.o)
                0x0000f588                SysCtlADCSpeedSet
 .text.SysCtlADCSpeedGet
                0x0000f5bc       0x10 ../Common/drivers/LuminaryMicro/arm-none-eabi-gcc/libdriver.a(sysctl.o)
                0x0000f5bc                SysCtlADCSpeedGet
 .text.SysCtlIOSCVerificationSet
                0x0000f5cc       0x20 ../Common/drivers/LuminaryMicro/arm-none-eabi-gcc/libdriver.a(sysctl.o)
                0x0000f5cc                SysCtlIOSCVerificationSet
 .text.SysCtlMOSCVerificationSet
                0x0000f5ec       0x20 ../Common/drivers/LuminaryMicro/arm-none-eabi-gcc/libdriver.a(sysctl.o)
                0x0000f5ec                SysCtlMOSCVerificationSet
 .text.SysCtlPLLVerificationSet
                0x0000f60c       0x20 ../Common/drivers/LuminaryMicro/arm-none-eabi-gcc/libdriver.a(sysctl.o)
                0x0000f60c                SysCtlPLLVerificationSet
 .text.SysCtlClkVerificationClear
                0x0000f62c       0x10 ../Common/drivers/LuminaryMicro/arm-none-eabi-gcc/libdriver.a(sysctl.o)
                0x0000f62c                SysCtlClkVerificationClear
 .text.SysCtlGPIOAHBEnable
                0x0000f63c       0x10 ../Common/drivers/LuminaryMicro/arm-none-eabi-gcc/libdriver.a(sysctl.o)
                0x0000f63c                SysCtlGPIOAHBEnable
 .text.SysCtlGPIOAHBDisable
                0x0000f64c       0x14 ../Common/drivers/LuminaryMicro/arm-none-eabi-gcc/libdriver.a(sysctl.o)
                0x0000f64c                SysCtlGPIOAHBDisable
 .text.SysCtlUSBPLLEnable
                0x0000f660       0x10 ../Common/drivers/LuminaryMicro/arm-none-eabi-gcc/libdriver.a(sysctl.o)
                0x0000f660                SysCtlUSBPLLEnable
 .text.SysCtlUSBPLLDisable
                0x0000f670       0x10 ../Common/drivers/LuminaryMicro/arm-none-eabi-gcc/libdriver.a(sysctl.o)
                0x0000f670                SysCtlUSBPLLDisable
 .text.SysCtlDeepSleep
                0x0000f680       0x20 ../Common/drivers/LuminaryMicro/arm-none-eabi-gcc/libdriver.a(sysctl.o)
                0x0000f680                SysCtlDeepSleep
 .text.SysCtlSleep
                0x0000f6a0        0x8 ../Common/drivers/LuminaryMicro/arm-none-eabi-gcc/libdriver.a(sysctl.o)
                0x0000f6a0                SysCtlSleep
 .text.SysCtlIntUnregister
                0x0000f6a8       0x10 ../Common/drivers/LuminaryMicro/arm-none-eabi-gcc/libdriver.a(sysctl.o)
                0x0000f6a8                SysCtlIntUnregister
 .text.SysCtlIntRegister
                0x0000f6b8       0x14 ../Common/drivers/LuminaryMicro/arm-none-eabi-gcc/libdriver.a(sysctl.o)
                0x0000f6b8                SysCtlIntRegister
 .text          0x0000f6cc        0x0 ../Common/drivers/LuminaryMicro/arm-none-eabi-gcc/libdriver.a(timer.o)
 .text.TimerEnable
                0x0000f6cc       0x10 ../Common/drivers/LuminaryMicro/arm-none-eabi-gcc/libdriver.a(timer.o)
                0x0000f6cc                TimerEnable
 .text.TimerDisable
                0x0000f6dc       0x14 ../Common/drivers/LuminaryMicro/arm-none-eabi-gcc/libdriver.a(timer.o)
                0x0000f6dc                TimerDisable
 .text.TimerConfigure
                0x0000f6f0       0x20 ../Common/drivers/LuminaryMicro/arm-none-eabi-gcc/libdriver.a(timer.o)
                0x0000f6f0                TimerConfigure
 .text.TimerControlLevel
                0x0000f710       0x28 ../Common/drivers/LuminaryMicro/arm-none-eabi-gcc/libdriver.a(timer.o)
                0x0000f710                TimerControlLevel
 .text.TimerControlTrigger
                0x0000f738       0x28 ../Common/drivers/LuminaryMicro/arm-none-eabi-gcc/libdriver.a(timer.o)
                0x0000f738                TimerControlTrigger
 .text.TimerControlEvent
                0x0000f760       0x20 ../Common/drivers/LuminaryMicro/arm-none-eabi-gcc/libdriver.a(timer.o)
                0x0000f760                TimerControlEvent
 .text.TimerControlStall
                0x0000f780       0x28 ../Common/drivers/LuminaryMicro/arm-none-eabi-gcc/libdriver.a(timer.o)
                0x0000f780                TimerControlStall
 .text.TimerRTCEnable
                0x0000f7a8        0xc ../Common/drivers/LuminaryMicro/arm-none-eabi-gcc/libdriver.a(timer.o)
                0x0000f7a8                TimerRTCEnable
 .text.TimerRTCDisable
                0x0000f7b4        0xc ../Common/drivers/LuminaryMicro/arm-none-eabi-gcc/libdriver.a(timer.o)
                0x0000f7b4                TimerRTCDisable
 .text.TimerPrescaleSet
                0x0000f7c0       0x14 ../Common/drivers/LuminaryMicro/arm-none-eabi-gcc/libdriver.a(timer.o)
                0x0000f7c0                TimerPrescaleSet
 .text.TimerPrescaleGet
                0x0000f7d4        0xc ../Common/drivers/LuminaryMicro/arm-none-eabi-gcc/libdriver.a(timer.o)
                0x0000f7d4                TimerPrescaleGet
 .text.TimerLoadSet
                0x0000f7e0       0x14 ../Common/drivers/LuminaryMicro/arm-none-eabi-gcc/libdriver.a(timer.o)
                0x0000f7e0                TimerLoadSet
 .text.TimerLoadGet
                0x0000f7f4        0xc ../Common/drivers/LuminaryMicro/arm-none-eabi-gcc/libdriver.a(timer.o)
                0x0000f7f4                TimerLoadGet
 .text.TimerValueGet
                0x0000f800        0xc ../Common/drivers/LuminaryMicro/arm-none-eabi-gcc/libdriver.a(timer.o)
                0x0000f800                TimerValueGet
 .text.TimerMatchSet
                0x0000f80c       0x14 ../Common/drivers/LuminaryMicro/arm-none-eabi-gcc/libdriver.a(timer.o)
                0x0000f80c                TimerMatchSet
 .text.TimerMatchGet
                0x0000f820        0xc ../Common/drivers/LuminaryMicro/arm-none-eabi-gcc/libdriver.a(timer.o)
                0x0000f820                TimerMatchGet
 .text.TimerIntEnable
                0x0000f82c        0x8 ../Common/drivers/LuminaryMicro/arm-none-eabi-gcc/libdriver.a(timer.o)
                0x0000f82c                TimerIntEnable
 .text.TimerIntDisable
                0x0000f834        0xc ../Common/drivers/LuminaryMicro/arm-none-eabi-gcc/libdriver.a(timer.o)
                0x0000f834                TimerIntDisable
 .text.TimerIntStatus
                0x0000f840        0xc ../Common/drivers/LuminaryMicro/arm-none-eabi-gcc/libdriver.a(timer.o)
                0x0000f840                TimerIntStatus
 .text.TimerIntClear
                0x0000f84c        0x4 ../Common/drivers/LuminaryMicro/arm-none-eabi-gcc/libdriver.a(timer.o)
                0x0000f84c                TimerIntClear
 .text.TimerIntUnregister
                0x0000f850       0x58 ../Common/drivers/LuminaryMicro/arm-none-eabi-gcc/libdriver.a(timer.o)
                0x0000f850                TimerIntUnregister
 .text.TimerQuiesce
                0x0000f8a8       0x44 ../Common/drivers/LuminaryMicro/arm-none-eabi-gcc/libdriver.a(timer.o)
                0x0000f8a8                TimerQuiesce
 .text.TimerIntRegister
                0x0000f8ec       0x60 ../Common/drivers/LuminaryMicro/arm-none-eabi-gcc/libdriver.a(timer.o)
                0x0000f8ec                TimerIntRegister
 .text          0x0000f94c       0x14 ../Common/drivers/LuminaryMicro/arm-none-eabi-gcc/libdriver.a(cpu.o)
                0x0000f94c                CPUcpsid
                0x0000f95c                CPUwfi
                0x0000f954                CPUcpsie
 .text          0x0000f960        0x0 ../Common/drivers/LuminaryMicro/arm-none-eabi-gcc/libgr.a(context.o)
 .text.GrContextInit
                0x0000f960       0x24 ../Common/drivers/LuminaryMicro/arm-none-eabi-gcc/libgr.a(context.o)
                0x0000f960                GrContextInit
 .text.GrContextClipRegionSet
                0x0000f984       0x88 ../Common/drivers/LuminaryMicro/arm-none-eabi-gcc/libgr.a(context.o)
                0x0000f984                GrContextClipRegionSet
 .text          0x0000fa0c        0x0 ../Common/drivers/LuminaryMicro/arm-none-eabi-gcc/libgr.a(fontcmss12.o)
 .text          0x0000fa0c        0x0 ../Common/drivers/LuminaryMicro/arm-none-eabi-gcc/libgr.a(image.o)
 .text.GrImageDraw
                0x0000fa0c      0x37c ../Common/drivers/LuminaryMicro/arm-none-eabi-gcc/libgr.a(image.o)
                0x0000fa0c                GrImageDraw
 .text          0x0000fd88        0x0 ../Common/drivers/LuminaryMicro/arm-none-eabi-gcc/libgr.a(rectangle.o)
 .text.GrRectFill
                0x0000fd88       0xb4 ../Common/drivers/LuminaryMicro/arm-none-eabi-gcc/libgr.a(rectangle.o)
                0x0000fd88                GrRectFill
 .text.GrRectDraw
                0x0000fe3c       0x64 ../Common/drivers/LuminaryMicro/arm-none-eabi-gcc/libgr.a(rectangle.o)
                0x0000fe3c                GrRectDraw
 .text          0x0000fea0        0x0 ../Common/drivers/LuminaryMicro/arm-none-eabi-gcc/libgr.a(string.o)
 .text.GrStringWidthGet
                0x0000fea0       0x58 ../Common/drivers/LuminaryMicro/arm-none-eabi-gcc/libgr.a(string.o)
                0x0000fea0                GrStringWidthGet
 .text.GrStringDraw
                0x0000fef8      0x34c ../Common/drivers/LuminaryMicro/arm-none-eabi-gcc/libgr.a(string.o)
                0x0000fef8                GrStringDraw
 .text          0x00010244        0x0 ../Common/drivers/LuminaryMicro/arm-none-eabi-gcc/libgr.a(line.o)
 .text.GrLineDrawH
                0x00010244       0x58 ../Common/drivers/LuminaryMicro/arm-none-eabi-gcc/libgr.a(line.o)
                0x00010244                GrLineDrawH
 .text.GrLineDrawV
                0x0001029c       0x58 ../Common/drivers/LuminaryMicro/arm-none-eabi-gcc/libgr.a(line.o)
                0x0001029c                GrLineDrawV
 .text.GrClipCodeGet
                0x000102f4       0x38 ../Common/drivers/LuminaryMicro/arm-none-eabi-gcc/libgr.a(line.o)
 .text.GrLineDraw
                0x0001032c      0x19c ../Common/drivers/LuminaryMicro/arm-none-eabi-gcc/libgr.a(line.o)
                0x0001032c                GrLineDraw
 .text          0x000104c8       0x60 /home/anzinger/openocd/arm-2009q1/bin/../lib/gcc/arm-none-eabi/4.3.3/../../../../arm-none-eabi/lib/thumb2/libc.a(lib_a-memcmp.o)
                0x000104c8                memcmp
 .text          0x00010528      0x12c /home/anzinger/openocd/arm-2009q1/bin/../lib/gcc/arm-none-eabi/4.3.3/../../../../arm-none-eabi/lib/thumb2/libc.a(lib_a-memcpy.o)
                0x00010528                memcpy
 .text          0x00010654       0xb0 /home/anzinger/openocd/arm-2009q1/bin/../lib/gcc/arm-none-eabi/4.3.3/../../../../arm-none-eabi/lib/thumb2/libc.a(lib_a-memset.o)
                0x00010654                memset
 .text          0x00010704       0x48 /home/anzinger/openocd/arm-2009q1/bin/../lib/gcc/arm-none-eabi/4.3.3/../../../../arm-none-eabi/lib/thumb2/libc.a(lib_a-strcat.o)
                0x00010704                strcat
 .text          0x0001074c       0xa8 /home/anzinger/openocd/arm-2009q1/bin/../lib/gcc/arm-none-eabi/4.3.3/../../../../arm-none-eabi/lib/thumb2/libc.a(lib_a-strchr.o)
                0x0001074c                strchr
 .text          0x000107f4       0xbc /home/anzinger/openocd/arm-2009q1/bin/../lib/gcc/arm-none-eabi/4.3.3/../../../../arm-none-eabi/lib/thumb2/libc.a(lib_a-strcpy.o)
                0x000107f4                strcpy
 .text          0x000108b0       0x60 /home/anzinger/openocd/arm-2009q1/bin/../lib/gcc/arm-none-eabi/4.3.3/../../../../arm-none-eabi/lib/thumb2/libc.a(lib_a-strlen.o)
                0x000108b0                strlen
 .text          0x00010910       0x88 /home/anzinger/openocd/arm-2009q1/bin/../lib/gcc/arm-none-eabi/4.3.3/../../../../arm-none-eabi/lib/thumb2/libc.a(lib_a-strncmp.o)
                0x00010910                strncmp
 .text          0x00010998       0x80 /home/anzinger/openocd/arm-2009q1/bin/../lib/gcc/arm-none-eabi/4.3.3/../../../../arm-none-eabi/lib/thumb2/libc.a(lib_a-strncpy.o)
                0x00010998                strncpy
 .text          0x00010a18       0x2c /home/anzinger/openocd/arm-2009q1/bin/../lib/gcc/arm-none-eabi/4.3.3/../../../../arm-none-eabi/lib/thumb2/libc.a(lib_a-strrchr.o)
                0x00010a18                strrchr
 .text          0x00010a44      0x570 /home/anzinger/openocd/arm-2009q1/bin/../lib/gcc/arm-none-eabi/4.3.3/../../../../arm-none-eabi/lib/thumb2/libc.a(lib_a-strstr.o)
                0x00010d74                strstr
 .text          0x00010fb4       0x7c /home/anzinger/openocd/arm-2009q1/bin/../lib/gcc/arm-none-eabi/4.3.3/../../../../arm-none-eabi/lib/thumb2/libc.a(lib_a-memchr.o)
                0x00010fb4                memchr
 *(.rodata*)
 .rodata.pucBasicBitmap
                0x00011030      0xc81 main.o
                0x00011030                pucBasicBitmap
 .rodata.pucGrLibBitmap
                0x00011cb1      0x6a7 main.o
                0x00011cb1                pucGrLibBitmap
 .rodata        0x00012358      0x138 main.o
 .rodata.pcWelcomeMessage
                0x00012490        0x4 main.o
                0x00012490                pcWelcomeMessage
 .rodata.g_pucRIT128x96x4VerticalInc
                0x00012494        0x2 rit128x96x4.o
 .rodata.g_pucRIT128x96x4HorizontalInc
                0x00012496        0x2 rit128x96x4.o
 .rodata.g_pucFont
                0x00012498      0x1e0 rit128x96x4.o
 .rodata.g_pucRIT128x96x4Init
                0x00012678       0x4f rit128x96x4.o
 .rodata.pucCommand2.1541
                0x000126c7        0x3 rit128x96x4.o
 .rodata.pucCommand1.1540
                0x000126ca        0x3 rit128x96x4.o
 .rodata.pucCommand1.1725
                0x000126cd        0x2 rit128x96x4.o
 .rodata.g_pucOSRAM128x64x4VerticalInc
                0x000126cf        0x2 osram128x64x4.o
 .rodata.g_pucOSRAM128x64x4HorizontalInc
                0x000126d1        0x2 osram128x64x4.o
 .rodata.g_pucFont
                0x000126d3      0x1e0 osram128x64x4.o
 .rodata.g_pucOSRAM128x64x4Init
                0x000128b3       0x4e osram128x64x4.o
 .rodata.pucCommand2.1528
                0x00012901        0x3 osram128x64x4.o
 .rodata.pucCommand1.1527
                0x00012904        0x3 osram128x64x4.o
 .rodata.pucCommand1.1685
                0x00012907        0x3 osram128x64x4.o
 *fill*         0x0001290a        0x2 00
 .rodata.g_sFormike128x128x16
                0x0001290c       0x28 formike128x128x16.o
                0x0001290c                g_sFormike128x128x16
 .rodata.xRectangle.2311
                0x00012934        0x8 formike128x128x16.o
 .rodata        0x0001293c       0x14 formike128x128x16.o
 .rodata        0x00012950       0x1c ../Common/drivers/LuminaryMicro/ustdlib.o
 .rodata.g_pcHex
                0x0001296c        0x4 ../Common/drivers/LuminaryMicro/ustdlib.o
 .rodata        0x00012970       0x30 ../Common/Minimal/BlockQ.o
 .rodata        0x000129a0       0x24 ../Common/Minimal/blocktim.o
 .rodata.uxMaxNumberOfExtraTasksRunning
                0x000129c4        0x4 ../Common/Minimal/death.o
 .rodata        0x000129c8       0x18 ../Common/Minimal/death.o
 .rodata        0x000129e0        0x8 ../Common/Minimal/integer.o
 .rodata        0x000129e8       0x20 ../Common/Minimal/PollQ.o
 .rodata        0x00012a08       0x40 ../Common/Minimal/semtest.o
 .rodata        0x00012a48       0x40 ../Common/Minimal/GenQTest.o
 .rodata        0x00012a88       0x34 ../Common/Minimal/QPeek.o
 .rodata        0x00012abc       0x28 ../Common/Minimal/recmutex.o
 .rodata        0x00012ae4       0x40 ../Common/Minimal/IntQueue.o
 .rodata        0x00012b24       0x10 ./webserver/uIP_Task.o
 .rodata        0x00012b34        0x4 ./webserver/emac.o
 .rodata        0x00012b38      0x154 ./webserver/httpd-cgi.o
 .rodata.file   0x00012c8c        0x8 ./webserver/httpd-cgi.o
 .rodata.tcp    0x00012c94        0x8 ./webserver/httpd-cgi.o
 .rodata.net    0x00012c9c        0x8 ./webserver/httpd-cgi.o
 .rodata.rtos   0x00012ca4        0x8 ./webserver/httpd-cgi.o
 .rodata.run    0x00012cac        0x8 ./webserver/httpd-cgi.o
 .rodata.io     0x00012cb4        0x8 ./webserver/httpd-cgi.o
 .rodata.closed
                0x00012cbc        0x7 ./webserver/httpd-cgi.o
 .rodata.syn_rcvd
                0x00012cc3        0x9 ./webserver/httpd-cgi.o
 .rodata.syn_sent
                0x00012ccc        0x9 ./webserver/httpd-cgi.o
 .rodata.established
                0x00012cd5        0xc ./webserver/httpd-cgi.o
 .rodata.fin_wait_1
                0x00012ce1        0xb ./webserver/httpd-cgi.o
 .rodata.fin_wait_2
                0x00012cec        0xb ./webserver/httpd-cgi.o
 .rodata.closing
                0x00012cf7        0x8 ./webserver/httpd-cgi.o
 .rodata.time_wait
                0x00012cff        0xa ./webserver/httpd-cgi.o
 .rodata.last_ack
                0x00012d09        0x9 ./webserver/httpd-cgi.o
 .rodata.data_404_html
                0x00012d12       0xab ./webserver/httpd-fs.o
 .rodata.data_index_html
                0x00012dbd      0x1a4 ./webserver/httpd-fs.o
 .rodata.data_index_shtml
                0x00012f61      0x347 ./webserver/httpd-fs.o
 .rodata.data_io_shtml
                0x000132a8      0x32f ./webserver/httpd-fs.o
 .rodata.data_runtime_shtml
                0x000135d7      0x33f ./webserver/httpd-fs.o
 .rodata.data_stats_shtml
                0x00013916      0x559 ./webserver/httpd-fs.o
 .rodata.data_tcp_shtml
                0x00013e6f      0x2d8 ./webserver/httpd-fs.o
 *fill*         0x00014147        0x1 00
 .rodata.file_404_html
                0x00014148       0x14 ./webserver/httpd-fs.o
                0x00014148                file_404_html
 .rodata.file_index_html
                0x0001415c       0x14 ./webserver/httpd-fs.o
                0x0001415c                file_index_html
 .rodata.file_index_shtml
                0x00014170       0x14 ./webserver/httpd-fs.o
                0x00014170                file_index_shtml
 .rodata.file_io_shtml
                0x00014184       0x14 ./webserver/httpd-fs.o
                0x00014184                file_io_shtml
 .rodata.file_runtime_shtml
                0x00014198       0x14 ./webserver/httpd-fs.o
                0x00014198                file_runtime_shtml
 .rodata.file_stats_shtml
                0x000141ac       0x14 ./webserver/httpd-fs.o
                0x000141ac                file_stats_shtml
 .rodata.file_tcp_shtml
                0x000141c0       0x14 ./webserver/httpd-fs.o
                0x000141c0                file_tcp_shtml
 .rodata.http_http
                0x000141d4        0x8 ./webserver/http-strings.o
                0x000141d4                http_http
 .rodata.http_200
                0x000141dc        0x5 ./webserver/http-strings.o
                0x000141dc                http_200
 .rodata.http_301
                0x000141e1        0x5 ./webserver/http-strings.o
                0x000141e1                http_301
 .rodata.http_302
                0x000141e6        0x5 ./webserver/http-strings.o
                0x000141e6                http_302
 .rodata.http_get
                0x000141eb        0x5 ./webserver/http-strings.o
                0x000141eb                http_get
 .rodata.http_10
                0x000141f0        0x9 ./webserver/http-strings.o
                0x000141f0                http_10
 .rodata.http_11
                0x000141f9        0x9 ./webserver/http-strings.o
                0x000141f9                http_11
 .rodata.http_content_type
                0x00014202        0xf ./webserver/http-strings.o
                0x00014202                http_content_type
 .rodata.http_texthtml
                0x00014211        0xa ./webserver/http-strings.o
                0x00014211                http_texthtml
 .rodata.http_location
                0x0001421b        0xb ./webserver/http-strings.o
                0x0001421b                http_location
 .rodata.http_host
                0x00014226        0x7 ./webserver/http-strings.o
                0x00014226                http_host
 .rodata.http_crnl
                0x0001422d        0x3 ./webserver/http-strings.o
                0x0001422d                http_crnl
 .rodata.http_index_html
                0x00014230        0xc ./webserver/http-strings.o
                0x00014230                http_index_html
 .rodata.http_404_html
                0x0001423c        0xa ./webserver/http-strings.o
                0x0001423c                http_404_html
 .rodata.http_referer
                0x00014246        0x9 ./webserver/http-strings.o
                0x00014246                http_referer
 .rodata.http_header_200
                0x0001424f       0x54 ./webserver/http-strings.o
                0x0001424f                http_header_200
 .rodata.http_header_404
                0x000142a3       0x5b ./webserver/http-strings.o
                0x000142a3                http_header_404
 .rodata.http_content_type_plain
                0x000142fe       0x1d ./webserver/http-strings.o
                0x000142fe                http_content_type_plain
 .rodata.http_content_type_html
                0x0001431b       0x1c ./webserver/http-strings.o
                0x0001431b                http_content_type_html
 .rodata.http_content_type_css
                0x00014337       0x1b ./webserver/http-strings.o
                0x00014337                http_content_type_css
 .rodata.http_content_type_text
                0x00014352       0x1c ./webserver/http-strings.o
                0x00014352                http_content_type_text
 .rodata.http_content_type_png
                0x0001436e       0x1c ./webserver/http-strings.o
                0x0001436e                http_content_type_png
 .rodata.http_content_type_gif
                0x0001438a       0x1c ./webserver/http-strings.o
                0x0001438a                http_content_type_gif
 .rodata.http_content_type_jpg
                0x000143a6       0x1d ./webserver/http-strings.o
                0x000143a6                http_content_type_jpg
 .rodata.http_content_type_binary
                0x000143c3       0x2b ./webserver/http-strings.o
                0x000143c3                http_content_type_binary
 .rodata.http_html
                0x000143ee        0x6 ./webserver/http-strings.o
                0x000143ee                http_html
 .rodata.http_shtml
                0x000143f4        0x7 ./webserver/http-strings.o
                0x000143f4                http_shtml
 .rodata.http_htm
                0x000143fb        0x5 ./webserver/http-strings.o
                0x000143fb                http_htm
 .rodata.http_css
                0x00014400        0x5 ./webserver/http-strings.o
                0x00014400                http_css
 .rodata.http_png
                0x00014405        0x5 ./webserver/http-strings.o
                0x00014405                http_png
 .rodata.http_gif
                0x0001440a        0x5 ./webserver/http-strings.o
                0x0001440a                http_gif
 .rodata.http_jpg
                0x0001440f        0x5 ./webserver/http-strings.o
                0x0001440f                http_jpg
 .rodata.http_text
                0x00014414        0x5 ./webserver/http-strings.o
                0x00014414                http_text
 .rodata.http_txt
                0x00014419        0x5 ./webserver/http-strings.o
                0x00014419                http_txt
 .rodata.broadcast_ethaddr
                0x0001441e        0x6 ../Common/ethernet/uIP/uip-1.0/uip/uip_arp.o
 .rodata.broadcast_ipaddr
                0x00014424        0x4 ../Common/ethernet/uIP/uip-1.0/uip/uip_arp.o
 .rodata        0x00014428       0x14 ../Common/ethernet/uIP/uip-1.0/uip/psock.o
 .rodata.all_ones_addr
                0x0001443c        0x4 ../Common/ethernet/uIP/uip-1.0/uip/uip.o
 .rodata.all_zeroes_addr
                0x00014440        0x4 ../Common/ethernet/uIP/uip-1.0/uip/uip.o
 .rodata        0x00014444       0x50 ../Source/tasks.o
 .rodata.ucExpectedStackBytes.3408
                0x00014494       0x14 ../Source/tasks.o
 .rodata.ulKernelPriority
                0x000144a8        0x4 ../Source/portable/GCC/ARM_CM3/port.o
                0x000144a8                ulKernelPriority
 .rodata.heapSTRUCT_SIZE
                0x000144ac        0x2 ../Source/portable/MemMang/heap_2.o
 *fill*         0x000144ae        0x2 00
 .rodata.g_pulFMPPERegs
                0x000144b0       0x10 ../Common/drivers/LuminaryMicro/arm-none-eabi-gcc/libdriver.a(flash.o)
 .rodata.g_pulFMPRERegs
                0x000144c0       0x10 ../Common/drivers/LuminaryMicro/arm-none-eabi-gcc/libdriver.a(flash.o)
 .rodata.g_pulPriority
                0x000144d0       0x20 ../Common/drivers/LuminaryMicro/arm-none-eabi-gcc/libdriver.a(interrupt.o)
 .rodata.g_pulRegs
                0x000144f0       0x40 ../Common/drivers/LuminaryMicro/arm-none-eabi-gcc/libdriver.a(interrupt.o)
 .rodata.g_pulDCRegs
                0x00014530       0x10 ../Common/drivers/LuminaryMicro/arm-none-eabi-gcc/libdriver.a(sysctl.o)
 .rodata.g_pulXtals
                0x00014540       0x5c ../Common/drivers/LuminaryMicro/arm-none-eabi-gcc/libdriver.a(sysctl.o)
 .rodata.g_pulDCGCRegs
                0x0001459c        0xc ../Common/drivers/LuminaryMicro/arm-none-eabi-gcc/libdriver.a(sysctl.o)
 .rodata.g_pulRCGCRegs
                0x000145a8        0xc ../Common/drivers/LuminaryMicro/arm-none-eabi-gcc/libdriver.a(sysctl.o)
 .rodata.g_pulSCGCRegs
                0x000145b4        0xc ../Common/drivers/LuminaryMicro/arm-none-eabi-gcc/libdriver.a(sysctl.o)
 .rodata.g_pulSRCRRegs
                0x000145c0        0xc ../Common/drivers/LuminaryMicro/arm-none-eabi-gcc/libdriver.a(sysctl.o)
 .rodata.g_sFontCmss12
                0x000145cc       0xc8 ../Common/drivers/LuminaryMicro/arm-none-eabi-gcc/libgr.a(fontcmss12.o)
                0x000145cc                g_sFontCmss12
 .rodata.g_pucCmss12Data
                0x00014694      0x514 ../Common/drivers/LuminaryMicro/arm-none-eabi-gcc/libgr.a(fontcmss12.o)
                0x00014ba8                _etext = .

.glue_7         0x00014ba8        0x0
 .glue_7        0x00000000        0x0 linker stubs

.glue_7t        0x00014ba8        0x0
 .glue_7t       0x00000000        0x0 linker stubs

.vfp11_veneer   0x00014ba8        0x0
 .vfp11_veneer  0x00000000        0x0 linker stubs

.v4_bx          0x00014ba8        0x0
 .v4_bx         0x00000000        0x0 linker stubs

.data           0x20000000      0x154 load address 0x00014ba8
                0x20000000                _data = .
 *(vtable)
 vtable         0x20000000      0x100 ../Common/drivers/LuminaryMicro/arm-none-eabi-gcc/libdriver.a(interrupt.o)
 *(.data*)
 .data          0x20000100        0x0 main.o
 .data.xMessage.2976
                0x20000100        0x4 main.o
 .data          0x20000104        0x0 timertest.o
 .data          0x20000104        0x0 rit128x96x4.o
 .data          0x20000104        0x0 osram128x64x4.o
 .data          0x20000104        0x0 formike128x128x16.o
 .data          0x20000104        0x0 ./ParTest/ParTest.o
 .data          0x20000104        0x0 ../Common/drivers/LuminaryMicro/ustdlib.o
 .data          0x20000104        0x0 ../Common/Minimal/BlockQ.o
 .data          0x20000104        0x0 ../Common/Minimal/blocktim.o
 .data          0x20000104        0x0 ../Common/Minimal/death.o
 .data.usLastCreationCount.1977
                0x20000104        0x2 ../Common/Minimal/death.o
 .data          0x20000106        0x0 ../Common/Minimal/integer.o
 .data          0x20000106        0x0 ../Common/Minimal/PollQ.o
 .data          0x20000106        0x0 ../Common/Minimal/semtest.o
 .data          0x20000106        0x0 ../Common/Minimal/GenQTest.o
 .data          0x20000106        0x0 ../Common/Minimal/QPeek.o
 .data          0x20000106        0x0 ../Common/Minimal/recmutex.o
 .data          0x20000106        0x0 ../Common/Minimal/IntQueue.o
 *fill*         0x20000106        0x2 00
 .data.xErrorStatus
                0x20000108        0x4 ../Common/Minimal/IntQueue.o
 .data          0x2000010c        0x0 ./IntQueueTimer.o
 .data          0x2000010c        0x0 ./webserver/uIP_Task.o
 .data          0x2000010c        0x0 ./webserver/emac.o
 .data          0x2000010c        0x0 ./webserver/httpd.o
 .data          0x2000010c        0x0 ./webserver/httpd-cgi.o
 .data.calls    0x2000010c       0x1c ./webserver/httpd-cgi.o
 .data.states   0x20000128       0x24 ./webserver/httpd-cgi.o
 .data          0x2000014c        0x0 ./webserver/httpd-fs.o
 .data          0x2000014c        0x0 ./webserver/http-strings.o
 .data          0x2000014c        0x0 ../Common/ethernet/uIP/uip-1.0/uip/uip_arp.o
 .data          0x2000014c        0x0 ../Common/ethernet/uIP/uip-1.0/uip/psock.o
 .data          0x2000014c        0x0 ../Common/ethernet/uIP/uip-1.0/uip/timer.o
 .data          0x2000014c        0x0 ../Common/ethernet/uIP/uip-1.0/uip/uip.o
 .data          0x2000014c        0x0 ../Source/list.o
 .data          0x2000014c        0x0 ../Source/queue.o
 .data          0x2000014c        0x0 ../Source/tasks.o
 .data.uxPreviousTask
                0x2000014c        0x4 ../Source/tasks.o
 .data          0x20000150        0x0 ../Source/portable/GCC/ARM_CM3/port.o
 .data.uxCriticalNesting
                0x20000150        0x4 ../Source/portable/GCC/ARM_CM3/port.o
 .data          0x20000154        0x0 ../Source/portable/MemMang/heap_2.o
 .data          0x20000154        0x0 startup.o
 .data          0x20000154        0x0 ../Common/drivers/LuminaryMicro/arm-none-eabi-gcc/libdriver.a(ethernet.o)
 .data          0x20000154        0x0 ../Common/drivers/LuminaryMicro/arm-none-eabi-gcc/libdriver.a(flash.o)
 .data          0x20000154        0x0 ../Common/drivers/LuminaryMicro/arm-none-eabi-gcc/libdriver.a(gpio.o)
 .data          0x20000154        0x0 ../Common/drivers/LuminaryMicro/arm-none-eabi-gcc/libdriver.a(interrupt.o)
 .data          0x20000154        0x0 ../Common/drivers/LuminaryMicro/arm-none-eabi-gcc/libdriver.a(ssi.o)
 .data          0x20000154        0x0 ../Common/drivers/LuminaryMicro/arm-none-eabi-gcc/libdriver.a(sysctl.o)
 .data          0x20000154        0x0 ../Common/drivers/LuminaryMicro/arm-none-eabi-gcc/libdriver.a(timer.o)
 .data          0x20000154        0x0 ../Common/drivers/LuminaryMicro/arm-none-eabi-gcc/libdriver.a(cpu.o)
 .data          0x20000154        0x0 ../Common/drivers/LuminaryMicro/arm-none-eabi-gcc/libgr.a(context.o)
 .data          0x20000154        0x0 ../Common/drivers/LuminaryMicro/arm-none-eabi-gcc/libgr.a(fontcmss12.o)
 .data          0x20000154        0x0 ../Common/drivers/LuminaryMicro/arm-none-eabi-gcc/libgr.a(image.o)
 .data          0x20000154        0x0 ../Common/drivers/LuminaryMicro/arm-none-eabi-gcc/libgr.a(rectangle.o)
 .data          0x20000154        0x0 ../Common/drivers/LuminaryMicro/arm-none-eabi-gcc/libgr.a(string.o)
 .data          0x20000154        0x0 ../Common/drivers/LuminaryMicro/arm-none-eabi-gcc/libgr.a(line.o)
 .data          0x20000154        0x0 /home/anzinger/openocd/arm-2009q1/bin/../lib/gcc/arm-none-eabi/4.3.3/../../../../arm-none-eabi/lib/thumb2/libc.a(lib_a-memcmp.o)
 .data          0x20000154        0x0 /home/anzinger/openocd/arm-2009q1/bin/../lib/gcc/arm-none-eabi/4.3.3/../../../../arm-none-eabi/lib/thumb2/libc.a(lib_a-memcpy.o)
 .data          0x20000154        0x0 /home/anzinger/openocd/arm-2009q1/bin/../lib/gcc/arm-none-eabi/4.3.3/../../../../arm-none-eabi/lib/thumb2/libc.a(lib_a-memset.o)
 .data          0x20000154        0x0 /home/anzinger/openocd/arm-2009q1/bin/../lib/gcc/arm-none-eabi/4.3.3/../../../../arm-none-eabi/lib/thumb2/libc.a(lib_a-strcat.o)
 .data          0x20000154        0x0 /home/anzinger/openocd/arm-2009q1/bin/../lib/gcc/arm-none-eabi/4.3.3/../../../../arm-none-eabi/lib/thumb2/libc.a(lib_a-strchr.o)
 .data          0x20000154        0x0 /home/anzinger/openocd/arm-2009q1/bin/../lib/gcc/arm-none-eabi/4.3.3/../../../../arm-none-eabi/lib/thumb2/libc.a(lib_a-strcpy.o)
 .data          0x20000154        0x0 /home/anzinger/openocd/arm-2009q1/bin/../lib/gcc/arm-none-eabi/4.3.3/../../../../arm-none-eabi/lib/thumb2/libc.a(lib_a-strlen.o)
 .data          0x20000154        0x0 /home/anzinger/openocd/arm-2009q1/bin/../lib/gcc/arm-none-eabi/4.3.3/../../../../arm-none-eabi/lib/thumb2/libc.a(lib_a-strncmp.o)
 .data          0x20000154        0x0 /home/anzinger/openocd/arm-2009q1/bin/../lib/gcc/arm-none-eabi/4.3.3/../../../../arm-none-eabi/lib/thumb2/libc.a(lib_a-strncpy.o)
 .data          0x20000154        0x0 /home/anzinger/openocd/arm-2009q1/bin/../lib/gcc/arm-none-eabi/4.3.3/../../../../arm-none-eabi/lib/thumb2/libc.a(lib_a-strrchr.o)
 .data          0x20000154        0x0 /home/anzinger/openocd/arm-2009q1/bin/../lib/gcc/arm-none-eabi/4.3.3/../../../../arm-none-eabi/lib/thumb2/libc.a(lib_a-strstr.o)
 .data          0x20000154        0x0 /home/anzinger/openocd/arm-2009q1/bin/../lib/gcc/arm-none-eabi/4.3.3/../../../../arm-none-eabi/lib/thumb2/libc.a(lib_a-memchr.o)
                0x20000154                _edata = .

.bss            0x20000154     0xa3d0 load address 0x00014cfc
                0x20000154                _bss = .
 *(.bss*)
 .bss           0x20000154        0x0 main.o
 .bss.ulIdleError
                0x20000154        0x4 main.o
                0x20000154                ulIdleError