Archive member included because of file (symbol)

../external/drivers/lm3s8962/driverlib/arm-none-eabi-gcc/libdriver.a(can.o)
                              can_test_slave.o (CANMessageSet)
../external/drivers/lm3s8962/driverlib/arm-none-eabi-gcc/libdriver.a(gpio.o)
                              rit128x96x4.o (GPIOPadConfigSet)
../external/drivers/lm3s8962/driverlib/arm-none-eabi-gcc/libdriver.a(interrupt.o)
                              ../external/drivers/lm3s8962/driverlib/arm-none-eabi-gcc/libdriver.a(can.o) (IntRegister)
../external/drivers/lm3s8962/driverlib/arm-none-eabi-gcc/libdriver.a(ssi.o)
                              rit128x96x4.o (SSIConfigSetExpClk)
../external/drivers/lm3s8962/driverlib/arm-none-eabi-gcc/libdriver.a(sysctl.o)
                              rit128x96x4.o (SysCtlPeripheralPresent)
../external/drivers/lm3s8962/driverlib/arm-none-eabi-gcc/libdriver.a(cpu.o)
                              ../external/drivers/lm3s8962/driverlib/arm-none-eabi-gcc/libdriver.a(interrupt.o) (CPUcpsid)

Memory Configuration

Name             Origin             Length             Attributes
FLASH            0x00000000         0x00040000         xr
SRAM             0x20000000         0x00010000         xrw
*default*        0x00000000         0xffffffff

Linker script and memory map

LOAD can_test_slave.o
LOAD rit128x96x4.o
LOAD startup.o
LOAD ../external/drivers/lm3s8962/driverlib/arm-none-eabi-gcc/libdriver.a
LOAD ../external/drivers/lm3s8962/driverlib/arm-none-eabi-gcc/libgr.a
START GROUP
LOAD /opt/arm/arm-2009q1/bin/../lib/gcc/arm-none-eabi/4.3.3/thumb2/libgcc.a
LOAD /opt/arm/arm-2009q1/bin/../lib/gcc/arm-none-eabi/4.3.3/../../../../arm-none-eabi/lib/thumb2/libc.a
END GROUP

.text           0x00000000     0x24a4
 *(.isr_vector)
 .isr_vector    0x00000000       0xf0 startup.o
                0x00000000                g_pfnVectors
 *(.text*)
 .text          0x000000f0        0x0 can_test_slave.o
 .text.main     0x000000f0      0x190 can_test_slave.o
                0x000000f0                main
 .text          0x00000280        0x0 rit128x96x4.o
 .text.RITWriteCommand
                0x00000280       0x84 rit128x96x4.o
 .text.RITWriteData
                0x00000304       0x8c rit128x96x4.o
 .text.RIT128x96x4Clear
                0x00000390       0x94 rit128x96x4.o
                0x00000390                RIT128x96x4Clear
 .text.RIT128x96x4StringDraw
                0x00000424      0x1e0 rit128x96x4.o
                0x00000424                RIT128x96x4StringDraw
 .text.RIT128x96x4ImageDraw
                0x00000604       0xec rit128x96x4.o
                0x00000604                RIT128x96x4ImageDraw
 .text.RIT128x96x4Enable
                0x000006f0       0x9c rit128x96x4.o
                0x000006f0                RIT128x96x4Enable
 .text.RIT128x96x4Disable
                0x0000078c       0x7c rit128x96x4.o
                0x0000078c                RIT128x96x4Disable
 .text.RIT128x96x4Init
                0x00000808      0x208 rit128x96x4.o
                0x00000808                RIT128x96x4Init
 .text.RIT128x96x4DisplayOn
                0x00000a10       0x60 rit128x96x4.o
                0x00000a10                RIT128x96x4DisplayOn
 .text.RIT128x96x4DisplayOff
                0x00000a70       0x18 rit128x96x4.o
                0x00000a70                RIT128x96x4DisplayOff
 .text          0x00000a88        0x0 startup.o
 .text.NmiSR    0x00000a88        0x4 startup.o
 .text.FaultISR
                0x00000a8c        0x4 startup.o
 .text.IntDefaultHandler
                0x00000a90        0x4 startup.o
 .text.ResetISR
                0x00000a94       0x60 startup.o
                0x00000a94                ResetISR
 .text          0x00000af4        0x0 ../external/drivers/lm3s8962/driverlib/arm-none-eabi-gcc/libdriver.a(can.o)
 .text.CANWriteReg
                0x00000af4       0x20 ../external/drivers/lm3s8962/driverlib/arm-none-eabi-gcc/libdriver.a(can.o)
                0x00000af4                CANWriteReg
 .text.CANWriteDataReg
                0x00000b14       0x48 ../external/drivers/lm3s8962/driverlib/arm-none-eabi-gcc/libdriver.a(can.o)
                0x00000b14                CANWriteDataReg
 .text.CANGetIntNumber
                0x00000b5c       0x30 ../external/drivers/lm3s8962/driverlib/arm-none-eabi-gcc/libdriver.a(can.o)
                0x00000b5c                CANGetIntNumber
 .text.CANIntUnregister
                0x00000b8c       0x14 ../external/drivers/lm3s8962/driverlib/arm-none-eabi-gcc/libdriver.a(can.o)
                0x00000b8c                CANIntUnregister
 .text.CANIntRegister
                0x00000ba0       0x18 ../external/drivers/lm3s8962/driverlib/arm-none-eabi-gcc/libdriver.a(can.o)
                0x00000ba0                CANIntRegister
 .text.CANReadReg
                0x00000bb8       0x58 ../external/drivers/lm3s8962/driverlib/arm-none-eabi-gcc/libdriver.a(can.o)
                0x00000bb8                CANReadReg
 .text.CANMessageClear
                0x00000c10       0x44 ../external/drivers/lm3s8962/driverlib/arm-none-eabi-gcc/libdriver.a(can.o)
                0x00000c10                CANMessageClear
 .text.CANMessageSet
                0x00000c54      0x1ac ../external/drivers/lm3s8962/driverlib/arm-none-eabi-gcc/libdriver.a(can.o)
                0x00000c54                CANMessageSet
 .text.CANErrCntrGet
                0x00000e00       0x24 ../external/drivers/lm3s8962/driverlib/arm-none-eabi-gcc/libdriver.a(can.o)
                0x00000e00                CANErrCntrGet
 .text.CANStatusGet
                0x00000e24       0x74 ../external/drivers/lm3s8962/driverlib/arm-none-eabi-gcc/libdriver.a(can.o)
                0x00000e24                CANStatusGet
 .text.CANRetryGet
                0x00000e98       0x14 ../external/drivers/lm3s8962/driverlib/arm-none-eabi-gcc/libdriver.a(can.o)
                0x00000e98                CANRetryGet
 .text.CANRetrySet
                0x00000eac       0x20 ../external/drivers/lm3s8962/driverlib/arm-none-eabi-gcc/libdriver.a(can.o)
                0x00000eac                CANRetrySet
 .text.CANIntClear
                0x00000ecc       0x48 ../external/drivers/lm3s8962/driverlib/arm-none-eabi-gcc/libdriver.a(can.o)
                0x00000ecc                CANIntClear
 .text.CANIntStatus
                0x00000f14       0x30 ../external/drivers/lm3s8962/driverlib/arm-none-eabi-gcc/libdriver.a(can.o)
                0x00000f14                CANIntStatus
 .text.CANIntDisable
                0x00000f44       0x18 ../external/drivers/lm3s8962/driverlib/arm-none-eabi-gcc/libdriver.a(can.o)
                0x00000f44                CANIntDisable
 .text.CANIntEnable
                0x00000f5c       0x18 ../external/drivers/lm3s8962/driverlib/arm-none-eabi-gcc/libdriver.a(can.o)
                0x00000f5c                CANIntEnable
 .text.CANSetBitTiming
                0x00000f74       0x78 ../external/drivers/lm3s8962/driverlib/arm-none-eabi-gcc/libdriver.a(can.o)
                0x00000f74                CANSetBitTiming
 .text.CANGetBitTiming
                0x00000fec       0x48 ../external/drivers/lm3s8962/driverlib/arm-none-eabi-gcc/libdriver.a(can.o)
                0x00000fec                CANGetBitTiming
 .text.CANDisable
                0x00001034       0x14 ../external/drivers/lm3s8962/driverlib/arm-none-eabi-gcc/libdriver.a(can.o)
                0x00001034                CANDisable
 .text.CANEnable
                0x00001048       0x14 ../external/drivers/lm3s8962/driverlib/arm-none-eabi-gcc/libdriver.a(can.o)
                0x00001048                CANEnable
 .text.CANInit  0x0000105c       0x88 ../external/drivers/lm3s8962/driverlib/arm-none-eabi-gcc/libdriver.a(can.o)
                0x0000105c                CANInit
 .text.CANReadDataReg
                0x000010e4       0x30 ../external/drivers/lm3s8962/driverlib/arm-none-eabi-gcc/libdriver.a(can.o)
                0x000010e4                CANReadDataReg
 .text.CANMessageGet
                0x00001114      0x18c ../external/drivers/lm3s8962/driverlib/arm-none-eabi-gcc/libdriver.a(can.o)
                0x00001114                CANMessageGet
 .text          0x000012a0        0x0 ../external/drivers/lm3s8962/driverlib/arm-none-eabi-gcc/libdriver.a(gpio.o)
 .text.GPIOGetIntNumber
                0x000012a0       0xa4 ../external/drivers/lm3s8962/driverlib/arm-none-eabi-gcc/libdriver.a(gpio.o)
 .text.GPIODirModeSet
                0x00001344       0x44 ../external/drivers/lm3s8962/driverlib/arm-none-eabi-gcc/libdriver.a(gpio.o)
                0x00001344                GPIODirModeSet
 .text.GPIODirModeGet
                0x00001388       0x20 ../external/drivers/lm3s8962/driverlib/arm-none-eabi-gcc/libdriver.a(gpio.o)
                0x00001388                GPIODirModeGet
 .text.GPIOIntTypeSet
                0x000013a8       0x70 ../external/drivers/lm3s8962/driverlib/arm-none-eabi-gcc/libdriver.a(gpio.o)
                0x000013a8                GPIOIntTypeSet
 .text.GPIOIntTypeGet
                0x00001418       0x30 ../external/drivers/lm3s8962/driverlib/arm-none-eabi-gcc/libdriver.a(gpio.o)
                0x00001418                GPIOIntTypeGet
 .text.GPIOPadConfigSet
                0x00001448      0x130 ../external/drivers/lm3s8962/driverlib/arm-none-eabi-gcc/libdriver.a(gpio.o)
                0x00001448                GPIOPadConfigSet
 .text.GPIOPadConfigGet
                0x00001578       0x78 ../external/drivers/lm3s8962/driverlib/arm-none-eabi-gcc/libdriver.a(gpio.o)
                0x00001578                GPIOPadConfigGet
 .text.GPIOPinIntEnable
                0x000015f0        0xc ../external/drivers/lm3s8962/driverlib/arm-none-eabi-gcc/libdriver.a(gpio.o)
                0x000015f0                GPIOPinIntEnable
 .text.GPIOPinIntDisable
                0x000015fc       0x10 ../external/drivers/lm3s8962/driverlib/arm-none-eabi-gcc/libdriver.a(gpio.o)
                0x000015fc                GPIOPinIntDisable
 .text.GPIOPinIntStatus
                0x0000160c       0x10 ../external/drivers/lm3s8962/driverlib/arm-none-eabi-gcc/libdriver.a(gpio.o)
                0x0000160c                GPIOPinIntStatus
 .text.GPIOPinIntClear
                0x0000161c        0x8 ../external/drivers/lm3s8962/driverlib/arm-none-eabi-gcc/libdriver.a(gpio.o)
                0x0000161c                GPIOPinIntClear
 .text.GPIOPinRead
                0x00001624        0x8 ../external/drivers/lm3s8962/driverlib/arm-none-eabi-gcc/libdriver.a(gpio.o)
                0x00001624                GPIOPinRead
 .text.GPIOPinWrite
                0x0000162c        0x8 ../external/drivers/lm3s8962/driverlib/arm-none-eabi-gcc/libdriver.a(gpio.o)
                0x0000162c                GPIOPinWrite
 .text.GPIOPinTypeADC
                0x00001634       0x1c ../external/drivers/lm3s8962/driverlib/arm-none-eabi-gcc/libdriver.a(gpio.o)
                0x00001634                GPIOPinTypeADC
 .text.GPIOPinTypeCAN
                0x00001650       0x1c ../external/drivers/lm3s8962/driverlib/arm-none-eabi-gcc/libdriver.a(gpio.o)
                0x00001650                GPIOPinTypeCAN
 .text.GPIOPinTypeComparator
                0x0000166c       0x1c ../external/drivers/lm3s8962/driverlib/arm-none-eabi-gcc/libdriver.a(gpio.o)
                0x0000166c                GPIOPinTypeComparator
 .text.GPIOPinTypeGPIOInput
                0x00001688       0x1c ../external/drivers/lm3s8962/driverlib/arm-none-eabi-gcc/libdriver.a(gpio.o)
                0x00001688                GPIOPinTypeGPIOInput
 .text.GPIOPinTypeGPIOOutput
                0x000016a4       0x1c ../external/drivers/lm3s8962/driverlib/arm-none-eabi-gcc/libdriver.a(gpio.o)
                0x000016a4                GPIOPinTypeGPIOOutput
 .text.GPIOPinTypeGPIOOutputOD
                0x000016c0       0x1c ../external/drivers/lm3s8962/driverlib/arm-none-eabi-gcc/libdriver.a(gpio.o)
                0x000016c0                GPIOPinTypeGPIOOutputOD
 .text.GPIOPinTypeI2C
                0x000016dc       0x1c ../external/drivers/lm3s8962/driverlib/arm-none-eabi-gcc/libdriver.a(gpio.o)
                0x000016dc                GPIOPinTypeI2C
 .text.GPIOPinTypePWM
                0x000016f8       0x1c ../external/drivers/lm3s8962/driverlib/arm-none-eabi-gcc/libdriver.a(gpio.o)
                0x000016f8                GPIOPinTypePWM
 .text.GPIOPinTypeQEI
                0x00001714       0x1c ../external/drivers/lm3s8962/driverlib/arm-none-eabi-gcc/libdriver.a(gpio.o)
                0x00001714                GPIOPinTypeQEI
 .text.GPIOPinTypeSSI
                0x00001730       0x1c ../external/drivers/lm3s8962/driverlib/arm-none-eabi-gcc/libdriver.a(gpio.o)
                0x00001730                GPIOPinTypeSSI
 .text.GPIOPinTypeTimer
                0x0000174c       0x1c ../external/drivers/lm3s8962/driverlib/arm-none-eabi-gcc/libdriver.a(gpio.o)
                0x0000174c                GPIOPinTypeTimer
 .text.GPIOPinTypeUART
                0x00001768       0x1c ../external/drivers/lm3s8962/driverlib/arm-none-eabi-gcc/libdriver.a(gpio.o)
                0x00001768                GPIOPinTypeUART
 .text.GPIOPinTypeUSBDigital
                0x00001784       0x1c ../external/drivers/lm3s8962/driverlib/arm-none-eabi-gcc/libdriver.a(gpio.o)
                0x00001784                GPIOPinTypeUSBDigital
 .text.GPIOPortIntUnregister
                0x000017a0       0x14 ../external/drivers/lm3s8962/driverlib/arm-none-eabi-gcc/libdriver.a(gpio.o)
                0x000017a0                GPIOPortIntUnregister
 .text.GPIOPortIntRegister
                0x000017b4       0x18 ../external/drivers/lm3s8962/driverlib/arm-none-eabi-gcc/libdriver.a(gpio.o)
                0x000017b4                GPIOPortIntRegister
 .text          0x000017cc        0x0 ../external/drivers/lm3s8962/driverlib/arm-none-eabi-gcc/libdriver.a(interrupt.o)
 .text.IntDefaultHandler
                0x000017cc        0x4 ../external/drivers/lm3s8962/driverlib/arm-none-eabi-gcc/libdriver.a(interrupt.o)
 .text.IntRegister
                0x000017d0       0x3c ../external/drivers/lm3s8962/driverlib/arm-none-eabi-gcc/libdriver.a(interrupt.o)
                0x000017d0                IntRegister
 .text.IntUnregister
                0x0000180c       0x14 ../external/drivers/lm3s8962/driverlib/arm-none-eabi-gcc/libdriver.a(interrupt.o)
                0x0000180c                IntUnregister
 .text.IntPriorityGroupingSet
                0x00001820       0x1c ../external/drivers/lm3s8962/driverlib/arm-none-eabi-gcc/libdriver.a(interrupt.o)
                0x00001820                IntPriorityGroupingSet
 .text.IntPriorityGroupingGet
                0x0000183c       0x24 ../external/drivers/lm3s8962/driverlib/arm-none-eabi-gcc/libdriver.a(interrupt.o)
                0x0000183c                IntPriorityGroupingGet
 .text.IntPrioritySet
                0x00001860       0x28 ../external/drivers/lm3s8962/driverlib/arm-none-eabi-gcc/libdriver.a(interrupt.o)
                0x00001860                IntPrioritySet
 .text.IntPriorityGet
                0x00001888       0x20 ../external/drivers/lm3s8962/driverlib/arm-none-eabi-gcc/libdriver.a(interrupt.o)
                0x00001888                IntPriorityGet
 .text.IntEnable
                0x000018a8       0x74 ../external/drivers/lm3s8962/driverlib/arm-none-eabi-gcc/libdriver.a(interrupt.o)
                0x000018a8                IntEnable
 .text.IntDisable
                0x0000191c       0x74 ../external/drivers/lm3s8962/driverlib/arm-none-eabi-gcc/libdriver.a(interrupt.o)
                0x0000191c                IntDisable
 .text.IntMasterDisable
                0x00001990        0xc ../external/drivers/lm3s8962/driverlib/arm-none-eabi-gcc/libdriver.a(interrupt.o)
                0x00001990                IntMasterDisable
 .text.IntMasterEnable
                0x0000199c        0xc ../external/drivers/lm3s8962/driverlib/arm-none-eabi-gcc/libdriver.a(interrupt.o)
                0x0000199c                IntMasterEnable
 .text          0x000019a8        0x0 ../external/drivers/lm3s8962/driverlib/arm-none-eabi-gcc/libdriver.a(ssi.o)
 .text.SSIConfigSetExpClk
                0x000019a8       0x48 ../external/drivers/lm3s8962/driverlib/arm-none-eabi-gcc/libdriver.a(ssi.o)
                0x000019a8                SSIConfigSetExpClk
 .text.SSIEnable
                0x000019f0        0xc ../external/drivers/lm3s8962/driverlib/arm-none-eabi-gcc/libdriver.a(ssi.o)
                0x000019f0                SSIEnable
 .text.SSIDisable
                0x000019fc        0xc ../external/drivers/lm3s8962/driverlib/arm-none-eabi-gcc/libdriver.a(ssi.o)
                0x000019fc                SSIDisable
 .text.SSIIntEnable
                0x00001a08        0x8 ../external/drivers/lm3s8962/driverlib/arm-none-eabi-gcc/libdriver.a(ssi.o)
                0x00001a08                SSIIntEnable
 .text.SSIIntDisable
                0x00001a10        0xc ../external/drivers/lm3s8962/driverlib/arm-none-eabi-gcc/libdriver.a(ssi.o)
                0x00001a10                SSIIntDisable
 .text.SSIIntStatus
                0x00001a1c        0xc ../external/drivers/lm3s8962/driverlib/arm-none-eabi-gcc/libdriver.a(ssi.o)
                0x00001a1c                SSIIntStatus
 .text.SSIIntClear
                0x00001a28        0x4 ../external/drivers/lm3s8962/driverlib/arm-none-eabi-gcc/libdriver.a(ssi.o)
                0x00001a28                SSIIntClear
 .text.SSIDataPut
                0x00001a2c       0x10 ../external/drivers/lm3s8962/driverlib/arm-none-eabi-gcc/libdriver.a(ssi.o)
                0x00001a2c                SSIDataPut
 .text.SSIDataPutNonBlocking
                0x00001a3c       0x10 ../external/drivers/lm3s8962/driverlib/arm-none-eabi-gcc/libdriver.a(ssi.o)
                0x00001a3c                SSIDataPutNonBlocking
 .text.SSIDataGet
                0x00001a4c       0x14 ../external/drivers/lm3s8962/driverlib/arm-none-eabi-gcc/libdriver.a(ssi.o)
                0x00001a4c                SSIDataGet
 .text.SSIDataGetNonBlocking
                0x00001a60       0x14 ../external/drivers/lm3s8962/driverlib/arm-none-eabi-gcc/libdriver.a(ssi.o)
                0x00001a60                SSIDataGetNonBlocking
 .text.SSIDMAEnable
                0x00001a74        0x8 ../external/drivers/lm3s8962/driverlib/arm-none-eabi-gcc/libdriver.a(ssi.o)
                0x00001a74                SSIDMAEnable
 .text.SSIDMADisable
                0x00001a7c        0xc ../external/drivers/lm3s8962/driverlib/arm-none-eabi-gcc/libdriver.a(ssi.o)
                0x00001a7c                SSIDMADisable
 .text.SSIIntUnregister
                0x00001a88       0x20 ../external/drivers/lm3s8962/driverlib/arm-none-eabi-gcc/libdriver.a(ssi.o)
                0x00001a88                SSIIntUnregister
 .text.SSIIntRegister
                0x00001aa8       0x20 ../external/drivers/lm3s8962/driverlib/arm-none-eabi-gcc/libdriver.a(ssi.o)
                0x00001aa8                SSIIntRegister
 .text          0x00001ac8        0x0 ../external/drivers/lm3s8962/driverlib/arm-none-eabi-gcc/libdriver.a(sysctl.o)
 .text.SysCtlSRAMSizeGet
                0x00001ac8       0x14 ../external/drivers/lm3s8962/driverlib/arm-none-eabi-gcc/libdriver.a(sysctl.o)
                0x00001ac8                SysCtlSRAMSizeGet
 .text.SysCtlFlashSizeGet
                0x00001adc       0x14 ../external/drivers/lm3s8962/driverlib/arm-none-eabi-gcc/libdriver.a(sysctl.o)
                0x00001adc                SysCtlFlashSizeGet
 .text.SysCtlPinPresent
                0x00001af0       0x14 ../external/drivers/lm3s8962/driverlib/arm-none-eabi-gcc/libdriver.a(sysctl.o)
                0x00001af0                SysCtlPinPresent
 .text.SysCtlPeripheralPresent
                0x00001b04       0x28 ../external/drivers/lm3s8962/driverlib/arm-none-eabi-gcc/libdriver.a(sysctl.o)
                0x00001b04                SysCtlPeripheralPresent
 .text.SysCtlPeripheralReset
                0x00001b2c       0x44 ../external/drivers/lm3s8962/driverlib/arm-none-eabi-gcc/libdriver.a(sysctl.o)
                0x00001b2c                SysCtlPeripheralReset
 .text.SysCtlPeripheralEnable
                0x00001b70       0x24 ../external/drivers/lm3s8962/driverlib/arm-none-eabi-gcc/libdriver.a(sysctl.o)
                0x00001b70                SysCtlPeripheralEnable
 .text.SysCtlPeripheralDisable
                0x00001b94       0x24 ../external/drivers/lm3s8962/driverlib/arm-none-eabi-gcc/libdriver.a(sysctl.o)
                0x00001b94                SysCtlPeripheralDisable
 .text.SysCtlPeripheralSleepEnable
                0x00001bb8       0x24 ../external/drivers/lm3s8962/driverlib/arm-none-eabi-gcc/libdriver.a(sysctl.o)
                0x00001bb8                SysCtlPeripheralSleepEnable
 .text.SysCtlPeripheralSleepDisable
                0x00001bdc       0x24 ../external/drivers/lm3s8962/driverlib/arm-none-eabi-gcc/libdriver.a(sysctl.o)
                0x00001bdc                SysCtlPeripheralSleepDisable
 .text.SysCtlPeripheralDeepSleepEnable
                0x00001c00       0x24 ../external/drivers/lm3s8962/driverlib/arm-none-eabi-gcc/libdriver.a(sysctl.o)
                0x00001c00                SysCtlPeripheralDeepSleepEnable
 .text.SysCtlPeripheralDeepSleepDisable
                0x00001c24       0x24 ../external/drivers/lm3s8962/driverlib/arm-none-eabi-gcc/libdriver.a(sysctl.o)
                0x00001c24                SysCtlPeripheralDeepSleepDisable
 .text.SysCtlPeripheralClockGating
                0x00001c48       0x20 ../external/drivers/lm3s8962/driverlib/arm-none-eabi-gcc/libdriver.a(sysctl.o)
                0x00001c48                SysCtlPeripheralClockGating
 .text.SysCtlIntEnable
                0x00001c68       0x10 ../external/drivers/lm3s8962/driverlib/arm-none-eabi-gcc/libdriver.a(sysctl.o)
                0x00001c68                SysCtlIntEnable
 .text.SysCtlIntDisable
                0x00001c78       0x10 ../external/drivers/lm3s8962/driverlib/arm-none-eabi-gcc/libdriver.a(sysctl.o)
                0x00001c78                SysCtlIntDisable
 .text.SysCtlIntClear
                0x00001c88        0xc ../external/drivers/lm3s8962/driverlib/arm-none-eabi-gcc/libdriver.a(sysctl.o)
                0x00001c88                SysCtlIntClear
 .text.SysCtlIntStatus
                0x00001c94       0x18 ../external/drivers/lm3s8962/driverlib/arm-none-eabi-gcc/libdriver.a(sysctl.o)
                0x00001c94                SysCtlIntStatus
 .text.SysCtlLDOSet
                0x00001cac        0xc ../external/drivers/lm3s8962/driverlib/arm-none-eabi-gcc/libdriver.a(sysctl.o)
                0x00001cac                SysCtlLDOSet
 .text.SysCtlLDOGet
                0x00001cb8        0xc ../external/drivers/lm3s8962/driverlib/arm-none-eabi-gcc/libdriver.a(sysctl.o)
                0x00001cb8                SysCtlLDOGet
 .text.SysCtlLDOConfigSet
                0x00001cc4        0xc ../external/drivers/lm3s8962/driverlib/arm-none-eabi-gcc/libdriver.a(sysctl.o)
                0x00001cc4                SysCtlLDOConfigSet
 .text.SysCtlReset
                0x00001cd0       0x10 ../external/drivers/lm3s8962/driverlib/arm-none-eabi-gcc/libdriver.a(sysctl.o)
                0x00001cd0                SysCtlReset
 .text.SysCtlResetCauseGet
                0x00001ce0        0xc ../external/drivers/lm3s8962/driverlib/arm-none-eabi-gcc/libdriver.a(sysctl.o)
                0x00001ce0                SysCtlResetCauseGet
 .text.SysCtlResetCauseClear
                0x00001cec       0x10 ../external/drivers/lm3s8962/driverlib/arm-none-eabi-gcc/libdriver.a(sysctl.o)
                0x00001cec                SysCtlResetCauseClear
 .text.SysCtlBrownOutConfigSet
                0x00001cfc       0x10 ../external/drivers/lm3s8962/driverlib/arm-none-eabi-gcc/libdriver.a(sysctl.o)
                0x00001cfc                SysCtlBrownOutConfigSet
 .text.SysCtlDelay
                0x00001d0c        0x8 ../external/drivers/lm3s8962/driverlib/arm-none-eabi-gcc/libdriver.a(sysctl.o)
                0x00001d0c                SysCtlDelay
 .text.SysCtlClockSet
                0x00001d14      0x168 ../external/drivers/lm3s8962/driverlib/arm-none-eabi-gcc/libdriver.a(sysctl.o)
                0x00001d14                SysCtlClockSet
 .text.SysCtlClockGet
                0x00001e7c      0x150 ../external/drivers/lm3s8962/driverlib/arm-none-eabi-gcc/libdriver.a(sysctl.o)
                0x00001e7c                SysCtlClockGet
 .text.SysCtlPWMClockSet
                0x00001fcc       0x14 ../external/drivers/lm3s8962/driverlib/arm-none-eabi-gcc/libdriver.a(sysctl.o)
                0x00001fcc                SysCtlPWMClockSet
 .text.SysCtlPWMClockGet
                0x00001fe0       0x18 ../external/drivers/lm3s8962/driverlib/arm-none-eabi-gcc/libdriver.a(sysctl.o)
                0x00001fe0                SysCtlPWMClockGet
 .text.SysCtlADCSpeedSet
                0x00001ff8       0x34 ../external/drivers/lm3s8962/driverlib/arm-none-eabi-gcc/libdriver.a(sysctl.o)
                0x00001ff8                SysCtlADCSpeedSet
 .text.SysCtlADCSpeedGet
                0x0000202c       0x10 ../external/drivers/lm3s8962/driverlib/arm-none-eabi-gcc/libdriver.a(sysctl.o)
                0x0000202c                SysCtlADCSpeedGet
 .text.SysCtlIOSCVerificationSet
                0x0000203c       0x20 ../external/drivers/lm3s8962/driverlib/arm-none-eabi-gcc/libdriver.a(sysctl.o)
                0x0000203c                SysCtlIOSCVerificationSet
 .text.SysCtlMOSCVerificationSet
                0x0000205c       0x20 ../external/drivers/lm3s8962/driverlib/arm-none-eabi-gcc/libdriver.a(sysctl.o)
                0x0000205c                SysCtlMOSCVerificationSet
 .text.SysCtlPLLVerificationSet
                0x0000207c       0x20 ../external/drivers/lm3s8962/driverlib/arm-none-eabi-gcc/libdriver.a(sysctl.o)
                0x0000207c                SysCtlPLLVerificationSet
 .text.SysCtlClkVerificationClear
                0x0000209c       0x10 ../external/drivers/lm3s8962/driverlib/arm-none-eabi-gcc/libdriver.a(sysctl.o)
                0x0000209c                SysCtlClkVerificationClear
 .text.SysCtlGPIOAHBEnable
                0x000020ac       0x10 ../external/drivers/lm3s8962/driverlib/arm-none-eabi-gcc/libdriver.a(sysctl.o)
                0x000020ac                SysCtlGPIOAHBEnable
 .text.SysCtlGPIOAHBDisable
                0x000020bc       0x14 ../external/drivers/lm3s8962/driverlib/arm-none-eabi-gcc/libdriver.a(sysctl.o)
                0x000020bc                SysCtlGPIOAHBDisable
 .text.SysCtlUSBPLLEnable
                0x000020d0       0x10 ../external/drivers/lm3s8962/driverlib/arm-none-eabi-gcc/libdriver.a(sysctl.o)
                0x000020d0                SysCtlUSBPLLEnable
 .text.SysCtlUSBPLLDisable
                0x000020e0       0x10 ../external/drivers/lm3s8962/driverlib/arm-none-eabi-gcc/libdriver.a(sysctl.o)
                0x000020e0                SysCtlUSBPLLDisable
 .text.SysCtlDeepSleep
                0x000020f0       0x20 ../external/drivers/lm3s8962/driverlib/arm-none-eabi-gcc/libdriver.a(sysctl.o)
                0x000020f0                SysCtlDeepSleep
 .text.SysCtlSleep
                0x00002110        0x8 ../external/drivers/lm3s8962/driverlib/arm-none-eabi-gcc/libdriver.a(sysctl.o)
                0x00002110                SysCtlSleep
 .text.SysCtlIntUnregister
                0x00002118       0x10 ../external/drivers/lm3s8962/driverlib/arm-none-eabi-gcc/libdriver.a(sysctl.o)
                0x00002118                SysCtlIntUnregister
 .text.SysCtlIntRegister
                0x00002128       0x14 ../external/drivers/lm3s8962/driverlib/arm-none-eabi-gcc/libdriver.a(sysctl.o)
                0x00002128                SysCtlIntRegister
 .text          0x0000213c       0x14 ../external/drivers/lm3s8962/driverlib/arm-none-eabi-gcc/libdriver.a(cpu.o)
                0x0000213c                CPUcpsid
                0x0000214c                CPUwfi
                0x00002144                CPUcpsie
 *(.rodata*)
 .rodata        0x00002150       0x1c can_test_slave.o
 .rodata.g_pucRIT128x96x4VerticalInc
                0x0000216c        0x2 rit128x96x4.o
 .rodata.g_pucRIT128x96x4HorizontalInc
                0x0000216e        0x2 rit128x96x4.o
 .rodata.g_pucFont
                0x00002170      0x1e0 rit128x96x4.o
 .rodata.g_pucRIT128x96x4Init
                0x00002350       0x4f rit128x96x4.o
 .rodata.pucCommand2.1541
                0x0000239f        0x3 rit128x96x4.o
 .rodata.pucCommand1.1540
                0x000023a2        0x3 rit128x96x4.o
 .rodata.pucCommand1.1725
                0x000023a5        0x2 rit128x96x4.o
 *fill*         0x000023a7        0x1 00
 .rodata.g_pulPriority
                0x000023a8       0x20 ../external/drivers/lm3s8962/driverlib/arm-none-eabi-gcc/libdriver.a(interrupt.o)
 .rodata.g_pulRegs
                0x000023c8       0x40 ../external/drivers/lm3s8962/driverlib/arm-none-eabi-gcc/libdriver.a(interrupt.o)
 .rodata.g_pulDCRegs
                0x00002408       0x10 ../external/drivers/lm3s8962/driverlib/arm-none-eabi-gcc/libdriver.a(sysctl.o)
 .rodata.g_pulXtals
                0x00002418       0x5c ../external/drivers/lm3s8962/driverlib/arm-none-eabi-gcc/libdriver.a(sysctl.o)
 .rodata.g_pulDCGCRegs
                0x00002474        0xc ../external/drivers/lm3s8962/driverlib/arm-none-eabi-gcc/libdriver.a(sysctl.o)
 .rodata.g_pulRCGCRegs
                0x00002480        0xc ../external/drivers/lm3s8962/driverlib/arm-none-eabi-gcc/libdriver.a(sysctl.o)
 .rodata.g_pulSCGCRegs
                0x0000248c        0xc ../external/drivers/lm3s8962/driverlib/arm-none-eabi-gcc/libdriver.a(sysctl.o)
 .rodata.g_pulSRCRRegs
                0x00002498        0xc ../external/drivers/lm3s8962/driverlib/arm-none-eabi-gcc/libdriver.a(sysctl.o)
                0x000024a4                _etext = .

.glue_7         0x000024a4        0x0
 .glue_7        0x00000000        0x0 linker stubs

.glue_7t        0x000024a4        0x0
 .glue_7t       0x00000000        0x0 linker stubs

.vfp11_veneer   0x000024a4        0x0
 .vfp11_veneer  0x00000000        0x0 linker stubs

.v4_bx          0x000024a4        0x0
 .v4_bx         0x00000000        0x0 linker stubs

.data           0x20000000      0x100 load address 0x000024a4
                0x20000000                _data = .
 *(vtable)
 vtable         0x20000000      0x100 ../external/drivers/lm3s8962/driverlib/arm-none-eabi-gcc/libdriver.a(interrupt.o)
 *(.data*)
 .data          0x20000100        0x0 can_test_slave.o
 .data          0x20000100        0x0 rit128x96x4.o
 .data          0x20000100        0x0 startup.o
 .data          0x20000100        0x0 ../external/drivers/lm3s8962/driverlib/arm-none-eabi-gcc/libdriver.a(can.o)
 .data          0x20000100        0x0 ../external/drivers/lm3s8962/driverlib/arm-none-eabi-gcc/libdriver.a(gpio.o)
 .data          0x20000100        0x0 ../external/drivers/lm3s8962/driverlib/arm-none-eabi-gcc/libdriver.a(interrupt.o)
 .data          0x20000100        0x0 ../external/drivers/lm3s8962/driverlib/arm-none-eabi-gcc/libdriver.a(ssi.o)
 .data          0x20000100        0x0 ../external/drivers/lm3s8962/driverlib/arm-none-eabi-gcc/libdriver.a(sysctl.o)
 .data          0x20000100        0x0 ../external/drivers/lm3s8962/driverlib/arm-none-eabi-gcc/libdriver.a(cpu.o)
                0x20000100                _edata = .

.bss            0x20000100      0x11c load address 0x000025a4
                0x20000100                _bss = .
 *(.bss*)
 .bss           0x20000100        0x0 can_test_slave.o
 .bss           0x20000100        0x0 rit128x96x4.o
 .bss.ulGPIOId  0x20000100        0x4 rit128x96x4.o
                0x20000100                ulGPIOId
 .bss.ulGPIOBase
                0x20000104        0x4 rit128x96x4.o
                0x20000104                ulGPIOBase
 .bss.ulOLEDDC_PIN
                0x20000108        0x4 rit128x96x4.o
                0x20000108                ulOLEDDC_PIN
 .bss.ulOLEDEN_PIN
                0x2000010c        0x4 rit128x96x4.o
                0x2000010c                ulOLEDEN_PIN
 .bss.g_bSSIEnabled
                0x20000110        0x1 rit128x96x4.o
 .bss.g_pucBuffer
                0x20000111        0x8 rit128x96x4.o
 .bss           0x20000119        0x0 startup.o
 *fill*         0x20000119        0x3 00
 .bss.pulStack  0x2000011c      0x100 startup.o
 .bss           0x2000021c        0x0 ../external/drivers/lm3s8962/driverlib/arm-none-eabi-gcc/libdriver.a(can.o)
 .bss           0x2000021c        0x0 ../external/drivers/lm3s8962/driverlib/arm-none-eabi-gcc/libdriver.a(gpio.o)
 .bss           0x2000021c        0x0 ../external/drivers/lm3s8962/driverlib/arm-none-eabi-gcc/libdriver.a(interrupt.o)
 .bss           0x2000021c        0x0 ../external/drivers/lm3s8962/driverlib/arm-none-eabi-gcc/libdriver.a(ssi.o)
 .bss           0x2000021c        0x0 ../external/drivers/lm3s8962/driverlib/arm-none-eabi-gcc/libdriver.a(sysctl.o)
 .bss           0x2000021c        0x0 ../external/drivers/lm3s8962/driverlib/arm-none-eabi-gcc/libdriver.a(cpu.o)
 *(COMMON)
                0x2000021c                _ebss = .
OUTPUT(CanTestSlave.axf elf32-littlearm)

.debug_abbrev   0x00000000      0x258
 .debug_abbrev  0x00000000       0xc4 can_test_slave.o
 .debug_abbrev  0x000000c4       0xd9 rit128x96x4.o
 .debug_abbrev  0x0000019d       0xbb startup.o

.debug_info     0x00000000      0x75a
 .debug_info    0x00000000      0x1ec can_test_slave.o
 .debug_info    0x000001ec      0x457 rit128x96x4.o
 .debug_info    0x00000643      0x117 startup.o

.debug_line     0x00000000      0x2bc
 .debug_line    0x00000000       0x97 can_test_slave.o
 .debug_line    0x00000097      0x1b0 rit128x96x4.o
 .debug_line    0x00000247       0x75 startup.o

.debug_frame    0x00000000      0x1d4
 .debug_frame   0x00000000       0x30 can_test_slave.o
 .debug_frame   0x00000030      0x14c rit128x96x4.o
 .debug_frame   0x0000017c       0x58 startup.o

.debug_loc      0x00000000      0x272
 .debug_loc     0x00000000       0x39 can_test_slave.o
 .debug_loc     0x00000039      0x21a rit128x96x4.o
 .debug_loc     0x00000253       0x1f startup.o

.debug_pubnames
                0x00000000      0x157
 .debug_pubnames
                0x00000000       0x1b can_test_slave.o
 .debug_pubnames
                0x0000001b      0x10c rit128x96x4.o
 .debug_pubnames
                0x00000127       0x30 startup.o

.debug_aranges  0x00000000       0xc0
 .debug_aranges
                0x00000000       0x20 can_test_slave.o
 .debug_aranges
                0x00000020       0x68 rit128x96x4.o
 .debug_aranges
                0x00000088       0x38 startup.o

.debug_ranges   0x00000000       0xa8
 .debug_ranges  0x00000000       0x18 can_test_slave.o
 .debug_ranges  0x00000018       0x60 rit128x96x4.o
 .debug_ranges  0x00000078       0x30 startup.o

.debug_str      0x00000000      0x4f2
 .debug_str     0x00000000      0x29f can_test_slave.o
                                0x2ac (size before relaxing)
 .debug_str     0x0000029f      0x1e6 rit128x96x4.o
                                0x270 (size before relaxing)
 .debug_str     0x00000485       0x6d startup.o
                                 0xca (size before relaxing)

.comment        0x00000000      0x12b
 .comment       0x00000000       0x2b can_test_slave.o
 .comment       0x0000002b       0x2b rit128x96x4.o
 .comment       0x00000056       0x2b startup.o
 .comment       0x00000081       0x22 ../external/drivers/lm3s8962/driverlib/arm-none-eabi-gcc/libdriver.a(can.o)
 .comment       0x000000a3       0x22 ../external/drivers/lm3s8962/driverlib/arm-none-eabi-gcc/libdriver.a(gpio.o)
 .comment       0x000000c5       0x22 ../external/drivers/lm3s8962/driverlib/arm-none-eabi-gcc/libdriver.a(interrupt.o)
 .comment       0x000000e7       0x22 ../external/drivers/lm3s8962/driverlib/arm-none-eabi-gcc/libdriver.a(ssi.o)
 .comment       0x00000109       0x22 ../external/drivers/lm3s8962/driverlib/arm-none-eabi-gcc/libdriver.a(sysctl.o)

.ARM.attributes
                0x00000000       0x2f
 .ARM.attributes
                0x00000000       0x31 can_test_slave.o
 .ARM.attributes
                0x00000031       0x31 rit128x96x4.o
 .ARM.attributes
                0x00000062       0x31 startup.o
 .ARM.attributes
                0x00000093       0x31 ../external/drivers/lm3s8962/driverlib/arm-none-eabi-gcc/libdriver.a(can.o)
 .ARM.attributes
                0x000000c4       0x31 ../external/drivers/lm3s8962/driverlib/arm-none-eabi-gcc/libdriver.a(gpio.o)
 .ARM.attributes
                0x000000f5       0x31 ../external/drivers/lm3s8962/driverlib/arm-none-eabi-gcc/libdriver.a(interrupt.o)
 .ARM.attributes
                0x00000126       0x31 ../external/drivers/lm3s8962/driverlib/arm-none-eabi-gcc/libdriver.a(ssi.o)
 .ARM.attributes
                0x00000157       0x31 ../external/drivers/lm3s8962/driverlib/arm-none-eabi-gcc/libdriver.a(sysctl.o)
 .ARM.attributes
                0x00000188       0x21 ../external/drivers/lm3s8962/driverlib/arm-none-eabi-gcc/libdriver.a(cpu.o)
